MPLINK 5.00, LINKER
Linker Map File - Created Sun Feb 13 15:47:25 2022

                                 Section Info
                  Section       Type    Address   Location Size(Bytes)
                ---------  ---------  ---------  ---------  ---------
               _entry_scn       code   0x000000    program   0x000006
       .code__user_putc.o       code   0x000006    program   0x000002
               HighVector       code   0x000008    program   0x003b8c
                   .cinit    romdata   0x003b94    program   0x00001a
         .code_vfprintf.o       code   0x003bae    program   0x000c22
                   STRING       code   0x0047d0    program   0x000238
                   STDLIB       code   0x004a08    program   0x0000ea
             .stringtable    romdata   0x004af2    program   0x0000e7
      .idata_fxd3232u.o_i    romdata   0x004bd9    program   0x000000
      .romdata_fxd3232u.o    romdata   0x004bd9    program   0x000000
        .idata_t0open.o_i    romdata   0x004bd9    program   0x000000
        .idata_t1open.o_i    romdata   0x004bd9    program   0x000000
        .idata_u1defs.o_i    romdata   0x004bd9    program   0x000000
       .romdata_u1write.o    romdata   0x004bd9    program   0x000000
       .idata_u2write.o_i    romdata   0x004bd9    program   0x000000
        .idata_u2defs.o_i    romdata   0x004bd9    program   0x000000
       .romdata_t0write.o    romdata   0x004bd9    program   0x000000
       .romdata_t1write.o    romdata   0x004bd9    program   0x000000
       .romdata_sprintf.o    romdata   0x004bd9    program   0x000000
          .idata_putc.o_i    romdata   0x004bd9    program   0x000000
    .idata__user_putc.o_i    romdata   0x004bd9    program   0x000000
    .romdata__user_putc.o    romdata   0x004bd9    program   0x000000
         .idata_c018i.o_i    romdata   0x004bd9    program   0x000000
         .romdata_c018i.o    romdata   0x004bd9    program   0x000000
         .romdata_main2.o    romdata   0x004bd9    program   0x000000
        .romdata_u2open.o    romdata   0x004bd9    program   0x000000
       .idata_write_B.o_i    romdata   0x004bd9    program   0x000000
       .romdata_write_B.o    romdata   0x004bd9    program   0x000000
          .code_sprintf.o       code   0x004bda    program   0x0000ac
            .code_main2.o       code   0x004bda    program   0x000000
           .code_u2defs.o       code   0x004bda    program   0x000000
                     PROG       code   0x004c86    program   0x0000a6
               _cinit_scn       code   0x004d2c    program   0x00009e
             .code_putc.o       code   0x004dca    program   0x000084
           .code_u2open.o       code   0x004e4e    program   0x000072
          .code_fxm3232.o       code   0x004ec0    program   0x000070
          .code_write_B.o       code   0x004f30    program   0x00005e
           .code_t1open.o       code   0x004f8e    program   0x000054
         .code_fxd3232u.o       code   0x004fe2    program   0x000048
          .code_t1write.o       code   0x00502a    program   0x000038
          .code_t0write.o       code   0x005062    program   0x000038
           .code_t0open.o       code   0x00509a    program   0x000038
          .code_u2write.o       code   0x0050d2    program   0x00002e
          .code_u1write.o       code   0x005100    program   0x00002e
         .code_fxd1616u.o       code   0x00512e    program   0x00002c
                    CTYPE       code   0x00515a    program   0x000024
                    .code       code   0x00517e    program   0x000020
             _startup_scn       code   0x00519e    program   0x00001c
                    STDIO       code   0x0051ba    program   0x00001c
             D100TCYXCODE       code   0x0051d6    program   0x00001c
      .romdata_vfprintf.o    romdata   0x0051f2    program   0x000011
      .idata_fxd1616u.o_i    romdata   0x005203    program   0x000000
       .idata_fxm3232.o_i    romdata   0x005203    program   0x000000
       .romdata_fxm3232.o    romdata   0x005203    program   0x000000
          .romdata_putc.o    romdata   0x005203    program   0x000000
      .idata_busy_eep.o_i    romdata   0x005203    program   0x000000
      .idata_vfprintf.o_i    romdata   0x005203    program   0x000000
      .romdata_fxd1616u.o    romdata   0x005203    program   0x000000
      .romdata_busy_eep.o    romdata   0x005203    program   0x000000
       .idata_sprintf.o_i    romdata   0x005203    program   0x000000
        .romdata___init.o    romdata   0x005203    program   0x000000
       .idata_u1write.o_i    romdata   0x005203    program   0x000000
       .romdata_u2write.o    romdata   0x005203    program   0x000000
        .romdata_u1defs.o    romdata   0x005203    program   0x000000
        .romdata_u2defs.o    romdata   0x005203    program   0x000000
       .idata_t0write.o_i    romdata   0x005203    program   0x000000
        .romdata_t1open.o    romdata   0x005203    program   0x000000
        .idata_u2open.o_i    romdata   0x005203    program   0x000000
       .idata_t1write.o_i    romdata   0x005203    program   0x000000
        .romdata_t0open.o    romdata   0x005203    program   0x000000
        .idata___init.o_i    romdata   0x005203    program   0x000000
         .code_busy_eep.o       code   0x005204    program   0x000006
           .code_u1defs.o       code   0x005204    program   0x000000
            .code_c018i.o       code   0x005204    program   0x000000
           .code___init.o       code   0x00520a    program   0x000002
                  IDATA_i    romdata   0x00520c    program   0x0002b3
         .idata_main2.o_i    romdata   0x0054bf    program   0x000004
   .config_300000_main2.o    romdata   0x300000    program   0x000001
   .config_300001_main2.o    romdata   0x300001    program   0x000001
   .config_300003_main2.o    romdata   0x300003    program   0x000001
                MATH_DATA      udata   0x000000       data   0x000014
                 .tmpdata      udata   0x000014       data   0x00000c
            MyHighISR_tmp      udata   0x000020       data   0x000002
                DELAYDAT1      udata   0x000022       data   0x000001
           .udata_main2.o      udata   0x000060       data   0x000068
           .udata_c018i.o      udata   0x0000c8       data   0x00000a
           .idata_main2.o      idata   0x0000d2       data   0x000004
          .udata_u2defs.o      udata   0x0000d6       data   0x000001
          .udata_u1defs.o      udata   0x0000d7       data   0x000001
         .idata_t0write.o      idata   0x0000d8       data   0x000000
         .udata_t0write.o      udata   0x0000d8       data   0x000000
          .idata_u2defs.o      idata   0x0000d8       data   0x000000
         .idata_u2write.o      idata   0x0000d8       data   0x000000
         .udata_u2write.o      udata   0x0000d8       data   0x000000
         .idata_u1write.o      idata   0x0000d8       data   0x000000
         .udata_u1write.o      udata   0x0000d8       data   0x000000
          .idata_u1defs.o      idata   0x0000d8       data   0x000000
          .idata_t1open.o      idata   0x0000d8       data   0x000000
         .udata_t1write.o      udata   0x0000d8       data   0x000000
         .idata_t1write.o      idata   0x0000d8       data   0x000000
          .udata___init.o      udata   0x0000d8       data   0x000000
          .idata___init.o      idata   0x0000d8       data   0x000000
         .udata_sprintf.o      udata   0x0000d8       data   0x000000
         .idata_sprintf.o      idata   0x0000d8       data   0x000000
        .udata_vfprintf.o      udata   0x0000d8       data   0x000000
        .idata_vfprintf.o      idata   0x0000d8       data   0x000000
            .udata_putc.o      udata   0x0000d8       data   0x000000
            .idata_putc.o      idata   0x0000d8       data   0x000000
      .udata__user_putc.o      udata   0x0000d8       data   0x000000
      .idata__user_putc.o      idata   0x0000d8       data   0x000000
          .udata_u2open.o      udata   0x0000d8       data   0x000000
          .idata_u2open.o      idata   0x0000d8       data   0x000000
         .udata_write_B.o      udata   0x0000d8       data   0x000000
         .idata_write_B.o      idata   0x0000d8       data   0x000000
        .idata_busy_eep.o      idata   0x0000d8       data   0x000000
        .udata_busy_eep.o      udata   0x0000d8       data   0x000000
           .idata_c018i.o      idata   0x0000d8       data   0x000000
        .udata_fxd1616u.o      udata   0x0000d8       data   0x000000
        .idata_fxd1616u.o      idata   0x0000d8       data   0x000000
        .udata_fxd3232u.o      udata   0x0000d8       data   0x000000
        .idata_fxd3232u.o      idata   0x0000d8       data   0x000000
         .udata_fxm3232.o      udata   0x0000d8       data   0x000000
         .idata_fxm3232.o      idata   0x0000d8       data   0x000000
          .udata_t0open.o      udata   0x0000d8       data   0x000000
          .idata_t0open.o      idata   0x0000d8       data   0x000000
          .udata_t1open.o      udata   0x0000d8       data   0x000000
                  BIGDATA      udata   0x000100       data   0x000661
                 UARTDATA      udata   0x000761       data   0x00016d
                    IDATA      idata   0x000a00       data   0x0002b3
                   .stack      udata   0x000d00       data   0x000100
              SFR_BANKED0      udata   0x000e41       data   0x0000bf
              SFR_BANKED1      udata   0x000f00       data   0x000040
              SFR_BANKED2      udata   0x000f47       data   0x000019
            SFR_UNBANKED0      udata   0x000f60       data   0x0000a0



                              Program Memory Usage 
                               Start         End      
                           ---------   ---------      
                            0x000000    0x004bd8      
                            0x004bda    0x005202      
                            0x005204    0x0054c2      
                            0x300000    0x300001      
                            0x300003    0x300003      
            21700 out of 33816 program addresses used, program memory utilization is 64%



                              Symbols - Sorted by Name
                     Name    Address   Location    Storage File                     
                ---------  ---------  ---------  --------- ---------                
                 ArmUnits   0x00239c    program     extern C:\Users\pete\OneDrive\Documents\GitHub\FiringSystem\HandControllerTriggerPortorCue\main2.c
                    Blink   0x002508    program     extern C:\Users\pete\OneDrive\Documents\GitHub\FiringSystem\HandControllerTriggerPortorCue\main2.c
                  BlinkNG   0x002500    program     extern C:\Users\pete\OneDrive\Documents\GitHub\FiringSystem\HandControllerTriggerPortorCue\main2.c
                  BlinkOK   0x0024f8    program     extern C:\Users\pete\OneDrive\Documents\GitHub\FiringSystem\HandControllerTriggerPortorCue\main2.c
                Broadcast   0x001c22    program     extern C:\Users\pete\OneDrive\Documents\GitHub\FiringSystem\HandControllerTriggerPortorCue\main2.c
            BroadcastTime   0x0022e6    program     extern C:\Users\pete\OneDrive\Documents\GitHub\FiringSystem\HandControllerTriggerPortorCue\main2.c
    BumpSendMessageNumber   0x001866    program     extern C:\Users\pete\OneDrive\Documents\GitHub\FiringSystem\HandControllerTriggerPortorCue\main2.c
                 Busy_eep   0x005204    program     extern C:\Users\pete\OneDrive\Documents\GitHub\FiringSystem\HandControllerTriggerPortorCue\busy_eep.c
               CheckDigit   0x001c8e    program     extern C:\Users\pete\OneDrive\Documents\GitHub\FiringSystem\HandControllerTriggerPortorCue\main2.c
              CheckTimer1   0x003456    program     extern C:\Users\pete\OneDrive\Documents\GitHub\FiringSystem\HandControllerTriggerPortorCue\main2.c
                   D100_1   0x0051e4    program     static E:\3.46\pic18-lt\cxx-framework\src\traditional\delays\d100tcyx.asm
                    D100x   0x0051e2    program     static E:\3.46\pic18-lt\cxx-framework\src\traditional\delays\d100tcyx.asm
                   D1616S   0x004ca8    program     static E:\3.46\pic18-lt\cxx-framework\src\traditional\math\fxd1616s.asm
                D1616SNEG   0x004cb6    program     static E:\3.46\pic18-lt\cxx-framework\src\traditional\math\fxd1616s.asm
                 D1616SOK   0x004cb2    program     static E:\3.46\pic18-lt\cxx-framework\src\traditional\math\fxd1616s.asm
                  D1616SX   0x004cc8    program     static E:\3.46\pic18-lt\cxx-framework\src\traditional\math\fxd1616s.asm
                  DA1616S   0x004c98    program     static E:\3.46\pic18-lt\cxx-framework\src\traditional\math\fxd1616s.asm
            DataRdyUSART1   0x00072e    program     extern C:\Users\pete\OneDrive\Documents\GitHub\FiringSystem\HandControllerTriggerPortorCue\cranwellP18F25K80.h
             Delay100TCYx   0x0051d6    program     extern E:\3.46\pic18-lt\cxx-framework\src\traditional\delays\d100tcyx.asm
                  DelayMS   0x00074a    program     extern C:\Users\pete\OneDrive\Documents\GitHub\FiringSystem\HandControllerTriggerPortorCue\cranwellP18F25K80.h
              DisArmUnits   0x002434    program     extern C:\Users\pete\OneDrive\Documents\GitHub\FiringSystem\HandControllerTriggerPortorCue\main2.c
                 FXD1616S   0x004c86    program     extern E:\3.46\pic18-lt\cxx-framework\src\traditional\math\fxd1616s.asm
                 FXD1616U   0x00512e    program     extern E:\3.46\pic18-lt\cxx-framework\src\traditional\math\fxd1616u.c
                 FXD3232U   0x004fe2    program     extern E:\3.46\pic18-lt\cxx-framework\src\traditional\math\fxd3232u.c
                 FXM1616S   0x004cd2    program     extern E:\3.46\pic18-lt\cxx-framework\src\traditional\math\fxm1616s.asm
                  FXM3232   0x004ec0    program     extern E:\3.46\pic18-lt\cxx-framework\src\traditional\math\fxm3232.c
                 FastPoll   0x0026fe    program     extern C:\Users\pete\OneDrive\Documents\GitHub\FiringSystem\HandControllerTriggerPortorCue\main2.c
                  FireCue   0x00333e    program     extern C:\Users\pete\OneDrive\Documents\GitHub\FiringSystem\HandControllerTriggerPortorCue\main2.c
                 FirePort   0x00392a    program     extern C:\Users\pete\OneDrive\Documents\GitHub\FiringSystem\HandControllerTriggerPortorCue\main2.c
               GetCommand   0x001f06    program     extern C:\Users\pete\OneDrive\Documents\GitHub\FiringSystem\HandControllerTriggerPortorCue\main2.c
                GetKeypad   0x003124    program     extern C:\Users\pete\OneDrive\Documents\GitHub\FiringSystem\HandControllerTriggerPortorCue\main2.c
       GetNextUnitAndPort   0x003788    program     extern C:\Users\pete\OneDrive\Documents\GitHub\FiringSystem\HandControllerTriggerPortorCue\main2.c
           GetPedalStatus   0x0024c8    program     extern C:\Users\pete\OneDrive\Documents\GitHub\FiringSystem\HandControllerTriggerPortorCue\main2.c
                 GetPin10   0x000a36    program     extern C:\Users\pete\OneDrive\Documents\GitHub\FiringSystem\HandControllerTriggerPortorCue\cranwellP18F25K80.h
                 GetPin11   0x000a68    program     extern C:\Users\pete\OneDrive\Documents\GitHub\FiringSystem\HandControllerTriggerPortorCue\cranwellP18F25K80.h
                 GetPin12   0x000a9a    program     extern C:\Users\pete\OneDrive\Documents\GitHub\FiringSystem\HandControllerTriggerPortorCue\cranwellP18F25K80.h
                 GetPin13   0x000acc    program     extern C:\Users\pete\OneDrive\Documents\GitHub\FiringSystem\HandControllerTriggerPortorCue\cranwellP18F25K80.h
                 GetPin14   0x000afe    program     extern C:\Users\pete\OneDrive\Documents\GitHub\FiringSystem\HandControllerTriggerPortorCue\cranwellP18F25K80.h
                 GetPin15   0x000b30    program     extern C:\Users\pete\OneDrive\Documents\GitHub\FiringSystem\HandControllerTriggerPortorCue\cranwellP18F25K80.h
                 GetPin16   0x000b62    program     extern C:\Users\pete\OneDrive\Documents\GitHub\FiringSystem\HandControllerTriggerPortorCue\cranwellP18F25K80.h
                  GetPin2   0x0008a8    program     extern C:\Users\pete\OneDrive\Documents\GitHub\FiringSystem\HandControllerTriggerPortorCue\cranwellP18F25K80.h
                 GetPin21   0x000b94    program     extern C:\Users\pete\OneDrive\Documents\GitHub\FiringSystem\HandControllerTriggerPortorCue\cranwellP18F25K80.h
                 GetPin22   0x000bc6    program     extern C:\Users\pete\OneDrive\Documents\GitHub\FiringSystem\HandControllerTriggerPortorCue\cranwellP18F25K80.h
                 GetPin23   0x000bf8    program     extern C:\Users\pete\OneDrive\Documents\GitHub\FiringSystem\HandControllerTriggerPortorCue\cranwellP18F25K80.h
                 GetPin24   0x000c2a    program     extern C:\Users\pete\OneDrive\Documents\GitHub\FiringSystem\HandControllerTriggerPortorCue\cranwellP18F25K80.h
                 GetPin25   0x000c5c    program     extern C:\Users\pete\OneDrive\Documents\GitHub\FiringSystem\HandControllerTriggerPortorCue\cranwellP18F25K80.h
                 GetPin26   0x000c8e    program     extern C:\Users\pete\OneDrive\Documents\GitHub\FiringSystem\HandControllerTriggerPortorCue\cranwellP18F25K80.h
                 GetPin27   0x000cc0    program     extern C:\Users\pete\OneDrive\Documents\GitHub\FiringSystem\HandControllerTriggerPortorCue\cranwellP18F25K80.h
                 GetPin28   0x000cf2    program     extern C:\Users\pete\OneDrive\Documents\GitHub\FiringSystem\HandControllerTriggerPortorCue\cranwellP18F25K80.h
                  GetPin3   0x0008e6    program     extern C:\Users\pete\OneDrive\Documents\GitHub\FiringSystem\HandControllerTriggerPortorCue\cranwellP18F25K80.h
                  GetPin4   0x000924    program     extern C:\Users\pete\OneDrive\Documents\GitHub\FiringSystem\HandControllerTriggerPortorCue\cranwellP18F25K80.h
                  GetPin5   0x000962    program     extern C:\Users\pete\OneDrive\Documents\GitHub\FiringSystem\HandControllerTriggerPortorCue\cranwellP18F25K80.h
                  GetPin6   0x0009a0    program     extern C:\Users\pete\OneDrive\Documents\GitHub\FiringSystem\HandControllerTriggerPortorCue\cranwellP18F25K80.h
                  GetPin7   0x0009d2    program     extern C:\Users\pete\OneDrive\Documents\GitHub\FiringSystem\HandControllerTriggerPortorCue\cranwellP18F25K80.h
                  GetPin9   0x000a04    program     extern C:\Users\pete\OneDrive\Documents\GitHub\FiringSystem\HandControllerTriggerPortorCue\cranwellP18F25K80.h
                GetSubcmd   0x003afa    program     extern C:\Users\pete\OneDrive\Documents\GitHub\FiringSystem\HandControllerTriggerPortorCue\main2.c
        GetTriggerCommand   0x003804    program     extern C:\Users\pete\OneDrive\Documents\GitHub\FiringSystem\HandControllerTriggerPortorCue\main2.c
              GlobalReset   0x00264e    program     extern C:\Users\pete\OneDrive\Documents\GitHub\FiringSystem\HandControllerTriggerPortorCue\main2.c
               HighVector   0x000008    program     extern C:\Users\pete\OneDrive\Documents\GitHub\FiringSystem\HandControllerTriggerPortorCue\cranwellP18F25K80.h
           InitializeData   0x001df4    program     extern C:\Users\pete\OneDrive\Documents\GitHub\FiringSystem\HandControllerTriggerPortorCue\main2.c
       InitializeHardware   0x0024e0    program     extern C:\Users\pete\OneDrive\Documents\GitHub\FiringSystem\HandControllerTriggerPortorCue\main2.c
                  IntToCh   0x0017f4    program     extern C:\Users\pete\OneDrive\Documents\GitHub\FiringSystem\HandControllerTriggerPortorCue\main2.c
                 LCDClear   0x00084c    program     extern C:\Users\pete\OneDrive\Documents\GitHub\FiringSystem\HandControllerTriggerPortorCue\cranwellP18F25K80.h
                    LCDON   0x000832    program     extern C:\Users\pete\OneDrive\Documents\GitHub\FiringSystem\HandControllerTriggerPortorCue\cranwellP18F25K80.h
                 LCDReset   0x000866    program     extern C:\Users\pete\OneDrive\Documents\GitHub\FiringSystem\HandControllerTriggerPortorCue\cranwellP18F25K80.h
                 LoadShow   0x002588    program     extern C:\Users\pete\OneDrive\Documents\GitHub\FiringSystem\HandControllerTriggerPortorCue\main2.c
                MyHighISR   0x00001e    program     extern C:\Users\pete\OneDrive\Documents\GitHub\FiringSystem\HandControllerTriggerPortorCue\cranwellP18F25K80.h
             Myputs2USART   0x0007c6    program     extern C:\Users\pete\OneDrive\Documents\GitHub\FiringSystem\HandControllerTriggerPortorCue\cranwellP18F25K80.h
    Open1USARTpic18f25k80   0x000566    program     extern C:\Users\pete\OneDrive\Documents\GitHub\FiringSystem\HandControllerTriggerPortorCue\cranwellP18F25K80.h
               Open2USART   0x004e4e    program     extern C:\Users\pete\OneDrive\Documents\GitHub\FiringSystem\HandControllerTriggerPortorCue\u2open.c
    Open2USARTpic18f25k80   0x00058c    program     extern C:\Users\pete\OneDrive\Documents\GitHub\FiringSystem\HandControllerTriggerPortorCue\cranwellP18F25K80.h
               OpenTimer0   0x00509a    program     extern E:\3.46\pic18-lt\cxx-framework\src\pmc_common\Timers\t0open.c
               OpenTimer1   0x004f8e    program     extern E:\3.46\pic18-lt\cxx-framework\src\pmc_common\Timers\t1open.c
                Pin10HIGH   0x000a1a    program     extern C:\Users\pete\OneDrive\Documents\GitHub\FiringSystem\HandControllerTriggerPortorCue\cranwellP18F25K80.h
                 Pin10LOW   0x000a28    program     extern C:\Users\pete\OneDrive\Documents\GitHub\FiringSystem\HandControllerTriggerPortorCue\cranwellP18F25K80.h
                Pin11HIGH   0x000a4c    program     extern C:\Users\pete\OneDrive\Documents\GitHub\FiringSystem\HandControllerTriggerPortorCue\cranwellP18F25K80.h
                 Pin11LOW   0x000a5a    program     extern C:\Users\pete\OneDrive\Documents\GitHub\FiringSystem\HandControllerTriggerPortorCue\cranwellP18F25K80.h
                Pin12HIGH   0x000a7e    program     extern C:\Users\pete\OneDrive\Documents\GitHub\FiringSystem\HandControllerTriggerPortorCue\cranwellP18F25K80.h
                 Pin12LOW   0x000a8c    program     extern C:\Users\pete\OneDrive\Documents\GitHub\FiringSystem\HandControllerTriggerPortorCue\cranwellP18F25K80.h
                Pin13HIGH   0x000ab0    program     extern C:\Users\pete\OneDrive\Documents\GitHub\FiringSystem\HandControllerTriggerPortorCue\cranwellP18F25K80.h
                 Pin13LOW   0x000abe    program     extern C:\Users\pete\OneDrive\Documents\GitHub\FiringSystem\HandControllerTriggerPortorCue\cranwellP18F25K80.h
                Pin14HIGH   0x000ae2    program     extern C:\Users\pete\OneDrive\Documents\GitHub\FiringSystem\HandControllerTriggerPortorCue\cranwellP18F25K80.h
                 Pin14LOW   0x000af0    program     extern C:\Users\pete\OneDrive\Documents\GitHub\FiringSystem\HandControllerTriggerPortorCue\cranwellP18F25K80.h
                Pin15HIGH   0x000b14    program     extern C:\Users\pete\OneDrive\Documents\GitHub\FiringSystem\HandControllerTriggerPortorCue\cranwellP18F25K80.h
                 Pin15LOW   0x000b22    program     extern C:\Users\pete\OneDrive\Documents\GitHub\FiringSystem\HandControllerTriggerPortorCue\cranwellP18F25K80.h
                Pin16HIGH   0x000b46    program     extern C:\Users\pete\OneDrive\Documents\GitHub\FiringSystem\HandControllerTriggerPortorCue\cranwellP18F25K80.h
                 Pin16LOW   0x000b54    program     extern C:\Users\pete\OneDrive\Documents\GitHub\FiringSystem\HandControllerTriggerPortorCue\cranwellP18F25K80.h
                Pin21HIGH   0x000b78    program     extern C:\Users\pete\OneDrive\Documents\GitHub\FiringSystem\HandControllerTriggerPortorCue\cranwellP18F25K80.h
                 Pin21LOW   0x000b86    program     extern C:\Users\pete\OneDrive\Documents\GitHub\FiringSystem\HandControllerTriggerPortorCue\cranwellP18F25K80.h
                Pin22HIGH   0x000baa    program     extern C:\Users\pete\OneDrive\Documents\GitHub\FiringSystem\HandControllerTriggerPortorCue\cranwellP18F25K80.h
                 Pin22LOW   0x000bb8    program     extern C:\Users\pete\OneDrive\Documents\GitHub\FiringSystem\HandControllerTriggerPortorCue\cranwellP18F25K80.h
                Pin23HIGH   0x000bdc    program     extern C:\Users\pete\OneDrive\Documents\GitHub\FiringSystem\HandControllerTriggerPortorCue\cranwellP18F25K80.h
                 Pin23LOW   0x000bea    program     extern C:\Users\pete\OneDrive\Documents\GitHub\FiringSystem\HandControllerTriggerPortorCue\cranwellP18F25K80.h
                Pin24HIGH   0x000c0e    program     extern C:\Users\pete\OneDrive\Documents\GitHub\FiringSystem\HandControllerTriggerPortorCue\cranwellP18F25K80.h
                 Pin24LOW   0x000c1c    program     extern C:\Users\pete\OneDrive\Documents\GitHub\FiringSystem\HandControllerTriggerPortorCue\cranwellP18F25K80.h
                Pin25HIGH   0x000c40    program     extern C:\Users\pete\OneDrive\Documents\GitHub\FiringSystem\HandControllerTriggerPortorCue\cranwellP18F25K80.h
                 Pin25LOW   0x000c4e    program     extern C:\Users\pete\OneDrive\Documents\GitHub\FiringSystem\HandControllerTriggerPortorCue\cranwellP18F25K80.h
                Pin26HIGH   0x000c72    program     extern C:\Users\pete\OneDrive\Documents\GitHub\FiringSystem\HandControllerTriggerPortorCue\cranwellP18F25K80.h
                 Pin26LOW   0x000c80    program     extern C:\Users\pete\OneDrive\Documents\GitHub\FiringSystem\HandControllerTriggerPortorCue\cranwellP18F25K80.h
                Pin27HIGH   0x000ca4    program     extern C:\Users\pete\OneDrive\Documents\GitHub\FiringSystem\HandControllerTriggerPortorCue\cranwellP18F25K80.h
                 Pin27LOW   0x000cb2    program     extern C:\Users\pete\OneDrive\Documents\GitHub\FiringSystem\HandControllerTriggerPortorCue\cranwellP18F25K80.h
                Pin28HIGH   0x000cd6    program     extern C:\Users\pete\OneDrive\Documents\GitHub\FiringSystem\HandControllerTriggerPortorCue\cranwellP18F25K80.h
                 Pin28LOW   0x000ce4    program     extern C:\Users\pete\OneDrive\Documents\GitHub\FiringSystem\HandControllerTriggerPortorCue\cranwellP18F25K80.h
                 Pin2HIGH   0x000880    program     extern C:\Users\pete\OneDrive\Documents\GitHub\FiringSystem\HandControllerTriggerPortorCue\cranwellP18F25K80.h
                  Pin2LOW   0x000894    program     extern C:\Users\pete\OneDrive\Documents\GitHub\FiringSystem\HandControllerTriggerPortorCue\cranwellP18F25K80.h
                 Pin3HIGH   0x0008be    program     extern C:\Users\pete\OneDrive\Documents\GitHub\FiringSystem\HandControllerTriggerPortorCue\cranwellP18F25K80.h
                  Pin3LOW   0x0008d2    program     extern C:\Users\pete\OneDrive\Documents\GitHub\FiringSystem\HandControllerTriggerPortorCue\cranwellP18F25K80.h
                 Pin4HIGH   0x0008fc    program     extern C:\Users\pete\OneDrive\Documents\GitHub\FiringSystem\HandControllerTriggerPortorCue\cranwellP18F25K80.h
                  Pin4LOW   0x000910    program     extern C:\Users\pete\OneDrive\Documents\GitHub\FiringSystem\HandControllerTriggerPortorCue\cranwellP18F25K80.h
                 Pin5HIGH   0x00093a    program     extern C:\Users\pete\OneDrive\Documents\GitHub\FiringSystem\HandControllerTriggerPortorCue\cranwellP18F25K80.h
                  Pin5LOW   0x00094e    program     extern C:\Users\pete\OneDrive\Documents\GitHub\FiringSystem\HandControllerTriggerPortorCue\cranwellP18F25K80.h
                 Pin6HIGH   0x000978    program     extern C:\Users\pete\OneDrive\Documents\GitHub\FiringSystem\HandControllerTriggerPortorCue\cranwellP18F25K80.h
                  Pin6LOW   0x00098c    program     extern C:\Users\pete\OneDrive\Documents\GitHub\FiringSystem\HandControllerTriggerPortorCue\cranwellP18F25K80.h
                 Pin7HIGH   0x0009b6    program     extern C:\Users\pete\OneDrive\Documents\GitHub\FiringSystem\HandControllerTriggerPortorCue\cranwellP18F25K80.h
                  Pin7LOW   0x0009c4    program     extern C:\Users\pete\OneDrive\Documents\GitHub\FiringSystem\HandControllerTriggerPortorCue\cranwellP18F25K80.h
                 Pin9HIGH   0x0009e8    program     extern C:\Users\pete\OneDrive\Documents\GitHub\FiringSystem\HandControllerTriggerPortorCue\cranwellP18F25K80.h
                  Pin9LOW   0x0009f6    program     extern C:\Users\pete\OneDrive\Documents\GitHub\FiringSystem\HandControllerTriggerPortorCue\cranwellP18F25K80.h
                  PinHIGH   0x000d08    program     extern C:\Users\pete\OneDrive\Documents\GitHub\FiringSystem\HandControllerTriggerPortorCue\cranwellP18F25K80.h
                   PinLOW   0x000e64    program     extern C:\Users\pete\OneDrive\Documents\GitHub\FiringSystem\HandControllerTriggerPortorCue\cranwellP18F25K80.h
                  PinTest   0x000fc0    program     extern C:\Users\pete\OneDrive\Documents\GitHub\FiringSystem\HandControllerTriggerPortorCue\cranwellP18F25K80.h
                ResetLEDs   0x002f8e    program     extern C:\Users\pete\OneDrive\Documents\GitHub\FiringSystem\HandControllerTriggerPortorCue\main2.c
              ResetTimer0   0x0002a6    program     extern C:\Users\pete\OneDrive\Documents\GitHub\FiringSystem\HandControllerTriggerPortorCue\cranwellP18F25K80.h
              ResetTimer1   0x000414    program     extern C:\Users\pete\OneDrive\Documents\GitHub\FiringSystem\HandControllerTriggerPortorCue\cranwellP18F25K80.h
                   Scroll   0x0034c2    program     extern C:\Users\pete\OneDrive\Documents\GitHub\FiringSystem\HandControllerTriggerPortorCue\main2.c
                  SendLCD   0x001ed2    program     extern C:\Users\pete\OneDrive\Documents\GitHub\FiringSystem\HandControllerTriggerPortorCue\main2.c
                 SlowPoll   0x002b40    program     extern C:\Users\pete\OneDrive\Documents\GitHub\FiringSystem\HandControllerTriggerPortorCue\main2.c
             StartSession   0x002f9e    program     extern C:\Users\pete\OneDrive\Documents\GitHub\FiringSystem\HandControllerTriggerPortorCue\main2.c
              StartTimer0   0x00012a    program     extern C:\Users\pete\OneDrive\Documents\GitHub\FiringSystem\HandControllerTriggerPortorCue\cranwellP18F25K80.h
              StartTimer1   0x000136    program     extern C:\Users\pete\OneDrive\Documents\GitHub\FiringSystem\HandControllerTriggerPortorCue\cranwellP18F25K80.h
               StartUnits   0x0030d6    program     extern C:\Users\pete\OneDrive\Documents\GitHub\FiringSystem\HandControllerTriggerPortorCue\main2.c
               TSIGN1616A   0x004d1e    program     static E:\3.46\pic18-lt\cxx-framework\src\traditional\math\fxm1616s.asm
              Transaction   0x001948    program     extern C:\Users\pete\OneDrive\Documents\GitHub\FiringSystem\HandControllerTriggerPortorCue\main2.c
               TriggerCue   0x003a5c    program     extern C:\Users\pete\OneDrive\Documents\GitHub\FiringSystem\HandControllerTriggerPortorCue\main2.c
              TriggerPort   0x0039c4    program     extern C:\Users\pete\OneDrive\Documents\GitHub\FiringSystem\HandControllerTriggerPortorCue\main2.c
               Wait2USART   0x00073c    program     extern C:\Users\pete\OneDrive\Documents\GitHub\FiringSystem\HandControllerTriggerPortorCue\cranwellP18F25K80.h
              Write1USART   0x005100    program     extern E:\3.46\pic18-lt\cxx-framework\src\pmc_common\USART\u1write.c
              Write2USART   0x0050d2    program     extern E:\3.46\pic18-lt\cxx-framework\src\pmc_common\USART\u2write.c
                WriteOLED   0x003476    program     extern C:\Users\pete\OneDrive\Documents\GitHub\FiringSystem\HandControllerTriggerPortorCue\main2.c
              WriteTimer0   0x005062    program     extern E:\3.46\pic18-lt\cxx-framework\src\pmc_common\Timers\t0write.c
              WriteTimer1   0x00502a    program     extern E:\3.46\pic18-lt\cxx-framework\src\pmc_common\Timers\t1write.c
              Write_b_eep   0x004f30    program     extern C:\Users\pete\OneDrive\Documents\GitHub\FiringSystem\HandControllerTriggerPortorCue\write_B.c
              _2jContinue   0x004846    program     static E:\3.46\pic18-lt\cxx-framework\src\traditional\stdclib\memset.asm
                   _2jEnd   0x0049f2    program     static E:\3.46\pic18-lt\cxx-framework\src\traditional\stdclib\slenpgm.asm
                   _3jEnd   0x004850    program     static E:\3.46\pic18-lt\cxx-framework\src\traditional\stdclib\memset.asm
              _4jContinue   0x004804    program     static E:\3.46\pic18-lt\cxx-framework\src\traditional\stdclib\memcpy.asm
              _4jContinue   0x00493a    program     static E:\3.46\pic18-lt\cxx-framework\src\traditional\stdclib\strncat.asm
              _4jContinue   0x004996    program     static E:\3.46\pic18-lt\cxx-framework\src\traditional\stdclib\strncpy.asm
                   _5jEnd   0x0049a0    program     static E:\3.46\pic18-lt\cxx-framework\src\traditional\stdclib\strncpy.asm
                   _5jEnd   0x00480e    program     static E:\3.46\pic18-lt\cxx-framework\src\traditional\stdclib\memcpy.asm
                   _5jEnd   0x004944    program     static E:\3.46\pic18-lt\cxx-framework\src\traditional\stdclib\strncat.asm
       _D100TCYXCODE_0008   0x0051de    program     static E:\3.46\pic18-lt\cxx-framework\src\traditional\delays\d100tcyx.asm
       _D100TCYXCODE_0012   0x0051e8    program     static E:\3.46\pic18-lt\cxx-framework\src\traditional\delays\d100tcyx.asm
       _D100TCYXCODE_0018   0x0051ee    program     static E:\3.46\pic18-lt\cxx-framework\src\traditional\delays\d100tcyx.asm
           ___if_lbl00002   0x00005a    program     static                          
           ___if_lbl00003   0x000070    program     static                          
           ___if_lbl00004   0x000092    program     static                          
           ___if_lbl00005   0x0000ba    program     static                          
           ___if_lbl00006   0x0000e6    program     static                          
           ___if_lbl00007   0x0000e6    program     static                          
           ___if_lbl00008   0x0000fc    program     static                          
       ___return_lbl00000   0x005158    program     static                          
       ___return_lbl00000   0x004f2e    program     static                          
       ___return_lbl00000   0x000004    program     static                          
       ___return_lbl00000   0x005028    program     static                          
       ___return_lbl00000   0x00001c    program     static                          
       ___return_lbl00001   0x000110    program     static                          
       ___return_lbl00001   0x0051b8    program     static                          
       ___return_lbl00002   0x004dc8    program     static                          
               __config_0   0x300000    program     static C:\Users\pete\OneDrive\Documents\GitHub\FiringSystem\HandControllerTriggerPortorCue\main2.c
               __config_1   0x300001    program     static C:\Users\pete\OneDrive\Documents\GitHub\FiringSystem\HandControllerTriggerPortorCue\main2.c
               __config_2   0x300003    program     static C:\Users\pete\OneDrive\Documents\GitHub\FiringSystem\HandControllerTriggerPortorCue\main2.c
                   __init   0x00520a    program     extern E:\3.46\pic18-lt\cxx-framework\src\traditional\stdclib\__init.c
                   __pa_0   0x0044ee    program     static E:\3.46\pic18-lt\cxx-framework\src\traditional\stdclib\vfprintf.c
                   __pa_1   0x0044f6    program     static E:\3.46\pic18-lt\cxx-framework\src\traditional\stdclib\vfprintf.c
                  __pa_10   0x0045aa    program     static E:\3.46\pic18-lt\cxx-framework\src\traditional\stdclib\vfprintf.c
                  __pa_11   0x0045b8    program     static E:\3.46\pic18-lt\cxx-framework\src\traditional\stdclib\vfprintf.c
                  __pa_12   0x0045ce    program     static E:\3.46\pic18-lt\cxx-framework\src\traditional\stdclib\vfprintf.c
                  __pa_13   0x0045e8    program     static E:\3.46\pic18-lt\cxx-framework\src\traditional\stdclib\vfprintf.c
                  __pa_14   0x004600    program     static E:\3.46\pic18-lt\cxx-framework\src\traditional\stdclib\vfprintf.c
                  __pa_15   0x004610    program     static E:\3.46\pic18-lt\cxx-framework\src\traditional\stdclib\vfprintf.c
                  __pa_16   0x004626    program     static E:\3.46\pic18-lt\cxx-framework\src\traditional\stdclib\vfprintf.c
                  __pa_17   0x004638    program     static E:\3.46\pic18-lt\cxx-framework\src\traditional\stdclib\vfprintf.c
                  __pa_18   0x00464a    program     static E:\3.46\pic18-lt\cxx-framework\src\traditional\stdclib\vfprintf.c
                  __pa_19   0x004654    program     static E:\3.46\pic18-lt\cxx-framework\src\traditional\stdclib\vfprintf.c
                   __pa_2   0x004500    program     static E:\3.46\pic18-lt\cxx-framework\src\traditional\stdclib\vfprintf.c
                  __pa_20   0x004664    program     static E:\3.46\pic18-lt\cxx-framework\src\traditional\stdclib\vfprintf.c
                  __pa_21   0x004674    program     static E:\3.46\pic18-lt\cxx-framework\src\traditional\stdclib\vfprintf.c
                  __pa_22   0x004684    program     static E:\3.46\pic18-lt\cxx-framework\src\traditional\stdclib\vfprintf.c
                  __pa_23   0x004690    program     static E:\3.46\pic18-lt\cxx-framework\src\traditional\stdclib\vfprintf.c
                  __pa_24   0x00469e    program     static E:\3.46\pic18-lt\cxx-framework\src\traditional\stdclib\vfprintf.c
                  __pa_25   0x0046a6    program     static E:\3.46\pic18-lt\cxx-framework\src\traditional\stdclib\vfprintf.c
                  __pa_26   0x0046b0    program     static E:\3.46\pic18-lt\cxx-framework\src\traditional\stdclib\vfprintf.c
                  __pa_27   0x0046ba    program     static E:\3.46\pic18-lt\cxx-framework\src\traditional\stdclib\vfprintf.c
                  __pa_28   0x0046c2    program     static E:\3.46\pic18-lt\cxx-framework\src\traditional\stdclib\vfprintf.c
                  __pa_29   0x0046d0    program     static E:\3.46\pic18-lt\cxx-framework\src\traditional\stdclib\vfprintf.c
                   __pa_3   0x00450a    program     static E:\3.46\pic18-lt\cxx-framework\src\traditional\stdclib\vfprintf.c
                  __pa_30   0x0046ec    program     static E:\3.46\pic18-lt\cxx-framework\src\traditional\stdclib\vfprintf.c
                  __pa_31   0x004706    program     static E:\3.46\pic18-lt\cxx-framework\src\traditional\stdclib\vfprintf.c
                  __pa_32   0x004720    program     static E:\3.46\pic18-lt\cxx-framework\src\traditional\stdclib\vfprintf.c
                  __pa_33   0x004738    program     static E:\3.46\pic18-lt\cxx-framework\src\traditional\stdclib\vfprintf.c
                  __pa_34   0x004742    program     static E:\3.46\pic18-lt\cxx-framework\src\traditional\stdclib\vfprintf.c
                  __pa_35   0x004750    program     static E:\3.46\pic18-lt\cxx-framework\src\traditional\stdclib\vfprintf.c
                  __pa_36   0x004758    program     static E:\3.46\pic18-lt\cxx-framework\src\traditional\stdclib\vfprintf.c
                  __pa_37   0x004762    program     static E:\3.46\pic18-lt\cxx-framework\src\traditional\stdclib\vfprintf.c
                  __pa_38   0x004772    program     static E:\3.46\pic18-lt\cxx-framework\src\traditional\stdclib\vfprintf.c
                  __pa_39   0x004780    program     static E:\3.46\pic18-lt\cxx-framework\src\traditional\stdclib\vfprintf.c
                   __pa_4   0x004522    program     static E:\3.46\pic18-lt\cxx-framework\src\traditional\stdclib\vfprintf.c
                  __pa_40   0x00478c    program     static E:\3.46\pic18-lt\cxx-framework\src\traditional\stdclib\vfprintf.c
                  __pa_41   0x004798    program     static E:\3.46\pic18-lt\cxx-framework\src\traditional\stdclib\vfprintf.c
                  __pa_42   0x0047a0    program     static E:\3.46\pic18-lt\cxx-framework\src\traditional\stdclib\vfprintf.c
                  __pa_43   0x0047aa    program     static E:\3.46\pic18-lt\cxx-framework\src\traditional\stdclib\vfprintf.c
                  __pa_44   0x0047b0    program     static E:\3.46\pic18-lt\cxx-framework\src\traditional\stdclib\vfprintf.c
                  __pa_45   0x0047ba    program     static E:\3.46\pic18-lt\cxx-framework\src\traditional\stdclib\vfprintf.c
                  __pa_46   0x0047c6    program     static E:\3.46\pic18-lt\cxx-framework\src\traditional\stdclib\vfprintf.c
                   __pa_5   0x004536    program     static E:\3.46\pic18-lt\cxx-framework\src\traditional\stdclib\vfprintf.c
                   __pa_6   0x004552    program     static E:\3.46\pic18-lt\cxx-framework\src\traditional\stdclib\vfprintf.c
                   __pa_7   0x00455c    program     static E:\3.46\pic18-lt\cxx-framework\src\traditional\stdclib\vfprintf.c
                   __pa_8   0x004568    program     static E:\3.46\pic18-lt\cxx-framework\src\traditional\stdclib\vfprintf.c
                   __pa_9   0x00458a    program     static E:\3.46\pic18-lt\cxx-framework\src\traditional\stdclib\vfprintf.c
              __string_64   0x004bc9    program     static C:\Users\pete\OneDrive\Documents\GitHub\FiringSystem\HandControllerTriggerPortorCue\main2.c
              __string_65   0x004bc0    program     static C:\Users\pete\OneDrive\Documents\GitHub\FiringSystem\HandControllerTriggerPortorCue\main2.c
              __string_66   0x004bb0    program     static C:\Users\pete\OneDrive\Documents\GitHub\FiringSystem\HandControllerTriggerPortorCue\main2.c
              __string_67   0x004ba4    program     static C:\Users\pete\OneDrive\Documents\GitHub\FiringSystem\HandControllerTriggerPortorCue\main2.c
              __string_68   0x004b93    program     static C:\Users\pete\OneDrive\Documents\GitHub\FiringSystem\HandControllerTriggerPortorCue\main2.c
              __string_69   0x004b86    program     static C:\Users\pete\OneDrive\Documents\GitHub\FiringSystem\HandControllerTriggerPortorCue\main2.c
              __string_71   0x004b76    program     static C:\Users\pete\OneDrive\Documents\GitHub\FiringSystem\HandControllerTriggerPortorCue\main2.c
              __string_72   0x004b6c    program     static C:\Users\pete\OneDrive\Documents\GitHub\FiringSystem\HandControllerTriggerPortorCue\main2.c
              __string_73   0x004b64    program     static C:\Users\pete\OneDrive\Documents\GitHub\FiringSystem\HandControllerTriggerPortorCue\main2.c
              __string_74   0x004b59    program     static C:\Users\pete\OneDrive\Documents\GitHub\FiringSystem\HandControllerTriggerPortorCue\main2.c
              __string_75   0x004b4e    program     static C:\Users\pete\OneDrive\Documents\GitHub\FiringSystem\HandControllerTriggerPortorCue\main2.c
              __string_76   0x004b43    program     static C:\Users\pete\OneDrive\Documents\GitHub\FiringSystem\HandControllerTriggerPortorCue\main2.c
              __string_77   0x004b36    program     static C:\Users\pete\OneDrive\Documents\GitHub\FiringSystem\HandControllerTriggerPortorCue\main2.c
              __string_78   0x004b24    program     static C:\Users\pete\OneDrive\Documents\GitHub\FiringSystem\HandControllerTriggerPortorCue\main2.c
              __string_79   0x004b1f    program     static C:\Users\pete\OneDrive\Documents\GitHub\FiringSystem\HandControllerTriggerPortorCue\main2.c
              __string_80   0x004b17    program     static C:\Users\pete\OneDrive\Documents\GitHub\FiringSystem\HandControllerTriggerPortorCue\main2.c
              __string_81   0x004b12    program     static C:\Users\pete\OneDrive\Documents\GitHub\FiringSystem\HandControllerTriggerPortorCue\main2.c
              __string_86   0x004b09    program     static C:\Users\pete\OneDrive\Documents\GitHub\FiringSystem\HandControllerTriggerPortorCue\main2.c
              __string_87   0x004afb    program     static C:\Users\pete\OneDrive\Documents\GitHub\FiringSystem\HandControllerTriggerPortorCue\main2.c
              __string_88   0x004af2    program     static C:\Users\pete\OneDrive\Documents\GitHub\FiringSystem\HandControllerTriggerPortorCue\main2.c
              __tmplbl_42   0x004684    program     static                          
              __tmplbl_43   0x0044cc    program     static                          
              __tmplbl_44   0x0044b2    program     static                          
              __tmplbl_85   0x003c04    program     static                          
            __zero_memory   0x00517e    program     extern E:\3.46\pic18-lt\cxx-framework\src\traditional\proc\p18f25k80.asm
                _do_cinit   0x004d2c    program     extern E:\3.46\pic18-lt\cxx-framework\src\traditional\startup\c018i.c
                   _entry   0x000000    program     extern E:\3.46\pic18-lt\cxx-framework\src\traditional\startup\c018i.c
                   _false   0x005024    program     static                          
                 _startup   0x00519e    program     extern E:\3.46\pic18-lt\cxx-framework\src\traditional\startup\c018i.c
              _usart_putc   0x0051ba    program     extern E:\3.46\pic18-lt\cxx-framework\src\pmc_common\USART\_usartpc.asm
               _user_putc   0x000006    program     extern E:\3.46\pic18-lt\cxx-framework\src\traditional\stdclib\_user_putc.c
                      abs   0x001266    program     extern C:\Users\pete\OneDrive\Documents\GitHub\FiringSystem\HandControllerTriggerPortorCue\cranwellP18F25K80.h
                     atoi   0x004a08    program     extern E:\3.46\pic18-lt\cxx-framework\src\traditional\stdclib\atoi.asm
                compare_l   0x005194    program     static E:\3.46\pic18-lt\cxx-framework\src\traditional\proc\p18f25k80.asm
                copy_loop   0x004d9e    program     static                          
            copy_one_byte   0x004da4    program     static                          
                     done   0x004dc8    program     static                          
             done_copying   0x004db2    program     static                          
                  endloop   0x005154    program     static                          
                     exit   0x0000fc    program     static                          
                    exit2   0x0000fe    program     static                          
                  isdigit   0x00515a    program     extern E:\3.46\pic18-lt\cxx-framework\src\traditional\stdclib\isdigit.asm
                     jEnd   0x004858    program     static E:\3.46\pic18-lt\cxx-framework\src\traditional\stdclib\memset.asm
                     jEnd   0x004814    program     static E:\3.46\pic18-lt\cxx-framework\src\traditional\stdclib\memcpy.asm
                     jEnd   0x004ac6    program     static E:\3.46\pic18-lt\cxx-framework\src\traditional\stdclib\atoi.asm
                     jEnd   0x0048fe    program     static E:\3.46\pic18-lt\cxx-framework\src\traditional\stdclib\strlen.asm
                     jEnd   0x004950    program     static E:\3.46\pic18-lt\cxx-framework\src\traditional\stdclib\strncat.asm
                     jEnd   0x0049ac    program     static E:\3.46\pic18-lt\cxx-framework\src\traditional\stdclib\strncpy.asm
                     jEnd   0x0049f4    program     static E:\3.46\pic18-lt\cxx-framework\src\traditional\stdclib\slenpgm.asm
                 jEndLoop   0x004aae    program     static E:\3.46\pic18-lt\cxx-framework\src\traditional\stdclib\atoi.asm
                    jLoop   0x0049dc    program     static E:\3.46\pic18-lt\cxx-framework\src\traditional\stdclib\slenpgm.asm
                    jLoop   0x004a60    program     static E:\3.46\pic18-lt\cxx-framework\src\traditional\stdclib\atoi.asm
                    jLoop   0x00498a    program     static E:\3.46\pic18-lt\cxx-framework\src\traditional\stdclib\strncpy.asm
                    jLoop   0x00492e    program     static E:\3.46\pic18-lt\cxx-framework\src\traditional\stdclib\strncat.asm
                    jLoop   0x0048f4    program     static E:\3.46\pic18-lt\cxx-framework\src\traditional\stdclib\strlen.asm
                    jLoop   0x0048ca    program     static E:\3.46\pic18-lt\cxx-framework\src\traditional\stdclib\strcpy.asm
                    jLoop   0x004888    program     static E:\3.46\pic18-lt\cxx-framework\src\traditional\stdclib\strcat.asm
                    jLoop   0x00483a    program     static E:\3.46\pic18-lt\cxx-framework\src\traditional\stdclib\memset.asm
                    jLoop   0x0047f8    program     static E:\3.46\pic18-lt\cxx-framework\src\traditional\stdclib\memcpy.asm
                   jMatch   0x00517a    program     static E:\3.46\pic18-lt\cxx-framework\src\traditional\stdclib\isdigit.asm
                 jNoMatch   0x00517c    program     static E:\3.46\pic18-lt\cxx-framework\src\traditional\stdclib\isdigit.asm
                jNullLoop   0x004928    program     static E:\3.46\pic18-lt\cxx-framework\src\traditional\stdclib\strncat.asm
                jNullLoop   0x004882    program     static E:\3.46\pic18-lt\cxx-framework\src\traditional\stdclib\strcat.asm
                  jSkipWS   0x004a36    program     static E:\3.46\pic18-lt\cxx-framework\src\traditional\stdclib\atoi.asm
                 jSkipWS1   0x004a48    program     static E:\3.46\pic18-lt\cxx-framework\src\traditional\stdclib\atoi.asm
                    jTerm   0x00494e    program     static E:\3.46\pic18-lt\cxx-framework\src\traditional\stdclib\strncat.asm
                 jTstSign   0x004a4c    program     static E:\3.46\pic18-lt\cxx-framework\src\traditional\stdclib\atoi.asm
                jTstSign1   0x004a58    program     static E:\3.46\pic18-lt\cxx-framework\src\traditional\stdclib\atoi.asm
                jTstSign2   0x004a5e    program     static E:\3.46\pic18-lt\cxx-framework\src\traditional\stdclib\atoi.asm
                jTstSign3   0x004a60    program     static E:\3.46\pic18-lt\cxx-framework\src\traditional\stdclib\atoi.asm
                     loop   0x005138    program     static                          
                     loop   0x0051ca    program     static E:\3.46\pic18-lt\cxx-framework\src\pmc_common\USART\_usartpc.asm
                     loop   0x004ff0    program     static                          
                     loop   0x0051ae    program     static                          
                   loop_h   0x00518c    program     static E:\3.46\pic18-lt\cxx-framework\src\traditional\proc\p18f25k80.asm
                   loop_l   0x005196    program     static E:\3.46\pic18-lt\cxx-framework\src\traditional\proc\p18f25k80.asm
                     main   0x0012b6    program     extern C:\Users\pete\OneDrive\Documents\GitHub\FiringSystem\HandControllerTriggerPortorCue\main2.c
                   memcpy   0x0047d0    program     extern E:\3.46\pic18-lt\cxx-framework\src\traditional\stdclib\memcpy.asm
                   memset   0x004826    program     extern E:\3.46\pic18-lt\cxx-framework\src\traditional\stdclib\memset.asm
                     putc   0x004dca    program     extern E:\3.46\pic18-lt\cxx-framework\src\traditional\stdclib\putc.c
                 s_digits   0x0051f2    program     static E:\3.46\pic18-lt\cxx-framework\src\traditional\stdclib\vfprintf.c
            s_put_n_chars   0x003bae    program     static E:\3.46\pic18-lt\cxx-framework\src\traditional\stdclib\vfprintf.c
                  sprintf   0x004bda    program     extern E:\3.46\pic18-lt\cxx-framework\src\traditional\stdclib\sprintf.c
                   strcat   0x00485a    program     extern E:\3.46\pic18-lt\cxx-framework\src\traditional\stdclib\strcat.asm
                   strcpy   0x0048a2    program     extern E:\3.46\pic18-lt\cxx-framework\src\traditional\stdclib\strcpy.asm
                   strlen   0x0048e4    program     extern E:\3.46\pic18-lt\cxx-framework\src\traditional\stdclib\strlen.asm
                strlenpgm   0x0049be    program     extern E:\3.46\pic18-lt\cxx-framework\src\traditional\stdclib\slenpgm.asm
                  strncat   0x004900    program     extern E:\3.46\pic18-lt\cxx-framework\src\traditional\stdclib\strncat.asm
                  strncpy   0x004962    program     extern E:\3.46\pic18-lt\cxx-framework\src\traditional\stdclib\strncpy.asm
                     test   0x004d46    program     static                          
                 vfprintf   0x003bda    program     extern E:\3.46\pic18-lt\cxx-framework\src\traditional\stdclib\vfprintf.c
              vgets1USART   0x000152    program     extern C:\Users\pete\OneDrive\Documents\GitHub\FiringSystem\HandControllerTriggerPortorCue\cranwellP18F25K80.h
              vputs1USART   0x0005a2    program     extern C:\Users\pete\OneDrive\Documents\GitHub\FiringSystem\HandControllerTriggerPortorCue\cranwellP18F25K80.h
               zero_block   0x00518c    program     static E:\3.46\pic18-lt\cxx-framework\src\traditional\proc\p18f25k80.asm
                      ACK   0x000bd0       data     static C:\Users\pete\OneDrive\Documents\GitHub\FiringSystem\HandControllerTriggerPortorCue\main2.c
                   ADCON0   0x000fc2       data     extern E:\3.46\pic18-lt\cxx-framework\src\traditional\proc\p18f25k80.asm
               ADCON0bits   0x000fc2       data     extern E:\3.46\pic18-lt\cxx-framework\src\traditional\proc\p18f25k80.asm
                   ADCON1   0x000fc1       data     extern E:\3.46\pic18-lt\cxx-framework\src\traditional\proc\p18f25k80.asm
               ADCON1bits   0x000fc1       data     extern E:\3.46\pic18-lt\cxx-framework\src\traditional\proc\p18f25k80.asm
                   ADCON2   0x000fc0       data     extern E:\3.46\pic18-lt\cxx-framework\src\traditional\proc\p18f25k80.asm
               ADCON2bits   0x000fc0       data     extern E:\3.46\pic18-lt\cxx-framework\src\traditional\proc\p18f25k80.asm
                    ADRES   0x000fc3       data     extern E:\3.46\pic18-lt\cxx-framework\src\traditional\proc\p18f25k80.asm
                   ADRESH   0x000fc4       data     extern E:\3.46\pic18-lt\cxx-framework\src\traditional\proc\p18f25k80.asm
                   ADRESL   0x000fc3       data     extern E:\3.46\pic18-lt\cxx-framework\src\traditional\proc\p18f25k80.asm
                   ANCON0   0x000f5d       data     extern E:\3.46\pic18-lt\cxx-framework\src\traditional\proc\p18f25k80.asm
               ANCON0bits   0x000f5d       data     extern E:\3.46\pic18-lt\cxx-framework\src\traditional\proc\p18f25k80.asm
                   ANCON1   0x000f5c       data     extern E:\3.46\pic18-lt\cxx-framework\src\traditional\proc\p18f25k80.asm
               ANCON1bits   0x000f5c       data     extern E:\3.46\pic18-lt\cxx-framework\src\traditional\proc\p18f25k80.asm
                   AckMsg   0x000bae       data     static C:\Users\pete\OneDrive\Documents\GitHub\FiringSystem\HandControllerTriggerPortorCue\main2.c
                      Arm   0x000ae4       data     static C:\Users\pete\OneDrive\Documents\GitHub\FiringSystem\HandControllerTriggerPortorCue\main2.c
                   ArmMsg   0x000b71       data     static C:\Users\pete\OneDrive\Documents\GitHub\FiringSystem\HandControllerTriggerPortorCue\main2.c
                    Armed   0x000bd2       data     static C:\Users\pete\OneDrive\Documents\GitHub\FiringSystem\HandControllerTriggerPortorCue\main2.c
                    Ascii   0x000708       data     static C:\Users\pete\OneDrive\Documents\GitHub\FiringSystem\HandControllerTriggerPortorCue\main2.c
                    B0CON   0x000e80       data     extern E:\3.46\pic18-lt\cxx-framework\src\traditional\proc\p18f25k80.asm
                B0CONbits   0x000e80       data     extern E:\3.46\pic18-lt\cxx-framework\src\traditional\proc\p18f25k80.asm
                     B0D0   0x000e86       data     extern E:\3.46\pic18-lt\cxx-framework\src\traditional\proc\p18f25k80.asm
                 B0D0bits   0x000e86       data     extern E:\3.46\pic18-lt\cxx-framework\src\traditional\proc\p18f25k80.asm
                     B0D1   0x000e87       data     extern E:\3.46\pic18-lt\cxx-framework\src\traditional\proc\p18f25k80.asm
                 B0D1bits   0x000e87       data     extern E:\3.46\pic18-lt\cxx-framework\src\traditional\proc\p18f25k80.asm
                     B0D2   0x000e88       data     extern E:\3.46\pic18-lt\cxx-framework\src\traditional\proc\p18f25k80.asm
                 B0D2bits   0x000e88       data     extern E:\3.46\pic18-lt\cxx-framework\src\traditional\proc\p18f25k80.asm
                     B0D3   0x000e89       data     extern E:\3.46\pic18-lt\cxx-framework\src\traditional\proc\p18f25k80.asm
                 B0D3bits   0x000e89       data     extern E:\3.46\pic18-lt\cxx-framework\src\traditional\proc\p18f25k80.asm
                     B0D4   0x000e8a       data     extern E:\3.46\pic18-lt\cxx-framework\src\traditional\proc\p18f25k80.asm
                 B0D4bits   0x000e8a       data     extern E:\3.46\pic18-lt\cxx-framework\src\traditional\proc\p18f25k80.asm
                     B0D5   0x000e8b       data     extern E:\3.46\pic18-lt\cxx-framework\src\traditional\proc\p18f25k80.asm
                 B0D5bits   0x000e8b       data     extern E:\3.46\pic18-lt\cxx-framework\src\traditional\proc\p18f25k80.asm
                     B0D6   0x000e8c       data     extern E:\3.46\pic18-lt\cxx-framework\src\traditional\proc\p18f25k80.asm
                 B0D6bits   0x000e8c       data     extern E:\3.46\pic18-lt\cxx-framework\src\traditional\proc\p18f25k80.asm
                     B0D7   0x000e8d       data     extern E:\3.46\pic18-lt\cxx-framework\src\traditional\proc\p18f25k80.asm
                 B0D7bits   0x000e8d       data     extern E:\3.46\pic18-lt\cxx-framework\src\traditional\proc\p18f25k80.asm
                    B0DLC   0x000e85       data     extern E:\3.46\pic18-lt\cxx-framework\src\traditional\proc\p18f25k80.asm
                B0DLCbits   0x000e85       data     extern E:\3.46\pic18-lt\cxx-framework\src\traditional\proc\p18f25k80.asm
                   B0EIDH   0x000e83       data     extern E:\3.46\pic18-lt\cxx-framework\src\traditional\proc\p18f25k80.asm
               B0EIDHbits   0x000e83       data     extern E:\3.46\pic18-lt\cxx-framework\src\traditional\proc\p18f25k80.asm
                   B0EIDL   0x000e84       data     extern E:\3.46\pic18-lt\cxx-framework\src\traditional\proc\p18f25k80.asm
               B0EIDLbits   0x000e84       data     extern E:\3.46\pic18-lt\cxx-framework\src\traditional\proc\p18f25k80.asm
                   B0SIDH   0x000e81       data     extern E:\3.46\pic18-lt\cxx-framework\src\traditional\proc\p18f25k80.asm
               B0SIDHbits   0x000e81       data     extern E:\3.46\pic18-lt\cxx-framework\src\traditional\proc\p18f25k80.asm
                   B0SIDL   0x000e82       data     extern E:\3.46\pic18-lt\cxx-framework\src\traditional\proc\p18f25k80.asm
               B0SIDLbits   0x000e82       data     extern E:\3.46\pic18-lt\cxx-framework\src\traditional\proc\p18f25k80.asm
                    B1CON   0x000e90       data     extern E:\3.46\pic18-lt\cxx-framework\src\traditional\proc\p18f25k80.asm
                B1CONbits   0x000e90       data     extern E:\3.46\pic18-lt\cxx-framework\src\traditional\proc\p18f25k80.asm
                     B1D0   0x000e96       data     extern E:\3.46\pic18-lt\cxx-framework\src\traditional\proc\p18f25k80.asm
                 B1D0bits   0x000e96       data     extern E:\3.46\pic18-lt\cxx-framework\src\traditional\proc\p18f25k80.asm
                     B1D1   0x000e97       data     extern E:\3.46\pic18-lt\cxx-framework\src\traditional\proc\p18f25k80.asm
                 B1D1bits   0x000e97       data     extern E:\3.46\pic18-lt\cxx-framework\src\traditional\proc\p18f25k80.asm
                     B1D2   0x000e98       data     extern E:\3.46\pic18-lt\cxx-framework\src\traditional\proc\p18f25k80.asm
                 B1D2bits   0x000e98       data     extern E:\3.46\pic18-lt\cxx-framework\src\traditional\proc\p18f25k80.asm
                     B1D3   0x000e99       data     extern E:\3.46\pic18-lt\cxx-framework\src\traditional\proc\p18f25k80.asm
                 B1D3bits   0x000e99       data     extern E:\3.46\pic18-lt\cxx-framework\src\traditional\proc\p18f25k80.asm
                     B1D4   0x000e9a       data     extern E:\3.46\pic18-lt\cxx-framework\src\traditional\proc\p18f25k80.asm
                 B1D4bits   0x000e9a       data     extern E:\3.46\pic18-lt\cxx-framework\src\traditional\proc\p18f25k80.asm
                     B1D5   0x000e9b       data     extern E:\3.46\pic18-lt\cxx-framework\src\traditional\proc\p18f25k80.asm
                 B1D5bits   0x000e9b       data     extern E:\3.46\pic18-lt\cxx-framework\src\traditional\proc\p18f25k80.asm
                     B1D6   0x000e9c       data     extern E:\3.46\pic18-lt\cxx-framework\src\traditional\proc\p18f25k80.asm
                 B1D6bits   0x000e9c       data     extern E:\3.46\pic18-lt\cxx-framework\src\traditional\proc\p18f25k80.asm
                     B1D7   0x000e9d       data     extern E:\3.46\pic18-lt\cxx-framework\src\traditional\proc\p18f25k80.asm
                 B1D7bits   0x000e9d       data     extern E:\3.46\pic18-lt\cxx-framework\src\traditional\proc\p18f25k80.asm
                    B1DLC   0x000e95       data     extern E:\3.46\pic18-lt\cxx-framework\src\traditional\proc\p18f25k80.asm
                B1DLCbits   0x000e95       data     extern E:\3.46\pic18-lt\cxx-framework\src\traditional\proc\p18f25k80.asm
                   B1EIDH   0x000e93       data     extern E:\3.46\pic18-lt\cxx-framework\src\traditional\proc\p18f25k80.asm
               B1EIDHbits   0x000e93       data     extern E:\3.46\pic18-lt\cxx-framework\src\traditional\proc\p18f25k80.asm
                   B1EIDL   0x000e94       data     extern E:\3.46\pic18-lt\cxx-framework\src\traditional\proc\p18f25k80.asm
               B1EIDLbits   0x000e94       data     extern E:\3.46\pic18-lt\cxx-framework\src\traditional\proc\p18f25k80.asm
                   B1SIDH   0x000e91       data     extern E:\3.46\pic18-lt\cxx-framework\src\traditional\proc\p18f25k80.asm
               B1SIDHbits   0x000e91       data     extern E:\3.46\pic18-lt\cxx-framework\src\traditional\proc\p18f25k80.asm
                   B1SIDL   0x000e92       data     extern E:\3.46\pic18-lt\cxx-framework\src\traditional\proc\p18f25k80.asm
               B1SIDLbits   0x000e92       data     extern E:\3.46\pic18-lt\cxx-framework\src\traditional\proc\p18f25k80.asm
                    B2CON   0x000ea0       data     extern E:\3.46\pic18-lt\cxx-framework\src\traditional\proc\p18f25k80.asm
                B2CONbits   0x000ea0       data     extern E:\3.46\pic18-lt\cxx-framework\src\traditional\proc\p18f25k80.asm
                     B2D0   0x000ea6       data     extern E:\3.46\pic18-lt\cxx-framework\src\traditional\proc\p18f25k80.asm
                 B2D0bits   0x000ea6       data     extern E:\3.46\pic18-lt\cxx-framework\src\traditional\proc\p18f25k80.asm
                     B2D1   0x000ea7       data     extern E:\3.46\pic18-lt\cxx-framework\src\traditional\proc\p18f25k80.asm
                 B2D1bits   0x000ea7       data     extern E:\3.46\pic18-lt\cxx-framework\src\traditional\proc\p18f25k80.asm
                     B2D2   0x000ea8       data     extern E:\3.46\pic18-lt\cxx-framework\src\traditional\proc\p18f25k80.asm
                 B2D2bits   0x000ea8       data     extern E:\3.46\pic18-lt\cxx-framework\src\traditional\proc\p18f25k80.asm
                     B2D3   0x000ea9       data     extern E:\3.46\pic18-lt\cxx-framework\src\traditional\proc\p18f25k80.asm
                 B2D3bits   0x000ea9       data     extern E:\3.46\pic18-lt\cxx-framework\src\traditional\proc\p18f25k80.asm
                     B2D4   0x000eaa       data     extern E:\3.46\pic18-lt\cxx-framework\src\traditional\proc\p18f25k80.asm
                 B2D4bits   0x000eaa       data     extern E:\3.46\pic18-lt\cxx-framework\src\traditional\proc\p18f25k80.asm
                     B2D5   0x000eab       data     extern E:\3.46\pic18-lt\cxx-framework\src\traditional\proc\p18f25k80.asm
                 B2D5bits   0x000eab       data     extern E:\3.46\pic18-lt\cxx-framework\src\traditional\proc\p18f25k80.asm
                     B2D6   0x000eac       data     extern E:\3.46\pic18-lt\cxx-framework\src\traditional\proc\p18f25k80.asm
                 B2D6bits   0x000eac       data     extern E:\3.46\pic18-lt\cxx-framework\src\traditional\proc\p18f25k80.asm
                     B2D7   0x000ead       data     extern E:\3.46\pic18-lt\cxx-framework\src\traditional\proc\p18f25k80.asm
                 B2D7bits   0x000ead       data     extern E:\3.46\pic18-lt\cxx-framework\src\traditional\proc\p18f25k80.asm
                    B2DLC   0x000ea5       data     extern E:\3.46\pic18-lt\cxx-framework\src\traditional\proc\p18f25k80.asm
                B2DLCbits   0x000ea5       data     extern E:\3.46\pic18-lt\cxx-framework\src\traditional\proc\p18f25k80.asm
                   B2EIDH   0x000ea3       data     extern E:\3.46\pic18-lt\cxx-framework\src\traditional\proc\p18f25k80.asm
               B2EIDHbits   0x000ea3       data     extern E:\3.46\pic18-lt\cxx-framework\src\traditional\proc\p18f25k80.asm
                   B2EIDL   0x000ea4       data     extern E:\3.46\pic18-lt\cxx-framework\src\traditional\proc\p18f25k80.asm
               B2EIDLbits   0x000ea4       data     extern E:\3.46\pic18-lt\cxx-framework\src\traditional\proc\p18f25k80.asm
                   B2SIDH   0x000ea1       data     extern E:\3.46\pic18-lt\cxx-framework\src\traditional\proc\p18f25k80.asm
               B2SIDHbits   0x000ea1       data     extern E:\3.46\pic18-lt\cxx-framework\src\traditional\proc\p18f25k80.asm
                   B2SIDL   0x000ea2       data     extern E:\3.46\pic18-lt\cxx-framework\src\traditional\proc\p18f25k80.asm
               B2SIDLbits   0x000ea2       data     extern E:\3.46\pic18-lt\cxx-framework\src\traditional\proc\p18f25k80.asm
                    B3CON   0x000eb0       data     extern E:\3.46\pic18-lt\cxx-framework\src\traditional\proc\p18f25k80.asm
                B3CONbits   0x000eb0       data     extern E:\3.46\pic18-lt\cxx-framework\src\traditional\proc\p18f25k80.asm
                     B3D0   0x000eb6       data     extern E:\3.46\pic18-lt\cxx-framework\src\traditional\proc\p18f25k80.asm
                 B3D0bits   0x000eb6       data     extern E:\3.46\pic18-lt\cxx-framework\src\traditional\proc\p18f25k80.asm
                     B3D1   0x000eb7       data     extern E:\3.46\pic18-lt\cxx-framework\src\traditional\proc\p18f25k80.asm
                 B3D1bits   0x000eb7       data     extern E:\3.46\pic18-lt\cxx-framework\src\traditional\proc\p18f25k80.asm
                     B3D2   0x000eb8       data     extern E:\3.46\pic18-lt\cxx-framework\src\traditional\proc\p18f25k80.asm
                 B3D2bits   0x000eb8       data     extern E:\3.46\pic18-lt\cxx-framework\src\traditional\proc\p18f25k80.asm
                     B3D3   0x000eb9       data     extern E:\3.46\pic18-lt\cxx-framework\src\traditional\proc\p18f25k80.asm
                 B3D3bits   0x000eb9       data     extern E:\3.46\pic18-lt\cxx-framework\src\traditional\proc\p18f25k80.asm
                     B3D4   0x000eba       data     extern E:\3.46\pic18-lt\cxx-framework\src\traditional\proc\p18f25k80.asm
                 B3D4bits   0x000eba       data     extern E:\3.46\pic18-lt\cxx-framework\src\traditional\proc\p18f25k80.asm
                     B3D5   0x000ebb       data     extern E:\3.46\pic18-lt\cxx-framework\src\traditional\proc\p18f25k80.asm
                 B3D5bits   0x000ebb       data     extern E:\3.46\pic18-lt\cxx-framework\src\traditional\proc\p18f25k80.asm
                     B3D6   0x000ebc       data     extern E:\3.46\pic18-lt\cxx-framework\src\traditional\proc\p18f25k80.asm
                 B3D6bits   0x000ebc       data     extern E:\3.46\pic18-lt\cxx-framework\src\traditional\proc\p18f25k80.asm
                     B3D7   0x000ebd       data     extern E:\3.46\pic18-lt\cxx-framework\src\traditional\proc\p18f25k80.asm
                 B3D7bits   0x000ebd       data     extern E:\3.46\pic18-lt\cxx-framework\src\traditional\proc\p18f25k80.asm
                    B3DLC   0x000eb5       data     extern E:\3.46\pic18-lt\cxx-framework\src\traditional\proc\p18f25k80.asm
                B3DLCbits   0x000eb5       data     extern E:\3.46\pic18-lt\cxx-framework\src\traditional\proc\p18f25k80.asm
                   B3EIDH   0x000eb3       data     extern E:\3.46\pic18-lt\cxx-framework\src\traditional\proc\p18f25k80.asm
               B3EIDHbits   0x000eb3       data     extern E:\3.46\pic18-lt\cxx-framework\src\traditional\proc\p18f25k80.asm
                   B3EIDL   0x000eb4       data     extern E:\3.46\pic18-lt\cxx-framework\src\traditional\proc\p18f25k80.asm
               B3EIDLbits   0x000eb4       data     extern E:\3.46\pic18-lt\cxx-framework\src\traditional\proc\p18f25k80.asm
                   B3SIDH   0x000eb1       data     extern E:\3.46\pic18-lt\cxx-framework\src\traditional\proc\p18f25k80.asm
               B3SIDHbits   0x000eb1       data     extern E:\3.46\pic18-lt\cxx-framework\src\traditional\proc\p18f25k80.asm
                   B3SIDL   0x000eb2       data     extern E:\3.46\pic18-lt\cxx-framework\src\traditional\proc\p18f25k80.asm
               B3SIDLbits   0x000eb2       data     extern E:\3.46\pic18-lt\cxx-framework\src\traditional\proc\p18f25k80.asm
                    B4CON   0x000ec0       data     extern E:\3.46\pic18-lt\cxx-framework\src\traditional\proc\p18f25k80.asm
                B4CONbits   0x000ec0       data     extern E:\3.46\pic18-lt\cxx-framework\src\traditional\proc\p18f25k80.asm
                     B4D0   0x000ec6       data     extern E:\3.46\pic18-lt\cxx-framework\src\traditional\proc\p18f25k80.asm
                 B4D0bits   0x000ec6       data     extern E:\3.46\pic18-lt\cxx-framework\src\traditional\proc\p18f25k80.asm
                     B4D1   0x000ec7       data     extern E:\3.46\pic18-lt\cxx-framework\src\traditional\proc\p18f25k80.asm
                 B4D1bits   0x000ec7       data     extern E:\3.46\pic18-lt\cxx-framework\src\traditional\proc\p18f25k80.asm
                     B4D2   0x000ec8       data     extern E:\3.46\pic18-lt\cxx-framework\src\traditional\proc\p18f25k80.asm
                 B4D2bits   0x000ec8       data     extern E:\3.46\pic18-lt\cxx-framework\src\traditional\proc\p18f25k80.asm
                     B4D3   0x000ec9       data     extern E:\3.46\pic18-lt\cxx-framework\src\traditional\proc\p18f25k80.asm
                 B4D3bits   0x000ec9       data     extern E:\3.46\pic18-lt\cxx-framework\src\traditional\proc\p18f25k80.asm
                     B4D4   0x000eca       data     extern E:\3.46\pic18-lt\cxx-framework\src\traditional\proc\p18f25k80.asm
                 B4D4bits   0x000eca       data     extern E:\3.46\pic18-lt\cxx-framework\src\traditional\proc\p18f25k80.asm
                     B4D5   0x000ecb       data     extern E:\3.46\pic18-lt\cxx-framework\src\traditional\proc\p18f25k80.asm
                 B4D5bits   0x000ecb       data     extern E:\3.46\pic18-lt\cxx-framework\src\traditional\proc\p18f25k80.asm
                     B4D6   0x000ecc       data     extern E:\3.46\pic18-lt\cxx-framework\src\traditional\proc\p18f25k80.asm
                 B4D6bits   0x000ecc       data     extern E:\3.46\pic18-lt\cxx-framework\src\traditional\proc\p18f25k80.asm
                     B4D7   0x000ecd       data     extern E:\3.46\pic18-lt\cxx-framework\src\traditional\proc\p18f25k80.asm
                 B4D7bits   0x000ecd       data     extern E:\3.46\pic18-lt\cxx-framework\src\traditional\proc\p18f25k80.asm
                    B4DLC   0x000ec5       data     extern E:\3.46\pic18-lt\cxx-framework\src\traditional\proc\p18f25k80.asm
                B4DLCbits   0x000ec5       data     extern E:\3.46\pic18-lt\cxx-framework\src\traditional\proc\p18f25k80.asm
                   B4EIDH   0x000ec3       data     extern E:\3.46\pic18-lt\cxx-framework\src\traditional\proc\p18f25k80.asm
               B4EIDHbits   0x000ec3       data     extern E:\3.46\pic18-lt\cxx-framework\src\traditional\proc\p18f25k80.asm
                   B4EIDL   0x000ec4       data     extern E:\3.46\pic18-lt\cxx-framework\src\traditional\proc\p18f25k80.asm
               B4EIDLbits   0x000ec4       data     extern E:\3.46\pic18-lt\cxx-framework\src\traditional\proc\p18f25k80.asm
                   B4SIDH   0x000ec1       data     extern E:\3.46\pic18-lt\cxx-framework\src\traditional\proc\p18f25k80.asm
               B4SIDHbits   0x000ec1       data     extern E:\3.46\pic18-lt\cxx-framework\src\traditional\proc\p18f25k80.asm
                   B4SIDL   0x000ec2       data     extern E:\3.46\pic18-lt\cxx-framework\src\traditional\proc\p18f25k80.asm
               B4SIDLbits   0x000ec2       data     extern E:\3.46\pic18-lt\cxx-framework\src\traditional\proc\p18f25k80.asm
                    B5CON   0x000ed0       data     extern E:\3.46\pic18-lt\cxx-framework\src\traditional\proc\p18f25k80.asm
                B5CONbits   0x000ed0       data     extern E:\3.46\pic18-lt\cxx-framework\src\traditional\proc\p18f25k80.asm
                     B5D0   0x000ed6       data     extern E:\3.46\pic18-lt\cxx-framework\src\traditional\proc\p18f25k80.asm
                 B5D0bits   0x000ed6       data     extern E:\3.46\pic18-lt\cxx-framework\src\traditional\proc\p18f25k80.asm
                     B5D1   0x000ed7       data     extern E:\3.46\pic18-lt\cxx-framework\src\traditional\proc\p18f25k80.asm
                 B5D1bits   0x000ed7       data     extern E:\3.46\pic18-lt\cxx-framework\src\traditional\proc\p18f25k80.asm
                     B5D2   0x000ed8       data     extern E:\3.46\pic18-lt\cxx-framework\src\traditional\proc\p18f25k80.asm
                 B5D2bits   0x000ed8       data     extern E:\3.46\pic18-lt\cxx-framework\src\traditional\proc\p18f25k80.asm
                     B5D3   0x000ed9       data     extern E:\3.46\pic18-lt\cxx-framework\src\traditional\proc\p18f25k80.asm
                 B5D3bits   0x000ed9       data     extern E:\3.46\pic18-lt\cxx-framework\src\traditional\proc\p18f25k80.asm
                     B5D4   0x000eda       data     extern E:\3.46\pic18-lt\cxx-framework\src\traditional\proc\p18f25k80.asm
                 B5D4bits   0x000eda       data     extern E:\3.46\pic18-lt\cxx-framework\src\traditional\proc\p18f25k80.asm
                     B5D5   0x000edb       data     extern E:\3.46\pic18-lt\cxx-framework\src\traditional\proc\p18f25k80.asm
                 B5D5bits   0x000edb       data     extern E:\3.46\pic18-lt\cxx-framework\src\traditional\proc\p18f25k80.asm
                     B5D6   0x000edc       data     extern E:\3.46\pic18-lt\cxx-framework\src\traditional\proc\p18f25k80.asm
                 B5D6bits   0x000edc       data     extern E:\3.46\pic18-lt\cxx-framework\src\traditional\proc\p18f25k80.asm
                     B5D7   0x000edd       data     extern E:\3.46\pic18-lt\cxx-framework\src\traditional\proc\p18f25k80.asm
                 B5D7bits   0x000edd       data     extern E:\3.46\pic18-lt\cxx-framework\src\traditional\proc\p18f25k80.asm
                    B5DLC   0x000ed5       data     extern E:\3.46\pic18-lt\cxx-framework\src\traditional\proc\p18f25k80.asm
                B5DLCbits   0x000ed5       data     extern E:\3.46\pic18-lt\cxx-framework\src\traditional\proc\p18f25k80.asm
                   B5EIDH   0x000ed3       data     extern E:\3.46\pic18-lt\cxx-framework\src\traditional\proc\p18f25k80.asm
               B5EIDHbits   0x000ed3       data     extern E:\3.46\pic18-lt\cxx-framework\src\traditional\proc\p18f25k80.asm
                   B5EIDL   0x000ed4       data     extern E:\3.46\pic18-lt\cxx-framework\src\traditional\proc\p18f25k80.asm
               B5EIDLbits   0x000ed4       data     extern E:\3.46\pic18-lt\cxx-framework\src\traditional\proc\p18f25k80.asm
                   B5SIDH   0x000ed1       data     extern E:\3.46\pic18-lt\cxx-framework\src\traditional\proc\p18f25k80.asm
               B5SIDHbits   0x000ed1       data     extern E:\3.46\pic18-lt\cxx-framework\src\traditional\proc\p18f25k80.asm
                   B5SIDL   0x000ed2       data     extern E:\3.46\pic18-lt\cxx-framework\src\traditional\proc\p18f25k80.asm
               B5SIDLbits   0x000ed2       data     extern E:\3.46\pic18-lt\cxx-framework\src\traditional\proc\p18f25k80.asm
                 BAUDCON1   0x000fa7       data     extern E:\3.46\pic18-lt\cxx-framework\src\traditional\proc\p18f25k80.asm
             BAUDCON1bits   0x000fa7       data     extern E:\3.46\pic18-lt\cxx-framework\src\traditional\proc\p18f25k80.asm
                 BAUDCON2   0x000fb9       data     extern E:\3.46\pic18-lt\cxx-framework\src\traditional\proc\p18f25k80.asm
             BAUDCON2bits   0x000fb9       data     extern E:\3.46\pic18-lt\cxx-framework\src\traditional\proc\p18f25k80.asm
                     BIE0   0x000e7e       data     extern E:\3.46\pic18-lt\cxx-framework\src\traditional\proc\p18f25k80.asm
                 BIE0bits   0x000e7e       data     extern E:\3.46\pic18-lt\cxx-framework\src\traditional\proc\p18f25k80.asm
                  BRGCON1   0x000e43       data     extern E:\3.46\pic18-lt\cxx-framework\src\traditional\proc\p18f25k80.asm
              BRGCON1bits   0x000e43       data     extern E:\3.46\pic18-lt\cxx-framework\src\traditional\proc\p18f25k80.asm
                  BRGCON2   0x000e44       data     extern E:\3.46\pic18-lt\cxx-framework\src\traditional\proc\p18f25k80.asm
              BRGCON2bits   0x000e44       data     extern E:\3.46\pic18-lt\cxx-framework\src\traditional\proc\p18f25k80.asm
                  BRGCON3   0x000e45       data     extern E:\3.46\pic18-lt\cxx-framework\src\traditional\proc\p18f25k80.asm
              BRGCON3bits   0x000e45       data     extern E:\3.46\pic18-lt\cxx-framework\src\traditional\proc\p18f25k80.asm
                    BSEL0   0x000e7d       data     extern E:\3.46\pic18-lt\cxx-framework\src\traditional\proc\p18f25k80.asm
                BSEL0bits   0x000e7d       data     extern E:\3.46\pic18-lt\cxx-framework\src\traditional\proc\p18f25k80.asm
                      BSR   0x000fe0       data     extern E:\3.46\pic18-lt\cxx-framework\src\traditional\proc\p18f25k80.asm
                  BSRbits   0x000fe0       data     extern E:\3.46\pic18-lt\cxx-framework\src\traditional\proc\p18f25k80.asm
                   BackOn   0x0000d4       data     extern C:\Users\pete\OneDrive\Documents\GitHub\FiringSystem\HandControllerTriggerPortorCue\main2.c
                 BitCount   0x000762       data     extern C:\Users\pete\OneDrive\Documents\GitHub\FiringSystem\HandControllerTriggerPortorCue\uartdata.asm
                    Blank   0x000bb6       data     static C:\Users\pete\OneDrive\Documents\GitHub\FiringSystem\HandControllerTriggerPortorCue\main2.c
                  Buffer1   0x00076c       data     extern C:\Users\pete\OneDrive\Documents\GitHub\FiringSystem\HandControllerTriggerPortorCue\uartdata.asm
                  Buffer2   0x00088e       data     extern C:\Users\pete\OneDrive\Documents\GitHub\FiringSystem\HandControllerTriggerPortorCue\uartdata.asm
                   CANCON   0x000f6f       data     extern E:\3.46\pic18-lt\cxx-framework\src\traditional\proc\p18f25k80.asm
               CANCON_RO0   0x000f3f       data     extern E:\3.46\pic18-lt\cxx-framework\src\traditional\proc\p18f25k80.asm
           CANCON_RO0bits   0x000f3f       data     extern E:\3.46\pic18-lt\cxx-framework\src\traditional\proc\p18f25k80.asm
               CANCON_RO1   0x000f2f       data     extern E:\3.46\pic18-lt\cxx-framework\src\traditional\proc\p18f25k80.asm
[...]
                 IPR3bits   0x000fa5       data     extern E:\3.46\pic18-lt\cxx-framework\src\traditional\proc\p18f25k80.asm
                     IPR3   0x000fa5       data     extern E:\3.46\pic18-lt\cxx-framework\src\traditional\proc\p18f25k80.asm
                   RCSTA2   0x000fa6       data     extern E:\3.46\pic18-lt\cxx-framework\src\traditional\proc\p18f25k80.asm
               RCSTA2bits   0x000fa6       data     extern E:\3.46\pic18-lt\cxx-framework\src\traditional\proc\p18f25k80.asm
             BAUDCON1bits   0x000fa7       data     extern E:\3.46\pic18-lt\cxx-framework\src\traditional\proc\p18f25k80.asm
                 BAUDCON1   0x000fa7       data     extern E:\3.46\pic18-lt\cxx-framework\src\traditional\proc\p18f25k80.asm
              HLVDCONbits   0x000fa8       data     extern E:\3.46\pic18-lt\cxx-framework\src\traditional\proc\p18f25k80.asm
                  HLVDCON   0x000fa8       data     extern E:\3.46\pic18-lt\cxx-framework\src\traditional\proc\p18f25k80.asm
                      PR4   0x000fa9       data     extern E:\3.46\pic18-lt\cxx-framework\src\traditional\proc\p18f25k80.asm
               T1GCONbits   0x000faa       data     extern E:\3.46\pic18-lt\cxx-framework\src\traditional\proc\p18f25k80.asm
                   T1GCON   0x000faa       data     extern E:\3.46\pic18-lt\cxx-framework\src\traditional\proc\p18f25k80.asm
                RCSTAbits   0x000fab       data     extern E:\3.46\pic18-lt\cxx-framework\src\traditional\proc\p18f25k80.asm
                    RCSTA   0x000fab       data     extern E:\3.46\pic18-lt\cxx-framework\src\traditional\proc\p18f25k80.asm
                   RCSTA1   0x000fab       data     extern E:\3.46\pic18-lt\cxx-framework\src\traditional\proc\p18f25k80.asm
               RCSTA1bits   0x000fab       data     extern E:\3.46\pic18-lt\cxx-framework\src\traditional\proc\p18f25k80.asm
                    TXSTA   0x000fac       data     extern E:\3.46\pic18-lt\cxx-framework\src\traditional\proc\p18f25k80.asm
                   TXSTA1   0x000fac       data     extern E:\3.46\pic18-lt\cxx-framework\src\traditional\proc\p18f25k80.asm
               TXSTA1bits   0x000fac       data     extern E:\3.46\pic18-lt\cxx-framework\src\traditional\proc\p18f25k80.asm
                TXSTAbits   0x000fac       data     extern E:\3.46\pic18-lt\cxx-framework\src\traditional\proc\p18f25k80.asm
                   TXREG1   0x000fad       data     extern E:\3.46\pic18-lt\cxx-framework\src\traditional\proc\p18f25k80.asm
                    TXREG   0x000fad       data     extern E:\3.46\pic18-lt\cxx-framework\src\traditional\proc\p18f25k80.asm
                    RCREG   0x000fae       data     extern E:\3.46\pic18-lt\cxx-framework\src\traditional\proc\p18f25k80.asm
                   RCREG1   0x000fae       data     extern E:\3.46\pic18-lt\cxx-framework\src\traditional\proc\p18f25k80.asm
                    SPBRG   0x000faf       data     extern E:\3.46\pic18-lt\cxx-framework\src\traditional\proc\p18f25k80.asm
                   SPBRG1   0x000faf       data     extern E:\3.46\pic18-lt\cxx-framework\src\traditional\proc\p18f25k80.asm
               T3GCONbits   0x000fb0       data     extern E:\3.46\pic18-lt\cxx-framework\src\traditional\proc\p18f25k80.asm
                   T3GCON   0x000fb0       data     extern E:\3.46\pic18-lt\cxx-framework\src\traditional\proc\p18f25k80.asm
                    T3CON   0x000fb1       data     extern E:\3.46\pic18-lt\cxx-framework\src\traditional\proc\p18f25k80.asm
                T3CONbits   0x000fb1       data     extern E:\3.46\pic18-lt\cxx-framework\src\traditional\proc\p18f25k80.asm
                    TMR3L   0x000fb2       data     extern E:\3.46\pic18-lt\cxx-framework\src\traditional\proc\p18f25k80.asm
                    TMR3H   0x000fb3       data     extern E:\3.46\pic18-lt\cxx-framework\src\traditional\proc\p18f25k80.asm
               CMSTATbits   0x000fb4       data     extern E:\3.46\pic18-lt\cxx-framework\src\traditional\proc\p18f25k80.asm
             CMSTATUSbits   0x000fb4       data     extern E:\3.46\pic18-lt\cxx-framework\src\traditional\proc\p18f25k80.asm
                 CMSTATUS   0x000fb4       data     extern E:\3.46\pic18-lt\cxx-framework\src\traditional\proc\p18f25k80.asm
                   CMSTAT   0x000fb4       data     extern E:\3.46\pic18-lt\cxx-framework\src\traditional\proc\p18f25k80.asm
                   CVRCON   0x000fb5       data     extern E:\3.46\pic18-lt\cxx-framework\src\traditional\proc\p18f25k80.asm
               CVRCONbits   0x000fb5       data     extern E:\3.46\pic18-lt\cxx-framework\src\traditional\proc\p18f25k80.asm
                 PIE4bits   0x000fb6       data     extern E:\3.46\pic18-lt\cxx-framework\src\traditional\proc\p18f25k80.asm
                     PIE4   0x000fb6       data     extern E:\3.46\pic18-lt\cxx-framework\src\traditional\proc\p18f25k80.asm
                     PIR4   0x000fb7       data     extern E:\3.46\pic18-lt\cxx-framework\src\traditional\proc\p18f25k80.asm
                 PIR4bits   0x000fb7       data     extern E:\3.46\pic18-lt\cxx-framework\src\traditional\proc\p18f25k80.asm
                     IPR4   0x000fb8       data     extern E:\3.46\pic18-lt\cxx-framework\src\traditional\proc\p18f25k80.asm
                 IPR4bits   0x000fb8       data     extern E:\3.46\pic18-lt\cxx-framework\src\traditional\proc\p18f25k80.asm
             BAUDCON2bits   0x000fb9       data     extern E:\3.46\pic18-lt\cxx-framework\src\traditional\proc\p18f25k80.asm
                 BAUDCON2   0x000fb9       data     extern E:\3.46\pic18-lt\cxx-framework\src\traditional\proc\p18f25k80.asm
                   TXSTA2   0x000fba       data     extern E:\3.46\pic18-lt\cxx-framework\src\traditional\proc\p18f25k80.asm
               TXSTA2bits   0x000fba       data     extern E:\3.46\pic18-lt\cxx-framework\src\traditional\proc\p18f25k80.asm
             ECCP1CONbits   0x000fbb       data     extern E:\3.46\pic18-lt\cxx-framework\src\traditional\proc\p18f25k80.asm
                  CCP1CON   0x000fbb       data     extern E:\3.46\pic18-lt\cxx-framework\src\traditional\proc\p18f25k80.asm
                 ECCP1CON   0x000fbb       data     extern E:\3.46\pic18-lt\cxx-framework\src\traditional\proc\p18f25k80.asm
              CCP1CONbits   0x000fbb       data     extern E:\3.46\pic18-lt\cxx-framework\src\traditional\proc\p18f25k80.asm
                   CCPR1L   0x000fbc       data     extern E:\3.46\pic18-lt\cxx-framework\src\traditional\proc\p18f25k80.asm
                    CCPR1   0x000fbc       data     extern E:\3.46\pic18-lt\cxx-framework\src\traditional\proc\p18f25k80.asm
                   CCPR1H   0x000fbd       data     extern E:\3.46\pic18-lt\cxx-framework\src\traditional\proc\p18f25k80.asm
             ECCP1DELbits   0x000fbe       data     extern E:\3.46\pic18-lt\cxx-framework\src\traditional\proc\p18f25k80.asm
              PWM1CONbits   0x000fbe       data     extern E:\3.46\pic18-lt\cxx-framework\src\traditional\proc\p18f25k80.asm
                 ECCP1DEL   0x000fbe       data     extern E:\3.46\pic18-lt\cxx-framework\src\traditional\proc\p18f25k80.asm
                  PWM1CON   0x000fbe       data     extern E:\3.46\pic18-lt\cxx-framework\src\traditional\proc\p18f25k80.asm
                  ECCP1AS   0x000fbf       data     extern E:\3.46\pic18-lt\cxx-framework\src\traditional\proc\p18f25k80.asm
              ECCP1ASbits   0x000fbf       data     extern E:\3.46\pic18-lt\cxx-framework\src\traditional\proc\p18f25k80.asm
               ADCON2bits   0x000fc0       data     extern E:\3.46\pic18-lt\cxx-framework\src\traditional\proc\p18f25k80.asm
                   ADCON2   0x000fc0       data     extern E:\3.46\pic18-lt\cxx-framework\src\traditional\proc\p18f25k80.asm
                   ADCON1   0x000fc1       data     extern E:\3.46\pic18-lt\cxx-framework\src\traditional\proc\p18f25k80.asm
               ADCON1bits   0x000fc1       data     extern E:\3.46\pic18-lt\cxx-framework\src\traditional\proc\p18f25k80.asm
                   ADCON0   0x000fc2       data     extern E:\3.46\pic18-lt\cxx-framework\src\traditional\proc\p18f25k80.asm
               ADCON0bits   0x000fc2       data     extern E:\3.46\pic18-lt\cxx-framework\src\traditional\proc\p18f25k80.asm
                   ADRESL   0x000fc3       data     extern E:\3.46\pic18-lt\cxx-framework\src\traditional\proc\p18f25k80.asm
                    ADRES   0x000fc3       data     extern E:\3.46\pic18-lt\cxx-framework\src\traditional\proc\p18f25k80.asm
                   ADRESH   0x000fc4       data     extern E:\3.46\pic18-lt\cxx-framework\src\traditional\proc\p18f25k80.asm
              SSPCON2bits   0x000fc5       data     extern E:\3.46\pic18-lt\cxx-framework\src\traditional\proc\p18f25k80.asm
                  SSPCON2   0x000fc5       data     extern E:\3.46\pic18-lt\cxx-framework\src\traditional\proc\p18f25k80.asm
              SSPCON1bits   0x000fc6       data     extern E:\3.46\pic18-lt\cxx-framework\src\traditional\proc\p18f25k80.asm
                  SSPCON1   0x000fc6       data     extern E:\3.46\pic18-lt\cxx-framework\src\traditional\proc\p18f25k80.asm
              SSPSTATbits   0x000fc7       data     extern E:\3.46\pic18-lt\cxx-framework\src\traditional\proc\p18f25k80.asm
                  SSPSTAT   0x000fc7       data     extern E:\3.46\pic18-lt\cxx-framework\src\traditional\proc\p18f25k80.asm
               SSPADDbits   0x000fc8       data     extern E:\3.46\pic18-lt\cxx-framework\src\traditional\proc\p18f25k80.asm
                   SSPADD   0x000fc8       data     extern E:\3.46\pic18-lt\cxx-framework\src\traditional\proc\p18f25k80.asm
                   SSPBUF   0x000fc9       data     extern E:\3.46\pic18-lt\cxx-framework\src\traditional\proc\p18f25k80.asm
                T2CONbits   0x000fca       data     extern E:\3.46\pic18-lt\cxx-framework\src\traditional\proc\p18f25k80.asm
                    T2CON   0x000fca       data     extern E:\3.46\pic18-lt\cxx-framework\src\traditional\proc\p18f25k80.asm
                      PR2   0x000fcb       data     extern E:\3.46\pic18-lt\cxx-framework\src\traditional\proc\p18f25k80.asm
                     TMR2   0x000fcc       data     extern E:\3.46\pic18-lt\cxx-framework\src\traditional\proc\p18f25k80.asm
                T1CONbits   0x000fcd       data     extern E:\3.46\pic18-lt\cxx-framework\src\traditional\proc\p18f25k80.asm
                    T1CON   0x000fcd       data     extern E:\3.46\pic18-lt\cxx-framework\src\traditional\proc\p18f25k80.asm
                    TMR1L   0x000fce       data     extern E:\3.46\pic18-lt\cxx-framework\src\traditional\proc\p18f25k80.asm
                    TMR1H   0x000fcf       data     extern E:\3.46\pic18-lt\cxx-framework\src\traditional\proc\p18f25k80.asm
                     RCON   0x000fd0       data     extern E:\3.46\pic18-lt\cxx-framework\src\traditional\proc\p18f25k80.asm
                 RCONbits   0x000fd0       data     extern E:\3.46\pic18-lt\cxx-framework\src\traditional\proc\p18f25k80.asm
               WDTCONbits   0x000fd1       data     extern E:\3.46\pic18-lt\cxx-framework\src\traditional\proc\p18f25k80.asm
                   WDTCON   0x000fd1       data     extern E:\3.46\pic18-lt\cxx-framework\src\traditional\proc\p18f25k80.asm
              OSCCON2bits   0x000fd2       data     extern E:\3.46\pic18-lt\cxx-framework\src\traditional\proc\p18f25k80.asm
                  OSCCON2   0x000fd2       data     extern E:\3.46\pic18-lt\cxx-framework\src\traditional\proc\p18f25k80.asm
                   OSCCON   0x000fd3       data     extern E:\3.46\pic18-lt\cxx-framework\src\traditional\proc\p18f25k80.asm
               OSCCONbits   0x000fd3       data     extern E:\3.46\pic18-lt\cxx-framework\src\traditional\proc\p18f25k80.asm
                T0CONbits   0x000fd5       data     extern E:\3.46\pic18-lt\cxx-framework\src\traditional\proc\p18f25k80.asm
                    T0CON   0x000fd5       data     extern E:\3.46\pic18-lt\cxx-framework\src\traditional\proc\p18f25k80.asm
                    TMR0L   0x000fd6       data     extern E:\3.46\pic18-lt\cxx-framework\src\traditional\proc\p18f25k80.asm
                    TMR0H   0x000fd7       data     extern E:\3.46\pic18-lt\cxx-framework\src\traditional\proc\p18f25k80.asm
               STATUSbits   0x000fd8       data     extern E:\3.46\pic18-lt\cxx-framework\src\traditional\proc\p18f25k80.asm
                   STATUS   0x000fd8       data     extern E:\3.46\pic18-lt\cxx-framework\src\traditional\proc\p18f25k80.asm
                    FSR2L   0x000fd9       data     extern E:\3.46\pic18-lt\cxx-framework\src\traditional\proc\p18f25k80.asm
                     FSR2   0x000fd9       data     extern E:\3.46\pic18-lt\cxx-framework\src\traditional\proc\p18f25k80.asm
                FSR2Hbits   0x000fda       data     extern E:\3.46\pic18-lt\cxx-framework\src\traditional\proc\p18f25k80.asm
                    FSR2H   0x000fda       data     extern E:\3.46\pic18-lt\cxx-framework\src\traditional\proc\p18f25k80.asm
                   PLUSW2   0x000fdb       data     extern E:\3.46\pic18-lt\cxx-framework\src\traditional\proc\p18f25k80.asm
                  PREINC2   0x000fdc       data     extern E:\3.46\pic18-lt\cxx-framework\src\traditional\proc\p18f25k80.asm
                 POSTDEC2   0x000fdd       data     extern E:\3.46\pic18-lt\cxx-framework\src\traditional\proc\p18f25k80.asm
                 POSTINC2   0x000fde       data     extern E:\3.46\pic18-lt\cxx-framework\src\traditional\proc\p18f25k80.asm
                    INDF2   0x000fdf       data     extern E:\3.46\pic18-lt\cxx-framework\src\traditional\proc\p18f25k80.asm
                      BSR   0x000fe0       data     extern E:\3.46\pic18-lt\cxx-framework\src\traditional\proc\p18f25k80.asm
                  BSRbits   0x000fe0       data     extern E:\3.46\pic18-lt\cxx-framework\src\traditional\proc\p18f25k80.asm
                    FSR1L   0x000fe1       data     extern E:\3.46\pic18-lt\cxx-framework\src\traditional\proc\p18f25k80.asm
                     FSR1   0x000fe1       data     extern E:\3.46\pic18-lt\cxx-framework\src\traditional\proc\p18f25k80.asm
                FSR1Hbits   0x000fe2       data     extern E:\3.46\pic18-lt\cxx-framework\src\traditional\proc\p18f25k80.asm
                    FSR1H   0x000fe2       data     extern E:\3.46\pic18-lt\cxx-framework\src\traditional\proc\p18f25k80.asm
                   PLUSW1   0x000fe3       data     extern E:\3.46\pic18-lt\cxx-framework\src\traditional\proc\p18f25k80.asm
                  PREINC1   0x000fe4       data     extern E:\3.46\pic18-lt\cxx-framework\src\traditional\proc\p18f25k80.asm
                 POSTDEC1   0x000fe5       data     extern E:\3.46\pic18-lt\cxx-framework\src\traditional\proc\p18f25k80.asm
                 POSTINC1   0x000fe6       data     extern E:\3.46\pic18-lt\cxx-framework\src\traditional\proc\p18f25k80.asm
                    INDF1   0x000fe7       data     extern E:\3.46\pic18-lt\cxx-framework\src\traditional\proc\p18f25k80.asm
                     WREG   0x000fe8       data     extern E:\3.46\pic18-lt\cxx-framework\src\traditional\proc\p18f25k80.asm
                    FSR0L   0x000fe9       data     extern E:\3.46\pic18-lt\cxx-framework\src\traditional\proc\p18f25k80.asm
                     FSR0   0x000fe9       data     extern E:\3.46\pic18-lt\cxx-framework\src\traditional\proc\p18f25k80.asm
                FSR0Hbits   0x000fea       data     extern E:\3.46\pic18-lt\cxx-framework\src\traditional\proc\p18f25k80.asm
                    FSR0H   0x000fea       data     extern E:\3.46\pic18-lt\cxx-framework\src\traditional\proc\p18f25k80.asm
                   PLUSW0   0x000feb       data     extern E:\3.46\pic18-lt\cxx-framework\src\traditional\proc\p18f25k80.asm
                  PREINC0   0x000fec       data     extern E:\3.46\pic18-lt\cxx-framework\src\traditional\proc\p18f25k80.asm
                 POSTDEC0   0x000fed       data     extern E:\3.46\pic18-lt\cxx-framework\src\traditional\proc\p18f25k80.asm
                 POSTINC0   0x000fee       data     extern E:\3.46\pic18-lt\cxx-framework\src\traditional\proc\p18f25k80.asm
                    INDF0   0x000fef       data     extern E:\3.46\pic18-lt\cxx-framework\src\traditional\proc\p18f25k80.asm
              INTCON3bits   0x000ff0       data     extern E:\3.46\pic18-lt\cxx-framework\src\traditional\proc\p18f25k80.asm
                  INTCON3   0x000ff0       data     extern E:\3.46\pic18-lt\cxx-framework\src\traditional\proc\p18f25k80.asm
                  INTCON2   0x000ff1       data     extern E:\3.46\pic18-lt\cxx-framework\src\traditional\proc\p18f25k80.asm
              INTCON2bits   0x000ff1       data     extern E:\3.46\pic18-lt\cxx-framework\src\traditional\proc\p18f25k80.asm
               INTCONbits   0x000ff2       data     extern E:\3.46\pic18-lt\cxx-framework\src\traditional\proc\p18f25k80.asm
              INTCON1bits   0x000ff2       data     extern E:\3.46\pic18-lt\cxx-framework\src\traditional\proc\p18f25k80.asm
                  INTCON1   0x000ff2       data     extern E:\3.46\pic18-lt\cxx-framework\src\traditional\proc\p18f25k80.asm
                   INTCON   0x000ff2       data     extern E:\3.46\pic18-lt\cxx-framework\src\traditional\proc\p18f25k80.asm
                     PROD   0x000ff3       data     extern E:\3.46\pic18-lt\cxx-framework\src\traditional\proc\p18f25k80.asm
                    PRODL   0x000ff3       data     extern E:\3.46\pic18-lt\cxx-framework\src\traditional\proc\p18f25k80.asm
                    PRODH   0x000ff4       data     extern E:\3.46\pic18-lt\cxx-framework\src\traditional\proc\p18f25k80.asm
                   TABLAT   0x000ff5       data     extern E:\3.46\pic18-lt\cxx-framework\src\traditional\proc\p18f25k80.asm
                  TBLPTRL   0x000ff6       data     extern E:\3.46\pic18-lt\cxx-framework\src\traditional\proc\p18f25k80.asm
                   TBLPTR   0x000ff6       data     extern E:\3.46\pic18-lt\cxx-framework\src\traditional\proc\p18f25k80.asm
                  TBLPTRH   0x000ff7       data     extern E:\3.46\pic18-lt\cxx-framework\src\traditional\proc\p18f25k80.asm
              TBLPTRUbits   0x000ff8       data     extern E:\3.46\pic18-lt\cxx-framework\src\traditional\proc\p18f25k80.asm
                  TBLPTRU   0x000ff8       data     extern E:\3.46\pic18-lt\cxx-framework\src\traditional\proc\p18f25k80.asm
                      PCL   0x000ff9       data     extern E:\3.46\pic18-lt\cxx-framework\src\traditional\proc\p18f25k80.asm
                       PC   0x000ff9       data     extern E:\3.46\pic18-lt\cxx-framework\src\traditional\proc\p18f25k80.asm
                   PCLATH   0x000ffa       data     extern E:\3.46\pic18-lt\cxx-framework\src\traditional\proc\p18f25k80.asm
               PCLATUbits   0x000ffb       data     extern E:\3.46\pic18-lt\cxx-framework\src\traditional\proc\p18f25k80.asm
                   PCLATU   0x000ffb       data     extern E:\3.46\pic18-lt\cxx-framework\src\traditional\proc\p18f25k80.asm
                   STKPTR   0x000ffc       data     extern E:\3.46\pic18-lt\cxx-framework\src\traditional\proc\p18f25k80.asm
               STKPTRbits   0x000ffc       data     extern E:\3.46\pic18-lt\cxx-framework\src\traditional\proc\p18f25k80.asm
                     TOSL   0x000ffd       data     extern E:\3.46\pic18-lt\cxx-framework\src\traditional\proc\p18f25k80.asm
                      TOS   0x000ffd       data     extern E:\3.46\pic18-lt\cxx-framework\src\traditional\proc\p18f25k80.asm
                     TOSH   0x000ffe       data     extern E:\3.46\pic18-lt\cxx-framework\src\traditional\proc\p18f25k80.asm
                     TOSU   0x000fff       data     extern E:\3.46\pic18-lt\cxx-framework\src\traditional\proc\p18f25k80.asm
                 TOSUbits   0x000fff       data     extern E:\3.46\pic18-lt\cxx-framework\src\traditional\proc\p18f25k80.asm


