MPLINK 4.48, Linker
Linker Map File - Created Wed Jun 27 04:27:42 2018

                                 Section Info
                  Section       Type    Address   Location Size(Bytes)
                ---------  ---------  ---------  ---------  ---------
               _entry_scn       code   0x000000    program   0x000006
       .code__user_putc.o       code   0x000006    program   0x000002
               HighVector       code   0x000008    program   0x003e84
                   .cinit    romdata   0x003e8c    program   0x00001a
         .code_vfprintf.o       code   0x003ea6    program   0x000c22
                   STRING       code   0x004ac8    program   0x00028e
             .stringtable    romdata   0x004d56    program   0x0000f2
                   STDLIB       code   0x004e48    program   0x0000ea
          .code_sprintf.o       code   0x004f32    program   0x0000ac
                     PROG       code   0x004fde    program   0x0000a6
               _cinit_scn       code   0x005084    program   0x00009e
             .code_putc.o       code   0x005122    program   0x000084
           .code_u2open.o       code   0x0051a6    program   0x000080
          .code_fxm3232.o       code   0x005226    program   0x000070
          .code_write_B.o       code   0x005296    program   0x00005e
           .code_t1open.o       code   0x0052f4    program   0x000054
         .code_fxd3232u.o       code   0x005348    program   0x000048
          .code_t1write.o       code   0x005390    program   0x000038
          .code_t0write.o       code   0x0053c8    program   0x000038
           .code_t0open.o       code   0x005400    program   0x000038
          .code_u2write.o       code   0x005438    program   0x00002e
          .code_u1write.o       code   0x005466    program   0x00002e
         .code_fxd1616u.o       code   0x005494    program   0x00002c
                    CTYPE       code   0x0054c0    program   0x000024
                    .code       code   0x0054e4    program   0x000020
             _startup_scn       code   0x005504    program   0x00001c
                    STDIO       code   0x005520    program   0x00001c
             D100TCYXCODE       code   0x00553c    program   0x00001c
      .romdata_vfprintf.o    romdata   0x005558    program   0x000011
          .romdata_putc.o    romdata   0x005569    program   0x000000
       .idata_u2write.o_i    romdata   0x005569    program   0x000000
       .romdata_u2write.o    romdata   0x005569    program   0x000000
          .idata_putc.o_i    romdata   0x005569    program   0x000000
        .idata_u2defs.o_i    romdata   0x005569    program   0x000000
        .romdata_u2defs.o    romdata   0x005569    program   0x000000
       .idata_t0write.o_i    romdata   0x005569    program   0x000000
       .romdata_t0write.o    romdata   0x005569    program   0x000000
      .idata_vfprintf.o_i    romdata   0x005569    program   0x000000
       .idata_t1write.o_i    romdata   0x005569    program   0x000000
    .idata__user_putc.o_i    romdata   0x005569    program   0x000000
       .romdata_t1write.o    romdata   0x005569    program   0x000000
       .romdata_sprintf.o    romdata   0x005569    program   0x000000
        .idata___init.o_i    romdata   0x005569    program   0x000000
        .romdata___init.o    romdata   0x005569    program   0x000000
       .idata_sprintf.o_i    romdata   0x005569    program   0x000000
    .romdata__user_putc.o    romdata   0x005569    program   0x000000
         .idata_c018i.o_i    romdata   0x005569    program   0x000000
         .romdata_c018i.o    romdata   0x005569    program   0x000000
      .idata_busy_eep.o_i    romdata   0x005569    program   0x000000
      .romdata_busy_eep.o    romdata   0x005569    program   0x000000
       .idata_write_B.o_i    romdata   0x005569    program   0x000000
       .romdata_write_B.o    romdata   0x005569    program   0x000000
        .idata_u2open.o_i    romdata   0x005569    program   0x000000
        .romdata_u2open.o    romdata   0x005569    program   0x000000
         .romdata_main2.o    romdata   0x005569    program   0x000000
      .idata_fxd1616u.o_i    romdata   0x005569    program   0x000000
      .romdata_fxd1616u.o    romdata   0x005569    program   0x000000
      .idata_fxd3232u.o_i    romdata   0x005569    program   0x000000
       .romdata_u1write.o    romdata   0x005569    program   0x000000
       .idata_u1write.o_i    romdata   0x005569    program   0x000000
        .romdata_u1defs.o    romdata   0x005569    program   0x000000
        .idata_u1defs.o_i    romdata   0x005569    program   0x000000
        .romdata_t1open.o    romdata   0x005569    program   0x000000
        .idata_t1open.o_i    romdata   0x005569    program   0x000000
        .romdata_t0open.o    romdata   0x005569    program   0x000000
        .idata_t0open.o_i    romdata   0x005569    program   0x000000
       .romdata_fxm3232.o    romdata   0x005569    program   0x000000
       .idata_fxm3232.o_i    romdata   0x005569    program   0x000000
      .romdata_fxd3232u.o    romdata   0x005569    program   0x000000
            .code_main2.o       code   0x00556a    program   0x000000
           .code_u2defs.o       code   0x00556a    program   0x000000
         .code_busy_eep.o       code   0x00556a    program   0x000006
           .code_u1defs.o       code   0x00556a    program   0x000000
            .code_c018i.o       code   0x00556a    program   0x000000
           .code___init.o       code   0x005570    program   0x000002
                  IDATA_i    romdata   0x005572    program   0x0002b3
         .idata_main2.o_i    romdata   0x005825    program   0x000004
   .config_300000_main2.o    romdata   0x300000    program   0x000001
   .config_300001_main2.o    romdata   0x300001    program   0x000001
   .config_300003_main2.o    romdata   0x300003    program   0x000001
                MATH_DATA      udata   0x000000       data   0x000014
                 .tmpdata      udata   0x000014       data   0x00000c
            MyHighISR_tmp      udata   0x000020       data   0x000002
                DELAYDAT1      udata   0x000022       data   0x000001
           .udata_main2.o      udata   0x000060       data   0x000068
           .udata_c018i.o      udata   0x0000c8       data   0x00000a
           .idata_main2.o      idata   0x0000d2       data   0x000004
          .udata_u2defs.o      udata   0x0000d6       data   0x000001
          .udata_u1defs.o      udata   0x0000d7       data   0x000001
          .idata_t1open.o      idata   0x0000d8       data   0x000000
          .idata_u1defs.o      idata   0x0000d8       data   0x000000
         .udata_u1write.o      udata   0x0000d8       data   0x000000
         .idata_u1write.o      idata   0x0000d8       data   0x000000
         .udata_u2write.o      udata   0x0000d8       data   0x000000
         .idata_u2write.o      idata   0x0000d8       data   0x000000
          .idata_u2defs.o      idata   0x0000d8       data   0x000000
         .udata_t0write.o      udata   0x0000d8       data   0x000000
         .idata_t0write.o      idata   0x0000d8       data   0x000000
         .udata_t1write.o      udata   0x0000d8       data   0x000000
         .idata_t1write.o      idata   0x0000d8       data   0x000000
          .udata___init.o      udata   0x0000d8       data   0x000000
          .idata___init.o      idata   0x0000d8       data   0x000000
         .udata_sprintf.o      udata   0x0000d8       data   0x000000
         .idata_sprintf.o      idata   0x0000d8       data   0x000000
        .udata_vfprintf.o      udata   0x0000d8       data   0x000000
        .idata_vfprintf.o      idata   0x0000d8       data   0x000000
            .udata_putc.o      udata   0x0000d8       data   0x000000
            .idata_putc.o      idata   0x0000d8       data   0x000000
      .udata__user_putc.o      udata   0x0000d8       data   0x000000
      .idata__user_putc.o      idata   0x0000d8       data   0x000000
         .udata_write_B.o      udata   0x0000d8       data   0x000000
         .idata_write_B.o      idata   0x0000d8       data   0x000000
          .udata_u2open.o      udata   0x0000d8       data   0x000000
          .idata_u2open.o      idata   0x0000d8       data   0x000000
        .idata_busy_eep.o      idata   0x0000d8       data   0x000000
        .udata_busy_eep.o      udata   0x0000d8       data   0x000000
           .idata_c018i.o      idata   0x0000d8       data   0x000000
        .udata_fxd1616u.o      udata   0x0000d8       data   0x000000
        .idata_fxd1616u.o      idata   0x0000d8       data   0x000000
        .udata_fxd3232u.o      udata   0x0000d8       data   0x000000
        .idata_fxd3232u.o      idata   0x0000d8       data   0x000000
         .udata_fxm3232.o      udata   0x0000d8       data   0x000000
         .idata_fxm3232.o      idata   0x0000d8       data   0x000000
          .udata_t0open.o      udata   0x0000d8       data   0x000000
          .idata_t0open.o      idata   0x0000d8       data   0x000000
          .udata_t1open.o      udata   0x0000d8       data   0x000000
                  BIGDATA      udata   0x000100       data   0x000661
                 UARTDATA      udata   0x000761       data   0x00016d
                    IDATA      idata   0x000a00       data   0x0002b3
                   .stack      udata   0x000d00       data   0x000100
              SFR_BANKED0      udata   0x000e41       data   0x0000bf
              SFR_BANKED1      udata   0x000f00       data   0x000040
              SFR_BANKED2      udata   0x000f47       data   0x000019
            SFR_UNBANKED0      udata   0x000f60       data   0x0000a0



                              Program Memory Usage 
                               Start         End      
                           ---------   ---------      
                            0x000000    0x005568      
                            0x00556a    0x005828      
                            0x300000    0x300001      
                            0x300003    0x300003      
            22571 out of 33816 program addresses used, program memory utilization is 66%



                              Symbols - Sorted by Name
                     Name    Address   Location    Storage File                     
                ---------  ---------  ---------  --------- ---------                
                 ArmUnits   0x002422    program     extern C:\Users\pete\Desktop\Development\FiringSystemDdevelopment\PIC\HandControllerTriggerPortorCue\main2.c
                    Blink   0x002596    program     extern C:\Users\pete\Desktop\Development\FiringSystemDdevelopment\PIC\HandControllerTriggerPortorCue\main2.c
                  BlinkNG   0x00258e    program     extern C:\Users\pete\Desktop\Development\FiringSystemDdevelopment\PIC\HandControllerTriggerPortorCue\main2.c
                  BlinkOK   0x002586    program     extern C:\Users\pete\Desktop\Development\FiringSystemDdevelopment\PIC\HandControllerTriggerPortorCue\main2.c
                Broadcast   0x001c62    program     extern C:\Users\pete\Desktop\Development\FiringSystemDdevelopment\PIC\HandControllerTriggerPortorCue\main2.c
            BroadcastTime   0x002368    program     extern C:\Users\pete\Desktop\Development\FiringSystemDdevelopment\PIC\HandControllerTriggerPortorCue\main2.c
    BumpSendMessageNumber   0x001892    program     extern C:\Users\pete\Desktop\Development\FiringSystemDdevelopment\PIC\HandControllerTriggerPortorCue\main2.c
                 Busy_eep   0x00556a    program     extern C:\Users\pete\Desktop\Development\FiringSystemDdevelopment\PIC\HandControllerTriggerPortorCue\busy_eep.c
               CheckDigit   0x001cce    program     extern C:\Users\pete\Desktop\Development\FiringSystemDdevelopment\PIC\HandControllerTriggerPortorCue\main2.c
              CheckTimer1   0x003550    program     extern C:\Users\pete\Desktop\Development\FiringSystemDdevelopment\PIC\HandControllerTriggerPortorCue\main2.c
                   D100_1   0x00554a    program     static E:\c18v3.46\pic18-lt\cxx-framework\src\traditional\delays\d100tcyx.asm
                    D100x   0x005548    program     static E:\c18v3.46\pic18-lt\cxx-framework\src\traditional\delays\d100tcyx.asm
                   D1616S   0x005000    program     static E:\c18v3.46\pic18-lt\cxx-framework\src\traditional\math\fxd1616s.asm
                D1616SNEG   0x00500e    program     static E:\c18v3.46\pic18-lt\cxx-framework\src\traditional\math\fxd1616s.asm
                 D1616SOK   0x00500a    program     static E:\c18v3.46\pic18-lt\cxx-framework\src\traditional\math\fxd1616s.asm
                  D1616SX   0x005020    program     static E:\c18v3.46\pic18-lt\cxx-framework\src\traditional\math\fxd1616s.asm
                  DA1616S   0x004ff0    program     static E:\c18v3.46\pic18-lt\cxx-framework\src\traditional\math\fxd1616s.asm
            DataRdyUSART1   0x000732    program     extern C:\Users\pete\Desktop\Development\FiringSystemDdevelopment\PIC\HandControllerTriggerPortorCue\cranwellP18F25K80.h
             Delay100TCYx   0x00553c    program     extern E:\c18v3.46\pic18-lt\cxx-framework\src\traditional\delays\d100tcyx.asm
                  DelayMS   0x00074e    program     extern C:\Users\pete\Desktop\Development\FiringSystemDdevelopment\PIC\HandControllerTriggerPortorCue\cranwellP18F25K80.h
              DisArmUnits   0x0024be    program     extern C:\Users\pete\Desktop\Development\FiringSystemDdevelopment\PIC\HandControllerTriggerPortorCue\main2.c
                 FXD1616S   0x004fde    program     extern E:\c18v3.46\pic18-lt\cxx-framework\src\traditional\math\fxd1616s.asm
                 FXD1616U   0x005494    program     extern E:\c18v3.46\pic18-lt\cxx-framework\src\traditional\math\fxd1616u.c
                 FXD3232U   0x005348    program     extern E:\c18v3.46\pic18-lt\cxx-framework\src\traditional\math\fxd3232u.c
                 FXM1616S   0x00502a    program     extern E:\c18v3.46\pic18-lt\cxx-framework\src\traditional\math\fxm1616s.asm
                  FXM3232   0x005226    program     extern E:\c18v3.46\pic18-lt\cxx-framework\src\traditional\math\fxm3232.c
                 FastPoll   0x002792    program     extern C:\Users\pete\Desktop\Development\FiringSystemDdevelopment\PIC\HandControllerTriggerPortorCue\main2.c
                  FireCue   0x003438    program     extern C:\Users\pete\Desktop\Development\FiringSystemDdevelopment\PIC\HandControllerTriggerPortorCue\main2.c
                 FirePort   0x003c0e    program     extern C:\Users\pete\Desktop\Development\FiringSystemDdevelopment\PIC\HandControllerTriggerPortorCue\main2.c
               GetCommand   0x001f6e    program     extern C:\Users\pete\Desktop\Development\FiringSystemDdevelopment\PIC\HandControllerTriggerPortorCue\main2.c
                GetKeypad   0x0031fa    program     extern C:\Users\pete\Desktop\Development\FiringSystemDdevelopment\PIC\HandControllerTriggerPortorCue\main2.c
       GetNextUnitAndPort   0x003a54    program     extern C:\Users\pete\Desktop\Development\FiringSystemDdevelopment\PIC\HandControllerTriggerPortorCue\main2.c
           GetPedalStatus   0x002556    program     extern C:\Users\pete\Desktop\Development\FiringSystemDdevelopment\PIC\HandControllerTriggerPortorCue\main2.c
                 GetPin10   0x000a48    program     extern C:\Users\pete\Desktop\Development\FiringSystemDdevelopment\PIC\HandControllerTriggerPortorCue\cranwellP18F25K80.h
                 GetPin11   0x000a7a    program     extern C:\Users\pete\Desktop\Development\FiringSystemDdevelopment\PIC\HandControllerTriggerPortorCue\cranwellP18F25K80.h
                 GetPin12   0x000aac    program     extern C:\Users\pete\Desktop\Development\FiringSystemDdevelopment\PIC\HandControllerTriggerPortorCue\cranwellP18F25K80.h
                 GetPin13   0x000ade    program     extern C:\Users\pete\Desktop\Development\FiringSystemDdevelopment\PIC\HandControllerTriggerPortorCue\cranwellP18F25K80.h
                 GetPin14   0x000b10    program     extern C:\Users\pete\Desktop\Development\FiringSystemDdevelopment\PIC\HandControllerTriggerPortorCue\cranwellP18F25K80.h
                 GetPin15   0x000b42    program     extern C:\Users\pete\Desktop\Development\FiringSystemDdevelopment\PIC\HandControllerTriggerPortorCue\cranwellP18F25K80.h
                 GetPin16   0x000b74    program     extern C:\Users\pete\Desktop\Development\FiringSystemDdevelopment\PIC\HandControllerTriggerPortorCue\cranwellP18F25K80.h
                  GetPin2   0x0008ba    program     extern C:\Users\pete\Desktop\Development\FiringSystemDdevelopment\PIC\HandControllerTriggerPortorCue\cranwellP18F25K80.h
                 GetPin21   0x000ba6    program     extern C:\Users\pete\Desktop\Development\FiringSystemDdevelopment\PIC\HandControllerTriggerPortorCue\cranwellP18F25K80.h
                 GetPin22   0x000bd8    program     extern C:\Users\pete\Desktop\Development\FiringSystemDdevelopment\PIC\HandControllerTriggerPortorCue\cranwellP18F25K80.h
                 GetPin23   0x000c0a    program     extern C:\Users\pete\Desktop\Development\FiringSystemDdevelopment\PIC\HandControllerTriggerPortorCue\cranwellP18F25K80.h
                 GetPin24   0x000c3c    program     extern C:\Users\pete\Desktop\Development\FiringSystemDdevelopment\PIC\HandControllerTriggerPortorCue\cranwellP18F25K80.h
                 GetPin25   0x000c6e    program     extern C:\Users\pete\Desktop\Development\FiringSystemDdevelopment\PIC\HandControllerTriggerPortorCue\cranwellP18F25K80.h
                 GetPin26   0x000ca0    program     extern C:\Users\pete\Desktop\Development\FiringSystemDdevelopment\PIC\HandControllerTriggerPortorCue\cranwellP18F25K80.h
                 GetPin27   0x000cd2    program     extern C:\Users\pete\Desktop\Development\FiringSystemDdevelopment\PIC\HandControllerTriggerPortorCue\cranwellP18F25K80.h
                 GetPin28   0x000d04    program     extern C:\Users\pete\Desktop\Development\FiringSystemDdevelopment\PIC\HandControllerTriggerPortorCue\cranwellP18F25K80.h
                  GetPin3   0x0008f8    program     extern C:\Users\pete\Desktop\Development\FiringSystemDdevelopment\PIC\HandControllerTriggerPortorCue\cranwellP18F25K80.h
                  GetPin4   0x000936    program     extern C:\Users\pete\Desktop\Development\FiringSystemDdevelopment\PIC\HandControllerTriggerPortorCue\cranwellP18F25K80.h
                  GetPin5   0x000974    program     extern C:\Users\pete\Desktop\Development\FiringSystemDdevelopment\PIC\HandControllerTriggerPortorCue\cranwellP18F25K80.h
                  GetPin6   0x0009b2    program     extern C:\Users\pete\Desktop\Development\FiringSystemDdevelopment\PIC\HandControllerTriggerPortorCue\cranwellP18F25K80.h
                  GetPin7   0x0009e4    program     extern C:\Users\pete\Desktop\Development\FiringSystemDdevelopment\PIC\HandControllerTriggerPortorCue\cranwellP18F25K80.h
                  GetPin9   0x000a16    program     extern C:\Users\pete\Desktop\Development\FiringSystemDdevelopment\PIC\HandControllerTriggerPortorCue\cranwellP18F25K80.h
                GetSubcmd   0x003de2    program     extern C:\Users\pete\Desktop\Development\FiringSystemDdevelopment\PIC\HandControllerTriggerPortorCue\main2.c
        GetTriggerCommand   0x003ae2    program     extern C:\Users\pete\Desktop\Development\FiringSystemDdevelopment\PIC\HandControllerTriggerPortorCue\main2.c
              GlobalReset   0x0026e0    program     extern C:\Users\pete\Desktop\Development\FiringSystemDdevelopment\PIC\HandControllerTriggerPortorCue\main2.c
               HighVector   0x000008    program     extern C:\Users\pete\Desktop\Development\FiringSystemDdevelopment\PIC\HandControllerTriggerPortorCue\cranwellP18F25K80.h
           InitializeData   0x001e52    program     extern C:\Users\pete\Desktop\Development\FiringSystemDdevelopment\PIC\HandControllerTriggerPortorCue\main2.c
       InitializeHardware   0x00256e    program     extern C:\Users\pete\Desktop\Development\FiringSystemDdevelopment\PIC\HandControllerTriggerPortorCue\main2.c
                  IntToCh   0x001820    program     extern C:\Users\pete\Desktop\Development\FiringSystemDdevelopment\PIC\HandControllerTriggerPortorCue\main2.c
                 LCDClear   0x00085e    program     extern C:\Users\pete\Desktop\Development\FiringSystemDdevelopment\PIC\HandControllerTriggerPortorCue\cranwellP18F25K80.h
                    LCDON   0x000844    program     extern C:\Users\pete\Desktop\Development\FiringSystemDdevelopment\PIC\HandControllerTriggerPortorCue\cranwellP18F25K80.h
                 LCDReset   0x000878    program     extern C:\Users\pete\Desktop\Development\FiringSystemDdevelopment\PIC\HandControllerTriggerPortorCue\cranwellP18F25K80.h
                 LoadShow   0x002618    program     extern C:\Users\pete\Desktop\Development\FiringSystemDdevelopment\PIC\HandControllerTriggerPortorCue\main2.c
                MyHighISR   0x00001e    program     extern C:\Users\pete\Desktop\Development\FiringSystemDdevelopment\PIC\HandControllerTriggerPortorCue\cranwellP18F25K80.h
             Myputs2USART   0x0007ca    program     extern C:\Users\pete\Desktop\Development\FiringSystemDdevelopment\PIC\HandControllerTriggerPortorCue\cranwellP18F25K80.h
    Open1USARTpic18f25k80   0x00056a    program     extern C:\Users\pete\Desktop\Development\FiringSystemDdevelopment\PIC\HandControllerTriggerPortorCue\cranwellP18F25K80.h
               Open2USART   0x0051a6    program     extern C:\Users\pete\Desktop\Development\FiringSystemDdevelopment\PIC\HandControllerTriggerPortorCue\u2open.c
    Open2USARTpic18f25k80   0x000590    program     extern C:\Users\pete\Desktop\Development\FiringSystemDdevelopment\PIC\HandControllerTriggerPortorCue\cranwellP18F25K80.h
               OpenTimer0   0x005400    program     extern E:\c18v3.46\pic18-lt\cxx-framework\src\pmc_common\Timers\t0open.c
               OpenTimer1   0x0052f4    program     extern E:\c18v3.46\pic18-lt\cxx-framework\src\pmc_common\Timers\t1open.c
                Pin10HIGH   0x000a2c    program     extern C:\Users\pete\Desktop\Development\FiringSystemDdevelopment\PIC\HandControllerTriggerPortorCue\cranwellP18F25K80.h
                 Pin10LOW   0x000a3a    program     extern C:\Users\pete\Desktop\Development\FiringSystemDdevelopment\PIC\HandControllerTriggerPortorCue\cranwellP18F25K80.h
                Pin11HIGH   0x000a5e    program     extern C:\Users\pete\Desktop\Development\FiringSystemDdevelopment\PIC\HandControllerTriggerPortorCue\cranwellP18F25K80.h
                 Pin11LOW   0x000a6c    program     extern C:\Users\pete\Desktop\Development\FiringSystemDdevelopment\PIC\HandControllerTriggerPortorCue\cranwellP18F25K80.h
                Pin12HIGH   0x000a90    program     extern C:\Users\pete\Desktop\Development\FiringSystemDdevelopment\PIC\HandControllerTriggerPortorCue\cranwellP18F25K80.h
                 Pin12LOW   0x000a9e    program     extern C:\Users\pete\Desktop\Development\FiringSystemDdevelopment\PIC\HandControllerTriggerPortorCue\cranwellP18F25K80.h
                Pin13HIGH   0x000ac2    program     extern C:\Users\pete\Desktop\Development\FiringSystemDdevelopment\PIC\HandControllerTriggerPortorCue\cranwellP18F25K80.h
                 Pin13LOW   0x000ad0    program     extern C:\Users\pete\Desktop\Development\FiringSystemDdevelopment\PIC\HandControllerTriggerPortorCue\cranwellP18F25K80.h
                Pin14HIGH   0x000af4    program     extern C:\Users\pete\Desktop\Development\FiringSystemDdevelopment\PIC\HandControllerTriggerPortorCue\cranwellP18F25K80.h
                 Pin14LOW   0x000b02    program     extern C:\Users\pete\Desktop\Development\FiringSystemDdevelopment\PIC\HandControllerTriggerPortorCue\cranwellP18F25K80.h
                Pin15HIGH   0x000b26    program     extern C:\Users\pete\Desktop\Development\FiringSystemDdevelopment\PIC\HandControllerTriggerPortorCue\cranwellP18F25K80.h
                 Pin15LOW   0x000b34    program     extern C:\Users\pete\Desktop\Development\FiringSystemDdevelopment\PIC\HandControllerTriggerPortorCue\cranwellP18F25K80.h
                Pin16HIGH   0x000b58    program     extern C:\Users\pete\Desktop\Development\FiringSystemDdevelopment\PIC\HandControllerTriggerPortorCue\cranwellP18F25K80.h
                 Pin16LOW   0x000b66    program     extern C:\Users\pete\Desktop\Development\FiringSystemDdevelopment\PIC\HandControllerTriggerPortorCue\cranwellP18F25K80.h
                Pin21HIGH   0x000b8a    program     extern C:\Users\pete\Desktop\Development\FiringSystemDdevelopment\PIC\HandControllerTriggerPortorCue\cranwellP18F25K80.h
                 Pin21LOW   0x000b98    program     extern C:\Users\pete\Desktop\Development\FiringSystemDdevelopment\PIC\HandControllerTriggerPortorCue\cranwellP18F25K80.h
                Pin22HIGH   0x000bbc    program     extern C:\Users\pete\Desktop\Development\FiringSystemDdevelopment\PIC\HandControllerTriggerPortorCue\cranwellP18F25K80.h
                 Pin22LOW   0x000bca    program     extern C:\Users\pete\Desktop\Development\FiringSystemDdevelopment\PIC\HandControllerTriggerPortorCue\cranwellP18F25K80.h
                Pin23HIGH   0x000bee    program     extern C:\Users\pete\Desktop\Development\FiringSystemDdevelopment\PIC\HandControllerTriggerPortorCue\cranwellP18F25K80.h
                 Pin23LOW   0x000bfc    program     extern C:\Users\pete\Desktop\Development\FiringSystemDdevelopment\PIC\HandControllerTriggerPortorCue\cranwellP18F25K80.h
                Pin24HIGH   0x000c20    program     extern C:\Users\pete\Desktop\Development\FiringSystemDdevelopment\PIC\HandControllerTriggerPortorCue\cranwellP18F25K80.h
                 Pin24LOW   0x000c2e    program     extern C:\Users\pete\Desktop\Development\FiringSystemDdevelopment\PIC\HandControllerTriggerPortorCue\cranwellP18F25K80.h
                Pin25HIGH   0x000c52    program     extern C:\Users\pete\Desktop\Development\FiringSystemDdevelopment\PIC\HandControllerTriggerPortorCue\cranwellP18F25K80.h
                 Pin25LOW   0x000c60    program     extern C:\Users\pete\Desktop\Development\FiringSystemDdevelopment\PIC\HandControllerTriggerPortorCue\cranwellP18F25K80.h
                Pin26HIGH   0x000c84    program     extern C:\Users\pete\Desktop\Development\FiringSystemDdevelopment\PIC\HandControllerTriggerPortorCue\cranwellP18F25K80.h
                 Pin26LOW   0x000c92    program     extern C:\Users\pete\Desktop\Development\FiringSystemDdevelopment\PIC\HandControllerTriggerPortorCue\cranwellP18F25K80.h
                Pin27HIGH   0x000cb6    program     extern C:\Users\pete\Desktop\Development\FiringSystemDdevelopment\PIC\HandControllerTriggerPortorCue\cranwellP18F25K80.h
                 Pin27LOW   0x000cc4    program     extern C:\Users\pete\Desktop\Development\FiringSystemDdevelopment\PIC\HandControllerTriggerPortorCue\cranwellP18F25K80.h
                Pin28HIGH   0x000ce8    program     extern C:\Users\pete\Desktop\Development\FiringSystemDdevelopment\PIC\HandControllerTriggerPortorCue\cranwellP18F25K80.h
                 Pin28LOW   0x000cf6    program     extern C:\Users\pete\Desktop\Development\FiringSystemDdevelopment\PIC\HandControllerTriggerPortorCue\cranwellP18F25K80.h
                 Pin2HIGH   0x000892    program     extern C:\Users\pete\Desktop\Development\FiringSystemDdevelopment\PIC\HandControllerTriggerPortorCue\cranwellP18F25K80.h
                  Pin2LOW   0x0008a6    program     extern C:\Users\pete\Desktop\Development\FiringSystemDdevelopment\PIC\HandControllerTriggerPortorCue\cranwellP18F25K80.h
                 Pin3HIGH   0x0008d0    program     extern C:\Users\pete\Desktop\Development\FiringSystemDdevelopment\PIC\HandControllerTriggerPortorCue\cranwellP18F25K80.h
                  Pin3LOW   0x0008e4    program     extern C:\Users\pete\Desktop\Development\FiringSystemDdevelopment\PIC\HandControllerTriggerPortorCue\cranwellP18F25K80.h
                 Pin4HIGH   0x00090e    program     extern C:\Users\pete\Desktop\Development\FiringSystemDdevelopment\PIC\HandControllerTriggerPortorCue\cranwellP18F25K80.h
                  Pin4LOW   0x000922    program     extern C:\Users\pete\Desktop\Development\FiringSystemDdevelopment\PIC\HandControllerTriggerPortorCue\cranwellP18F25K80.h
                 Pin5HIGH   0x00094c    program     extern C:\Users\pete\Desktop\Development\FiringSystemDdevelopment\PIC\HandControllerTriggerPortorCue\cranwellP18F25K80.h
                  Pin5LOW   0x000960    program     extern C:\Users\pete\Desktop\Development\FiringSystemDdevelopment\PIC\HandControllerTriggerPortorCue\cranwellP18F25K80.h
                 Pin6HIGH   0x00098a    program     extern C:\Users\pete\Desktop\Development\FiringSystemDdevelopment\PIC\HandControllerTriggerPortorCue\cranwellP18F25K80.h
                  Pin6LOW   0x00099e    program     extern C:\Users\pete\Desktop\Development\FiringSystemDdevelopment\PIC\HandControllerTriggerPortorCue\cranwellP18F25K80.h
                 Pin7HIGH   0x0009c8    program     extern C:\Users\pete\Desktop\Development\FiringSystemDdevelopment\PIC\HandControllerTriggerPortorCue\cranwellP18F25K80.h
                  Pin7LOW   0x0009d6    program     extern C:\Users\pete\Desktop\Development\FiringSystemDdevelopment\PIC\HandControllerTriggerPortorCue\cranwellP18F25K80.h
                 Pin9HIGH   0x0009fa    program     extern C:\Users\pete\Desktop\Development\FiringSystemDdevelopment\PIC\HandControllerTriggerPortorCue\cranwellP18F25K80.h
                  Pin9LOW   0x000a08    program     extern C:\Users\pete\Desktop\Development\FiringSystemDdevelopment\PIC\HandControllerTriggerPortorCue\cranwellP18F25K80.h
                  PinHIGH   0x000d1a    program     extern C:\Users\pete\Desktop\Development\FiringSystemDdevelopment\PIC\HandControllerTriggerPortorCue\cranwellP18F25K80.h
                   PinLOW   0x000e76    program     extern C:\Users\pete\Desktop\Development\FiringSystemDdevelopment\PIC\HandControllerTriggerPortorCue\cranwellP18F25K80.h
                  PinTest   0x000fd2    program     extern C:\Users\pete\Desktop\Development\FiringSystemDdevelopment\PIC\HandControllerTriggerPortorCue\cranwellP18F25K80.h
                ResetLEDs   0x003056    program     extern C:\Users\pete\Desktop\Development\FiringSystemDdevelopment\PIC\HandControllerTriggerPortorCue\main2.c
              ResetTimer0   0x0002a6    program     extern C:\Users\pete\Desktop\Development\FiringSystemDdevelopment\PIC\HandControllerTriggerPortorCue\cranwellP18F25K80.h
              ResetTimer1   0x000414    program     extern C:\Users\pete\Desktop\Development\FiringSystemDdevelopment\PIC\HandControllerTriggerPortorCue\cranwellP18F25K80.h
                   Scroll   0x0035be    program     extern C:\Users\pete\Desktop\Development\FiringSystemDdevelopment\PIC\HandControllerTriggerPortorCue\main2.c
                  SendLCD   0x001f3a    program     extern C:\Users\pete\Desktop\Development\FiringSystemDdevelopment\PIC\HandControllerTriggerPortorCue\main2.c
                 SlowPoll   0x002bee    program     extern C:\Users\pete\Desktop\Development\FiringSystemDdevelopment\PIC\HandControllerTriggerPortorCue\main2.c
             StartSession   0x003068    program     extern C:\Users\pete\Desktop\Development\FiringSystemDdevelopment\PIC\HandControllerTriggerPortorCue\main2.c
              StartTimer0   0x00012a    program     extern C:\Users\pete\Desktop\Development\FiringSystemDdevelopment\PIC\HandControllerTriggerPortorCue\cranwellP18F25K80.h
              StartTimer1   0x000136    program     extern C:\Users\pete\Desktop\Development\FiringSystemDdevelopment\PIC\HandControllerTriggerPortorCue\cranwellP18F25K80.h
               StartUnits   0x0031a4    program     extern C:\Users\pete\Desktop\Development\FiringSystemDdevelopment\PIC\HandControllerTriggerPortorCue\main2.c
               TSIGN1616A   0x005076    program     static E:\c18v3.46\pic18-lt\cxx-framework\src\traditional\math\fxm1616s.asm
              Transaction   0x00197e    program     extern C:\Users\pete\Desktop\Development\FiringSystemDdevelopment\PIC\HandControllerTriggerPortorCue\main2.c
               TriggerCue   0x003d42    program     extern C:\Users\pete\Desktop\Development\FiringSystemDdevelopment\PIC\HandControllerTriggerPortorCue\main2.c
              TriggerPort   0x003ca8    program     extern C:\Users\pete\Desktop\Development\FiringSystemDdevelopment\PIC\HandControllerTriggerPortorCue\main2.c
               Wait2USART   0x000740    program     extern C:\Users\pete\Desktop\Development\FiringSystemDdevelopment\PIC\HandControllerTriggerPortorCue\cranwellP18F25K80.h
              Write1USART   0x005466    program     extern E:\c18v3.46\pic18-lt\cxx-framework\src\pmc_common\USART\u1write.c
              Write2USART   0x005438    program     extern E:\c18v3.46\pic18-lt\cxx-framework\src\pmc_common\USART\u2write.c
                WriteOLED   0x003572    program     extern C:\Users\pete\Desktop\Development\FiringSystemDdevelopment\PIC\HandControllerTriggerPortorCue\main2.c
              WriteTimer0   0x0053c8    program     extern E:\c18v3.46\pic18-lt\cxx-framework\src\pmc_common\Timers\t0write.c
              WriteTimer1   0x005390    program     extern E:\c18v3.46\pic18-lt\cxx-framework\src\pmc_common\Timers\t1write.c
              Write_b_eep   0x005296    program     extern C:\Users\pete\Desktop\Development\FiringSystemDdevelopment\PIC\HandControllerTriggerPortorCue\write_B.c
              _2jContinue   0x004b3e    program     static E:\c18v3.46\pic18-lt\cxx-framework\src\traditional\stdclib\memset.asm
                   _2jEnd   0x004d40    program     static E:\c18v3.46\pic18-lt\cxx-framework\src\traditional\stdclib\slenpgm.asm
                   _3jEnd   0x004b48    program     static E:\c18v3.46\pic18-lt\cxx-framework\src\traditional\stdclib\memset.asm
              _4jContinue   0x004c86    program     static E:\c18v3.46\pic18-lt\cxx-framework\src\traditional\stdclib\strncmp.asm
              _4jContinue   0x004ce4    program     static E:\c18v3.46\pic18-lt\cxx-framework\src\traditional\stdclib\strncpy.asm
              _4jContinue   0x004c32    program     static E:\c18v3.46\pic18-lt\cxx-framework\src\traditional\stdclib\strncat.asm
              _4jContinue   0x004afc    program     static E:\c18v3.46\pic18-lt\cxx-framework\src\traditional\stdclib\memcpy.asm
                   _5jEnd   0x004c90    program     static E:\c18v3.46\pic18-lt\cxx-framework\src\traditional\stdclib\strncmp.asm
                   _5jEnd   0x004cee    program     static E:\c18v3.46\pic18-lt\cxx-framework\src\traditional\stdclib\strncpy.asm
                   _5jEnd   0x004c3c    program     static E:\c18v3.46\pic18-lt\cxx-framework\src\traditional\stdclib\strncat.asm
                   _5jEnd   0x004b06    program     static E:\c18v3.46\pic18-lt\cxx-framework\src\traditional\stdclib\memcpy.asm
       _D100TCYXCODE_0008   0x005544    program     static E:\c18v3.46\pic18-lt\cxx-framework\src\traditional\delays\d100tcyx.asm
       _D100TCYXCODE_0012   0x00554e    program     static E:\c18v3.46\pic18-lt\cxx-framework\src\traditional\delays\d100tcyx.asm
       _D100TCYXCODE_0018   0x005554    program     static E:\c18v3.46\pic18-lt\cxx-framework\src\traditional\delays\d100tcyx.asm
           ___if_lbl00002   0x00005a    program     static                          
           ___if_lbl00003   0x000070    program     static                          
           ___if_lbl00004   0x000092    program     static                          
           ___if_lbl00005   0x0000ba    program     static                          
           ___if_lbl00006   0x0000e6    program     static                          
           ___if_lbl00007   0x0000e6    program     static                          
           ___if_lbl00008   0x0000fc    program     static                          
       ___return_lbl00000   0x0054be    program     static                          
       ___return_lbl00000   0x000004    program     static                          
       ___return_lbl00000   0x00538e    program     static                          
       ___return_lbl00000   0x005294    program     static                          
       ___return_lbl00000   0x00001c    program     static                          
       ___return_lbl00001   0x000110    program     static                          
       ___return_lbl00001   0x00551e    program     static                          
       ___return_lbl00002   0x005120    program     static                          
               __config_0   0x300000    program     static C:\Users\pete\Desktop\Development\FiringSystemDdevelopment\PIC\HandControllerTriggerPortorCue\main2.c
               __config_1   0x300001    program     static C:\Users\pete\Desktop\Development\FiringSystemDdevelopment\PIC\HandControllerTriggerPortorCue\main2.c
               __config_2   0x300003    program     static C:\Users\pete\Desktop\Development\FiringSystemDdevelopment\PIC\HandControllerTriggerPortorCue\main2.c
                   __init   0x005570    program     extern E:\c18v3.46\pic18-lt\cxx-framework\src\traditional\stdclib\__init.c
                   __pa_0   0x0047e6    program     static E:\c18v3.46\pic18-lt\cxx-framework\src\traditional\stdclib\vfprintf.c
                   __pa_1   0x0047ee    program     static E:\c18v3.46\pic18-lt\cxx-framework\src\traditional\stdclib\vfprintf.c
                  __pa_10   0x0048a2    program     static E:\c18v3.46\pic18-lt\cxx-framework\src\traditional\stdclib\vfprintf.c
                  __pa_11   0x0048b0    program     static E:\c18v3.46\pic18-lt\cxx-framework\src\traditional\stdclib\vfprintf.c
                  __pa_12   0x0048c6    program     static E:\c18v3.46\pic18-lt\cxx-framework\src\traditional\stdclib\vfprintf.c
                  __pa_13   0x0048e0    program     static E:\c18v3.46\pic18-lt\cxx-framework\src\traditional\stdclib\vfprintf.c
                  __pa_14   0x0048f8    program     static E:\c18v3.46\pic18-lt\cxx-framework\src\traditional\stdclib\vfprintf.c
                  __pa_15   0x004908    program     static E:\c18v3.46\pic18-lt\cxx-framework\src\traditional\stdclib\vfprintf.c
                  __pa_16   0x00491e    program     static E:\c18v3.46\pic18-lt\cxx-framework\src\traditional\stdclib\vfprintf.c
                  __pa_17   0x004930    program     static E:\c18v3.46\pic18-lt\cxx-framework\src\traditional\stdclib\vfprintf.c
                  __pa_18   0x004942    program     static E:\c18v3.46\pic18-lt\cxx-framework\src\traditional\stdclib\vfprintf.c
                  __pa_19   0x00494c    program     static E:\c18v3.46\pic18-lt\cxx-framework\src\traditional\stdclib\vfprintf.c
                   __pa_2   0x0047f8    program     static E:\c18v3.46\pic18-lt\cxx-framework\src\traditional\stdclib\vfprintf.c
                  __pa_20   0x00495c    program     static E:\c18v3.46\pic18-lt\cxx-framework\src\traditional\stdclib\vfprintf.c
                  __pa_21   0x00496c    program     static E:\c18v3.46\pic18-lt\cxx-framework\src\traditional\stdclib\vfprintf.c
                  __pa_22   0x00497c    program     static E:\c18v3.46\pic18-lt\cxx-framework\src\traditional\stdclib\vfprintf.c
                  __pa_23   0x004988    program     static E:\c18v3.46\pic18-lt\cxx-framework\src\traditional\stdclib\vfprintf.c
                  __pa_24   0x004996    program     static E:\c18v3.46\pic18-lt\cxx-framework\src\traditional\stdclib\vfprintf.c
                  __pa_25   0x00499e    program     static E:\c18v3.46\pic18-lt\cxx-framework\src\traditional\stdclib\vfprintf.c
                  __pa_26   0x0049a8    program     static E:\c18v3.46\pic18-lt\cxx-framework\src\traditional\stdclib\vfprintf.c
                  __pa_27   0x0049b2    program     static E:\c18v3.46\pic18-lt\cxx-framework\src\traditional\stdclib\vfprintf.c
                  __pa_28   0x0049ba    program     static E:\c18v3.46\pic18-lt\cxx-framework\src\traditional\stdclib\vfprintf.c
                  __pa_29   0x0049c8    program     static E:\c18v3.46\pic18-lt\cxx-framework\src\traditional\stdclib\vfprintf.c
                   __pa_3   0x004802    program     static E:\c18v3.46\pic18-lt\cxx-framework\src\traditional\stdclib\vfprintf.c
                  __pa_30   0x0049e4    program     static E:\c18v3.46\pic18-lt\cxx-framework\src\traditional\stdclib\vfprintf.c
                  __pa_31   0x0049fe    program     static E:\c18v3.46\pic18-lt\cxx-framework\src\traditional\stdclib\vfprintf.c
                  __pa_32   0x004a18    program     static E:\c18v3.46\pic18-lt\cxx-framework\src\traditional\stdclib\vfprintf.c
                  __pa_33   0x004a30    program     static E:\c18v3.46\pic18-lt\cxx-framework\src\traditional\stdclib\vfprintf.c
                  __pa_34   0x004a3a    program     static E:\c18v3.46\pic18-lt\cxx-framework\src\traditional\stdclib\vfprintf.c
                  __pa_35   0x004a48    program     static E:\c18v3.46\pic18-lt\cxx-framework\src\traditional\stdclib\vfprintf.c
                  __pa_36   0x004a50    program     static E:\c18v3.46\pic18-lt\cxx-framework\src\traditional\stdclib\vfprintf.c
                  __pa_37   0x004a5a    program     static E:\c18v3.46\pic18-lt\cxx-framework\src\traditional\stdclib\vfprintf.c
                  __pa_38   0x004a6a    program     static E:\c18v3.46\pic18-lt\cxx-framework\src\traditional\stdclib\vfprintf.c
                  __pa_39   0x004a78    program     static E:\c18v3.46\pic18-lt\cxx-framework\src\traditional\stdclib\vfprintf.c
                   __pa_4   0x00481a    program     static E:\c18v3.46\pic18-lt\cxx-framework\src\traditional\stdclib\vfprintf.c
                  __pa_40   0x004a84    program     static E:\c18v3.46\pic18-lt\cxx-framework\src\traditional\stdclib\vfprintf.c
                  __pa_41   0x004a90    program     static E:\c18v3.46\pic18-lt\cxx-framework\src\traditional\stdclib\vfprintf.c
                  __pa_42   0x004a98    program     static E:\c18v3.46\pic18-lt\cxx-framework\src\traditional\stdclib\vfprintf.c
                  __pa_43   0x004aa2    program     static E:\c18v3.46\pic18-lt\cxx-framework\src\traditional\stdclib\vfprintf.c
                  __pa_44   0x004aa8    program     static E:\c18v3.46\pic18-lt\cxx-framework\src\traditional\stdclib\vfprintf.c
                  __pa_45   0x004ab2    program     static E:\c18v3.46\pic18-lt\cxx-framework\src\traditional\stdclib\vfprintf.c
                  __pa_46   0x004abe    program     static E:\c18v3.46\pic18-lt\cxx-framework\src\traditional\stdclib\vfprintf.c
                   __pa_5   0x00482e    program     static E:\c18v3.46\pic18-lt\cxx-framework\src\traditional\stdclib\vfprintf.c
                   __pa_6   0x00484a    program     static E:\c18v3.46\pic18-lt\cxx-framework\src\traditional\stdclib\vfprintf.c
                   __pa_7   0x004854    program     static E:\c18v3.46\pic18-lt\cxx-framework\src\traditional\stdclib\vfprintf.c
                   __pa_8   0x004860    program     static E:\c18v3.46\pic18-lt\cxx-framework\src\traditional\stdclib\vfprintf.c
                   __pa_9   0x004882    program     static E:\c18v3.46\pic18-lt\cxx-framework\src\traditional\stdclib\vfprintf.c
              __string_64   0x004e38    program     static C:\Users\pete\Desktop\Development\FiringSystemDdevelopment\PIC\HandControllerTriggerPortorCue\main2.c
              __string_65   0x004e2f    program     static C:\Users\pete\Desktop\Development\FiringSystemDdevelopment\PIC\HandControllerTriggerPortorCue\main2.c
              __string_66   0x004e1f    program     static C:\Users\pete\Desktop\Development\FiringSystemDdevelopment\PIC\HandControllerTriggerPortorCue\main2.c
              __string_67   0x004e13    program     static C:\Users\pete\Desktop\Development\FiringSystemDdevelopment\PIC\HandControllerTriggerPortorCue\main2.c
              __string_68   0x004e02    program     static C:\Users\pete\Desktop\Development\FiringSystemDdevelopment\PIC\HandControllerTriggerPortorCue\main2.c
              __string_69   0x004df5    program     static C:\Users\pete\Desktop\Development\FiringSystemDdevelopment\PIC\HandControllerTriggerPortorCue\main2.c
              __string_71   0x004de5    program     static C:\Users\pete\Desktop\Development\FiringSystemDdevelopment\PIC\HandControllerTriggerPortorCue\main2.c
              __string_72   0x004ddb    program     static C:\Users\pete\Desktop\Development\FiringSystemDdevelopment\PIC\HandControllerTriggerPortorCue\main2.c
              __string_73   0x004dd3    program     static C:\Users\pete\Desktop\Development\FiringSystemDdevelopment\PIC\HandControllerTriggerPortorCue\main2.c
              __string_74   0x004dc8    program     static C:\Users\pete\Desktop\Development\FiringSystemDdevelopment\PIC\HandControllerTriggerPortorCue\main2.c
              __string_75   0x004dbd    program     static C:\Users\pete\Desktop\Development\FiringSystemDdevelopment\PIC\HandControllerTriggerPortorCue\main2.c
              __string_76   0x004db2    program     static C:\Users\pete\Desktop\Development\FiringSystemDdevelopment\PIC\HandControllerTriggerPortorCue\main2.c
              __string_77   0x004da5    program     static C:\Users\pete\Desktop\Development\FiringSystemDdevelopment\PIC\HandControllerTriggerPortorCue\main2.c
              __string_78   0x004d93    program     static C:\Users\pete\Desktop\Development\FiringSystemDdevelopment\PIC\HandControllerTriggerPortorCue\main2.c
              __string_79   0x004d8e    program     static C:\Users\pete\Desktop\Development\FiringSystemDdevelopment\PIC\HandControllerTriggerPortorCue\main2.c
              __string_80   0x004d86    program     static C:\Users\pete\Desktop\Development\FiringSystemDdevelopment\PIC\HandControllerTriggerPortorCue\main2.c
              __string_81   0x004d81    program     static C:\Users\pete\Desktop\Development\FiringSystemDdevelopment\PIC\HandControllerTriggerPortorCue\main2.c
              __string_86   0x004d76    program     static C:\Users\pete\Desktop\Development\FiringSystemDdevelopment\PIC\HandControllerTriggerPortorCue\main2.c
              __string_87   0x004d6d    program     static C:\Users\pete\Desktop\Development\FiringSystemDdevelopment\PIC\HandControllerTriggerPortorCue\main2.c
              __string_88   0x004d5f    program     static C:\Users\pete\Desktop\Development\FiringSystemDdevelopment\PIC\HandControllerTriggerPortorCue\main2.c
              __string_89   0x004d56    program     static C:\Users\pete\Desktop\Development\FiringSystemDdevelopment\PIC\HandControllerTriggerPortorCue\main2.c
              __tmplbl_42   0x00497c    program     static                          
              __tmplbl_43   0x0047c4    program     static                          
              __tmplbl_44   0x0047aa    program     static                          
              __tmplbl_85   0x003efc    program     static                          
            __zero_memory   0x0054e4    program     extern E:\c18v3.46\pic18-lt\cxx-framework\src\traditional\proc\p18lf25k80.asm
                _do_cinit   0x005084    program     extern E:\c18v3.46\pic18-lt\cxx-framework\src\traditional\startup\c018i.c
                   _entry   0x000000    program     extern E:\c18v3.46\pic18-lt\cxx-framework\src\traditional\startup\c018i.c
                   _false   0x00538a    program     static                          
                 _startup   0x005504    program     extern E:\c18v3.46\pic18-lt\cxx-framework\src\traditional\startup\c018i.c
              _usart_putc   0x005520    program     extern E:\c18v3.46\pic18-lt\cxx-framework\src\pmc_common\USART\_usartpc.asm
               _user_putc   0x000006    program     extern E:\c18v3.46\pic18-lt\cxx-framework\src\traditional\stdclib\_user_putc.c
                      abs   0x001278    program     extern C:\Users\pete\Desktop\Development\FiringSystemDdevelopment\PIC\HandControllerTriggerPortorCue\cranwellP18F25K80.h
                     atoi   0x004e48    program     extern E:\c18v3.46\pic18-lt\cxx-framework\src\traditional\stdclib\atoi.asm
                compare_l   0x0054fa    program     static E:\c18v3.46\pic18-lt\cxx-framework\src\traditional\proc\p18lf25k80.asm
                copy_loop   0x0050f6    program     static                          
            copy_one_byte   0x0050fc    program     static                          
                     done   0x005120    program     static                          
             done_copying   0x00510a    program     static                          
                  endloop   0x0054ba    program     static                          
                     exit   0x0000fc    program     static                          
                    exit2   0x0000fe    program     static                          
                  isdigit   0x0054c0    program     extern E:\c18v3.46\pic18-lt\cxx-framework\src\traditional\stdclib\isdigit.asm
                     jEnd   0x004b0c    program     static E:\c18v3.46\pic18-lt\cxx-framework\src\traditional\stdclib\memcpy.asm
                     jEnd   0x004b50    program     static E:\c18v3.46\pic18-lt\cxx-framework\src\traditional\stdclib\memset.asm
                     jEnd   0x004f06    program     static E:\c18v3.46\pic18-lt\cxx-framework\src\traditional\stdclib\atoi.asm
                     jEnd   0x004d42    program     static E:\c18v3.46\pic18-lt\cxx-framework\src\traditional\stdclib\slenpgm.asm
                     jEnd   0x004c9a    program     static E:\c18v3.46\pic18-lt\cxx-framework\src\traditional\stdclib\strncmp.asm
                     jEnd   0x004bf6    program     static E:\c18v3.46\pic18-lt\cxx-framework\src\traditional\stdclib\strlen.asm
                     jEnd   0x004c48    program     static E:\c18v3.46\pic18-lt\cxx-framework\src\traditional\stdclib\strncat.asm
                     jEnd   0x004cfa    program     static E:\c18v3.46\pic18-lt\cxx-framework\src\traditional\stdclib\strncpy.asm
                 jEndLoop   0x004eee    program     static E:\c18v3.46\pic18-lt\cxx-framework\src\traditional\stdclib\atoi.asm
                    jLoop   0x004bec    program     static E:\c18v3.46\pic18-lt\cxx-framework\src\traditional\stdclib\strlen.asm
                    jLoop   0x004c26    program     static E:\c18v3.46\pic18-lt\cxx-framework\src\traditional\stdclib\strncat.asm
                    jLoop   0x004ea0    program     static E:\c18v3.46\pic18-lt\cxx-framework\src\traditional\stdclib\atoi.asm
                    jLoop   0x004bc2    program     static E:\c18v3.46\pic18-lt\cxx-framework\src\traditional\stdclib\strcpy.asm
                    jLoop   0x004af0    program     static E:\c18v3.46\pic18-lt\cxx-framework\src\traditional\stdclib\memcpy.asm
                    jLoop   0x004c7a    program     static E:\c18v3.46\pic18-lt\cxx-framework\src\traditional\stdclib\strncmp.asm
                    jLoop   0x004b32    program     static E:\c18v3.46\pic18-lt\cxx-framework\src\traditional\stdclib\memset.asm
                    jLoop   0x004b80    program     static E:\c18v3.46\pic18-lt\cxx-framework\src\traditional\stdclib\strcat.asm
                    jLoop   0x004cd8    program     static E:\c18v3.46\pic18-lt\cxx-framework\src\traditional\stdclib\strncpy.asm
                    jLoop   0x004d2a    program     static E:\c18v3.46\pic18-lt\cxx-framework\src\traditional\stdclib\slenpgm.asm
                   jMatch   0x0054e0    program     static E:\c18v3.46\pic18-lt\cxx-framework\src\traditional\stdclib\isdigit.asm
                 jNoMatch   0x0054e2    program     static E:\c18v3.46\pic18-lt\cxx-framework\src\traditional\stdclib\isdigit.asm
                jNullLoop   0x004c20    program     static E:\c18v3.46\pic18-lt\cxx-framework\src\traditional\stdclib\strncat.asm
                jNullLoop   0x004b7a    program     static E:\c18v3.46\pic18-lt\cxx-framework\src\traditional\stdclib\strcat.asm
                  jSkipWS   0x004e76    program     static E:\c18v3.46\pic18-lt\cxx-framework\src\traditional\stdclib\atoi.asm
                 jSkipWS1   0x004e88    program     static E:\c18v3.46\pic18-lt\cxx-framework\src\traditional\stdclib\atoi.asm
                    jTerm   0x004c46    program     static E:\c18v3.46\pic18-lt\cxx-framework\src\traditional\stdclib\strncat.asm
                 jTstSign   0x004e8c    program     static E:\c18v3.46\pic18-lt\cxx-framework\src\traditional\stdclib\atoi.asm
                jTstSign1   0x004e98    program     static E:\c18v3.46\pic18-lt\cxx-framework\src\traditional\stdclib\atoi.asm
                jTstSign2   0x004e9e    program     static E:\c18v3.46\pic18-lt\cxx-framework\src\traditional\stdclib\atoi.asm
                jTstSign3   0x004ea0    program     static E:\c18v3.46\pic18-lt\cxx-framework\src\traditional\stdclib\atoi.asm
                     loop   0x005356    program     static                          
                     loop   0x00549e    program     static                          
                     loop   0x005514    program     static                          
                     loop   0x005530    program     static E:\c18v3.46\pic18-lt\cxx-framework\src\pmc_common\USART\_usartpc.asm
                   loop_h   0x0054f2    program     static E:\c18v3.46\pic18-lt\cxx-framework\src\traditional\proc\p18lf25k80.asm
                   loop_l   0x0054fc    program     static E:\c18v3.46\pic18-lt\cxx-framework\src\traditional\proc\p18lf25k80.asm
                     main   0x0012c8    program     extern C:\Users\pete\Desktop\Development\FiringSystemDdevelopment\PIC\HandControllerTriggerPortorCue\main2.c
                   memcpy   0x004ac8    program     extern E:\c18v3.46\pic18-lt\cxx-framework\src\traditional\stdclib\memcpy.asm
                   memset   0x004b1e    program     extern E:\c18v3.46\pic18-lt\cxx-framework\src\traditional\stdclib\memset.asm
                     putc   0x005122    program     extern E:\c18v3.46\pic18-lt\cxx-framework\src\traditional\stdclib\putc.c
                 s_digits   0x005558    program     static E:\c18v3.46\pic18-lt\cxx-framework\src\traditional\stdclib\vfprintf.c
            s_put_n_chars   0x003ea6    program     static E:\c18v3.46\pic18-lt\cxx-framework\src\traditional\stdclib\vfprintf.c
                  sprintf   0x004f32    program     extern E:\c18v3.46\pic18-lt\cxx-framework\src\traditional\stdclib\sprintf.c
                   strcat   0x004b52    program     extern E:\c18v3.46\pic18-lt\cxx-framework\src\traditional\stdclib\strcat.asm
                   strcpy   0x004b9a    program     extern E:\c18v3.46\pic18-lt\cxx-framework\src\traditional\stdclib\strcpy.asm
                   strlen   0x004bdc    program     extern E:\c18v3.46\pic18-lt\cxx-framework\src\traditional\stdclib\strlen.asm
                strlenpgm   0x004d0c    program     extern E:\c18v3.46\pic18-lt\cxx-framework\src\traditional\stdclib\slenpgm.asm
                  strncat   0x004bf8    program     extern E:\c18v3.46\pic18-lt\cxx-framework\src\traditional\stdclib\strncat.asm
                  strncmp   0x004c5a    program     extern E:\c18v3.46\pic18-lt\cxx-framework\src\traditional\stdclib\strncmp.asm
                  strncpy   0x004cb0    program     extern E:\c18v3.46\pic18-lt\cxx-framework\src\traditional\stdclib\strncpy.asm
                     test   0x00509e    program     static                          
                 vfprintf   0x003ed2    program     extern E:\c18v3.46\pic18-lt\cxx-framework\src\traditional\stdclib\vfprintf.c
              vgets1USART   0x000152    program     extern C:\Users\pete\Desktop\Development\FiringSystemDdevelopment\PIC\HandControllerTriggerPortorCue\cranwellP18F25K80.h
              vputs1USART   0x0005a6    program     extern C:\Users\pete\Desktop\Development\FiringSystemDdevelopment\PIC\HandControllerTriggerPortorCue\cranwellP18F25K80.h
               zero_block   0x0054f2    program     static E:\c18v3.46\pic18-lt\cxx-framework\src\traditional\proc\p18lf25k80.asm
                      ACK   0x000bd0       data     static C:\Users\pete\Desktop\Development\FiringSystemDdevelopment\PIC\HandControllerTriggerPortorCue\main2.c
                   ADCON0   0x000fc2       data     extern E:\c18v3.46\pic18-lt\cxx-framework\src\traditional\proc\p18lf25k80.asm
               ADCON0bits   0x000fc2       data     extern E:\c18v3.46\pic18-lt\cxx-framework\src\traditional\proc\p18lf25k80.asm
                   ADCON1   0x000fc1       data     extern E:\c18v3.46\pic18-lt\cxx-framework\src\traditional\proc\p18lf25k80.asm
               ADCON1bits   0x000fc1       data     extern E:\c18v3.46\pic18-lt\cxx-framework\src\traditional\proc\p18lf25k80.asm
                   ADCON2   0x000fc0       data     extern E:\c18v3.46\pic18-lt\cxx-framework\src\traditional\proc\p18lf25k80.asm
               ADCON2bits   0x000fc0       data     extern E:\c18v3.46\pic18-lt\cxx-framework\src\traditional\proc\p18lf25k80.asm
                    ADRES   0x000fc3       data     extern E:\c18v3.46\pic18-lt\cxx-framework\src\traditional\proc\p18lf25k80.asm
                   ADRESH   0x000fc4       data     extern E:\c18v3.46\pic18-lt\cxx-framework\src\traditional\proc\p18lf25k80.asm
                   ADRESL   0x000fc3       data     extern E:\c18v3.46\pic18-lt\cxx-framework\src\traditional\proc\p18lf25k80.asm
                   ANCON0   0x000f5d       data     extern E:\c18v3.46\pic18-lt\cxx-framework\src\traditional\proc\p18lf25k80.asm
               ANCON0bits   0x000f5d       data     extern E:\c18v3.46\pic18-lt\cxx-framework\src\traditional\proc\p18lf25k80.asm
                   ANCON1   0x000f5c       data     extern E:\c18v3.46\pic18-lt\cxx-framework\src\traditional\proc\p18lf25k80.asm
               ANCON1bits   0x000f5c       data     extern E:\c18v3.46\pic18-lt\cxx-framework\src\traditional\proc\p18lf25k80.asm
                   AckMsg   0x000bae       data     static C:\Users\pete\Desktop\Development\FiringSystemDdevelopment\PIC\HandControllerTriggerPortorCue\main2.c
                      Arm   0x000ae4       data     static C:\Users\pete\Desktop\Development\FiringSystemDdevelopment\PIC\HandControllerTriggerPortorCue\main2.c
                   ArmMsg   0x000b71       data     static C:\Users\pete\Desktop\Development\FiringSystemDdevelopment\PIC\HandControllerTriggerPortorCue\main2.c
                    Armed   0x000bd2       data     static C:\Users\pete\Desktop\Development\FiringSystemDdevelopment\PIC\HandControllerTriggerPortorCue\main2.c
                    Ascii   0x000708       data     static C:\Users\pete\Desktop\Development\FiringSystemDdevelopment\PIC\HandControllerTriggerPortorCue\main2.c
                    B0CON   0x000e80       data     extern E:\c18v3.46\pic18-lt\cxx-framework\src\traditional\proc\p18lf25k80.asm
                B0CONbits   0x000e80       data     extern E:\c18v3.46\pic18-lt\cxx-framework\src\traditional\proc\p18lf25k80.asm
                     B0D0   0x000e86       data     extern E:\c18v3.46\pic18-lt\cxx-framework\src\traditional\proc\p18lf25k80.asm
                 B0D0bits   0x000e86       data     extern E:\c18v3.46\pic18-lt\cxx-framework\src\traditional\proc\p18lf25k80.asm
                     B0D1   0x000e87       data     extern E:\c18v3.46\pic18-lt\cxx-framework\src\traditional\proc\p18lf25k80.asm
                 B0D1bits   0x000e87       data     extern E:\c18v3.46\pic18-lt\cxx-framework\src\traditional\proc\p18lf25k80.asm
                     B0D2   0x000e88       data     extern E:\c18v3.46\pic18-lt\cxx-framework\src\traditional\proc\p18lf25k80.asm
                 B0D2bits   0x000e88       data     extern E:\c18v3.46\pic18-lt\cxx-framework\src\traditional\proc\p18lf25k80.asm
                     B0D3   0x000e89       data     extern E:\c18v3.46\pic18-lt\cxx-framework\src\traditional\proc\p18lf25k80.asm
                 B0D3bits   0x000e89       data     extern E:\c18v3.46\pic18-lt\cxx-framework\src\traditional\proc\p18lf25k80.asm
                     B0D4   0x000e8a       data     extern E:\c18v3.46\pic18-lt\cxx-framework\src\traditional\proc\p18lf25k80.asm
                 B0D4bits   0x000e8a       data     extern E:\c18v3.46\pic18-lt\cxx-framework\src\traditional\proc\p18lf25k80.asm
                     B0D5   0x000e8b       data     extern E:\c18v3.46\pic18-lt\cxx-framework\src\traditional\proc\p18lf25k80.asm
                 B0D5bits   0x000e8b       data     extern E:\c18v3.46\pic18-lt\cxx-framework\src\traditional\proc\p18lf25k80.asm
                     B0D6   0x000e8c       data     extern E:\c18v3.46\pic18-lt\cxx-framework\src\traditional\proc\p18lf25k80.asm
                 B0D6bits   0x000e8c       data     extern E:\c18v3.46\pic18-lt\cxx-framework\src\traditional\proc\p18lf25k80.asm
                     B0D7   0x000e8d       data     extern E:\c18v3.46\pic18-lt\cxx-framework\src\traditional\proc\p18lf25k80.asm
                 B0D7bits   0x000e8d       data     extern E:\c18v3.46\pic18-lt\cxx-framework\src\traditional\proc\p18lf25k80.asm
                    B0DLC   0x000e85       data     extern E:\c18v3.46\pic18-lt\cxx-framework\src\traditional\proc\p18lf25k80.asm
                B0DLCbits   0x000e85       data     extern E:\c18v3.46\pic18-lt\cxx-framework\src\traditional\proc\p18lf25k80.asm
                   B0EIDH   0x000e83       data     extern E:\c18v3.46\pic18-lt\cxx-framework\src\traditional\proc\p18lf25k80.asm
               B0EIDHbits   0x000e83       data     extern E:\c18v3.46\pic18-lt\cxx-framework\src\traditional\proc\p18lf25k80.asm
                   B0EIDL   0x000e84       data     extern E:\c18v3.46\pic18-lt\cxx-framework\src\traditional\proc\p18lf25k80.asm
               B0EIDLbits   0x000e84       data     extern E:\c18v3.46\pic18-lt\cxx-framework\src\traditional\proc\p18lf25k80.asm
                   B0SIDH   0x000e81       data     extern E:\c18v3.46\pic18-lt\cxx-framework\src\traditional\proc\p18lf25k80.asm
               B0SIDHbits   0x000e81       data     extern E:\c18v3.46\pic18-lt\cxx-framework\src\traditional\proc\p18lf25k80.asm
                   B0SIDL   0x000e82       data     extern E:\c18v3.46\pic18-lt\cxx-framework\src\traditional\proc\p18lf25k80.asm
               B0SIDLbits   0x000e82       data     extern E:\c18v3.46\pic18-lt\cxx-framework\src\traditional\proc\p18lf25k80.asm
                    B1CON   0x000e90       data     extern E:\c18v3.46\pic18-lt\cxx-framework\src\traditional\proc\p18lf25k80.asm
                B1CONbits   0x000e90       data     extern E:\c18v3.46\pic18-lt\cxx-framework\src\traditional\proc\p18lf25k80.asm
                     B1D0   0x000e96       data     extern E:\c18v3.46\pic18-lt\cxx-framework\src\traditional\proc\p18lf25k80.asm
                 B1D0bits   0x000e96       data     extern E:\c18v3.46\pic18-lt\cxx-framework\src\traditional\proc\p18lf25k80.asm
                     B1D1   0x000e97       data     extern E:\c18v3.46\pic18-lt\cxx-framework\src\traditional\proc\p18lf25k80.asm
                 B1D1bits   0x000e97       data     extern E:\c18v3.46\pic18-lt\cxx-framework\src\traditional\proc\p18lf25k80.asm
                     B1D2   0x000e98       data     extern E:\c18v3.46\pic18-lt\cxx-framework\src\traditional\proc\p18lf25k80.asm
                 B1D2bits   0x000e98       data     extern E:\c18v3.46\pic18-lt\cxx-framework\src\traditional\proc\p18lf25k80.asm
                     B1D3   0x000e99       data     extern E:\c18v3.46\pic18-lt\cxx-framework\src\traditional\proc\p18lf25k80.asm
                 B1D3bits   0x000e99       data     extern E:\c18v3.46\pic18-lt\cxx-framework\src\traditional\proc\p18lf25k80.asm
                     B1D4   0x000e9a       data     extern E:\c18v3.46\pic18-lt\cxx-framework\src\traditional\proc\p18lf25k80.asm
                 B1D4bits   0x000e9a       data     extern E:\c18v3.46\pic18-lt\cxx-framework\src\traditional\proc\p18lf25k80.asm
                     B1D5   0x000e9b       data     extern E:\c18v3.46\pic18-lt\cxx-framework\src\traditional\proc\p18lf25k80.asm
                 B1D5bits   0x000e9b       data     extern E:\c18v3.46\pic18-lt\cxx-framework\src\traditional\proc\p18lf25k80.asm
                     B1D6   0x000e9c       data     extern E:\c18v3.46\pic18-lt\cxx-framework\src\traditional\proc\p18lf25k80.asm
                 B1D6bits   0x000e9c       data     extern E:\c18v3.46\pic18-lt\cxx-framework\src\traditional\proc\p18lf25k80.asm
                     B1D7   0x000e9d       data     extern E:\c18v3.46\pic18-lt\cxx-framework\src\traditional\proc\p18lf25k80.asm
                 B1D7bits   0x000e9d       data     extern E:\c18v3.46\pic18-lt\cxx-framework\src\traditional\proc\p18lf25k80.asm
                    B1DLC   0x000e95       data     extern E:\c18v3.46\pic18-lt\cxx-framework\src\traditional\proc\p18lf25k80.asm
                B1DLCbits   0x000e95       data     extern E:\c18v3.46\pic18-lt\cxx-framework\src\traditional\proc\p18lf25k80.asm
                   B1EIDH   0x000e93       data     extern E:\c18v3.46\pic18-lt\cxx-framework\src\traditional\proc\p18lf25k80.asm
               B1EIDHbits   0x000e93       data     extern E:\c18v3.46\pic18-lt\cxx-framework\src\traditional\proc\p18lf25k80.asm
                   B1EIDL   0x000e94       data     extern E:\c18v3.46\pic18-lt\cxx-framework\src\traditional\proc\p18lf25k80.asm
               B1EIDLbits   0x000e94       data     extern E:\c18v3.46\pic18-lt\cxx-framework\src\traditional\proc\p18lf25k80.asm
                   B1SIDH   0x000e91       data     extern E:\c18v3.46\pic18-lt\cxx-framework\src\traditional\proc\p18lf25k80.asm
               B1SIDHbits   0x000e91       data     extern E:\c18v3.46\pic18-lt\cxx-framework\src\traditional\proc\p18lf25k80.asm
                   B1SIDL   0x000e92       data     extern E:\c18v3.46\pic18-lt\cxx-framework\src\traditional\proc\p18lf25k80.asm
               B1SIDLbits   0x000e92       data     extern E:\c18v3.46\pic18-lt\cxx-framework\src\traditional\proc\p18lf25k80.asm
                    B2CON   0x000ea0       data     extern E:\c18v3.46\pic18-lt\cxx-framework\src\traditional\proc\p18lf25k80.asm
                B2CONbits   0x000ea0       data     extern E:\c18v3.46\pic18-lt\cxx-framework\src\traditional\proc\p18lf25k80.asm
                     B2D0   0x000ea6       data     extern E:\c18v3.46\pic18-lt\cxx-framework\src\traditional\proc\p18lf25k80.asm
                 B2D0bits   0x000ea6       data     extern E:\c18v3.46\pic18-lt\cxx-framework\src\traditional\proc\p18lf25k80.asm
                     B2D1   0x000ea7       data     extern E:\c18v3.46\pic18-lt\cxx-framework\src\traditional\proc\p18lf25k80.asm
                 B2D1bits   0x000ea7       data     extern E:\c18v3.46\pic18-lt\cxx-framework\src\traditional\proc\p18lf25k80.asm
                     B2D2   0x000ea8       data     extern E:\c18v3.46\pic18-lt\cxx-framework\src\traditional\proc\p18lf25k80.asm
                 B2D2bits   0x000ea8       data     extern E:\c18v3.46\pic18-lt\cxx-framework\src\traditional\proc\p18lf25k80.asm
                     B2D3   0x000ea9       data     extern E:\c18v3.46\pic18-lt\cxx-framework\src\traditional\proc\p18lf25k80.asm
                 B2D3bits   0x000ea9       data     extern E:\c18v3.46\pic18-lt\cxx-framework\src\traditional\proc\p18lf25k80.asm
                     B2D4   0x000eaa       data     extern E:\c18v3.46\pic18-lt\cxx-framework\src\traditional\proc\p18lf25k80.asm
                 B2D4bits   0x000eaa       data     extern E:\c18v3.46\pic18-lt\cxx-framework\src\traditional\proc\p18lf25k80.asm
                     B2D5   0x000eab       data     extern E:\c18v3.46\pic18-lt\cxx-framework\src\traditional\proc\p18lf25k80.asm
                 B2D5bits   0x000eab       data     extern E:\c18v3.46\pic18-lt\cxx-framework\src\traditional\proc\p18lf25k80.asm
                     B2D6   0x000eac       data     extern E:\c18v3.46\pic18-lt\cxx-framework\src\traditional\proc\p18lf25k80.asm
                 B2D6bits   0x000eac       data     extern E:\c18v3.46\pic18-lt\cxx-framework\src\traditional\proc\p18lf25k80.asm
                     B2D7   0x000ead       data     extern E:\c18v3.46\pic18-lt\cxx-framework\src\traditional\proc\p18lf25k80.asm
                 B2D7bits   0x000ead       data     extern E:\c18v3.46\pic18-lt\cxx-framework\src\traditional\proc\p18lf25k80.asm
                    B2DLC   0x000ea5       data     extern E:\c18v3.46\pic18-lt\cxx-framework\src\traditional\proc\p18lf25k80.asm
                B2DLCbits   0x000ea5       data     extern E:\c18v3.46\pic18-lt\cxx-framework\src\traditional\proc\p18lf25k80.asm
                   B2EIDH   0x000ea3       data     extern E:\c18v3.46\pic18-lt\cxx-framework\src\traditional\proc\p18lf25k80.asm
               B2EIDHbits   0x000ea3       data     extern E:\c18v3.46\pic18-lt\cxx-framework\src\traditional\proc\p18lf25k80.asm
                   B2EIDL   0x000ea4       data     extern E:\c18v3.46\pic18-lt\cxx-framework\src\traditional\proc\p18lf25k80.asm
               B2EIDLbits   0x000ea4       data     extern E:\c18v3.46\pic18-lt\cxx-framework\src\traditional\proc\p18lf25k80.asm
                   B2SIDH   0x000ea1       data     extern E:\c18v3.46\pic18-lt\cxx-framework\src\traditional\proc\p18lf25k80.asm
               B2SIDHbits   0x000ea1       data     extern E:\c18v3.46\pic18-lt\cxx-framework\src\traditional\proc\p18lf25k80.asm
                   B2SIDL   0x000ea2       data     extern E:\c18v3.46\pic18-lt\cxx-framework\src\traditional\proc\p18lf25k80.asm
               B2SIDLbits   0x000ea2       data     extern E:\c18v3.46\pic18-lt\cxx-framework\src\traditional\proc\p18lf25k80.asm
                    B3CON   0x000eb0       data     extern E:\c18v3.46\pic18-lt\cxx-framework\src\traditional\proc\p18lf25k80.asm
                B3CONbits   0x000eb0       data     extern E:\c18v3.46\pic18-lt\cxx-framework\src\traditional\proc\p18lf25k80.asm
                     B3D0   0x000eb6       data     extern E:\c18v3.46\pic18-lt\cxx-framework\src\traditional\proc\p18lf25k80.asm
                 B3D0bits   0x000eb6       data     extern E:\c18v3.46\pic18-lt\cxx-framework\src\traditional\proc\p18lf25k80.asm
                     B3D1   0x000eb7       data     extern E:\c18v3.46\pic18-lt\cxx-framework\src\traditional\proc\p18lf25k80.asm
                 B3D1bits   0x000eb7       data     extern E:\c18v3.46\pic18-lt\cxx-framework\src\traditional\proc\p18lf25k80.asm
                     B3D2   0x000eb8       data     extern E:\c18v3.46\pic18-lt\cxx-framework\src\traditional\proc\p18lf25k80.asm
                 B3D2bits   0x000eb8       data     extern E:\c18v3.46\pic18-lt\cxx-framework\src\traditional\proc\p18lf25k80.asm
                     B3D3   0x000eb9       data     extern E:\c18v3.46\pic18-lt\cxx-framework\src\traditional\proc\p18lf25k80.asm
                 B3D3bits   0x000eb9       data     extern E:\c18v3.46\pic18-lt\cxx-framework\src\traditional\proc\p18lf25k80.asm
                     B3D4   0x000eba       data     extern E:\c18v3.46\pic18-lt\cxx-framework\src\traditional\proc\p18lf25k80.asm
                 B3D4bits   0x000eba       data     extern E:\c18v3.46\pic18-lt\cxx-framework\src\traditional\proc\p18lf25k80.asm
                     B3D5   0x000ebb       data     extern E:\c18v3.46\pic18-lt\cxx-framework\src\traditional\proc\p18lf25k80.asm
                 B3D5bits   0x000ebb       data     extern E:\c18v3.46\pic18-lt\cxx-framework\src\traditional\proc\p18lf25k80.asm
                     B3D6   0x000ebc       data     extern E:\c18v3.46\pic18-lt\cxx-framework\src\traditional\proc\p18lf25k80.asm
                 B3D6bits   0x000ebc       data     extern E:\c18v3.46\pic18-lt\cxx-framework\src\traditional\proc\p18lf25k80.asm
                     B3D7   0x000ebd       data     extern E:\c18v3.46\pic18-lt\cxx-framework\src\traditional\proc\p18lf25k80.asm
                 B3D7bits   0x000ebd       data     extern E:\c18v3.46\pic18-lt\cxx-framework\src\traditional\proc\p18lf25k80.asm
                    B3DLC   0x000eb5       data     extern E:\c18v3.46\pic18-lt\cxx-framework\src\traditional\proc\p18lf25k80.asm
                B3DLCbits   0x000eb5       data     extern E:\c18v3.46\pic18-lt\cxx-framework\src\traditional\proc\p18lf25k80.asm
                   B3EIDH   0x000eb3       data     extern E:\c18v3.46\pic18-lt\cxx-framework\src\traditional\proc\p18lf25k80.asm
               B3EIDHbits   0x000eb3       data     extern E:\c18v3.46\pic18-lt\cxx-framework\src\traditional\proc\p18lf25k80.asm
                   B3EIDL   0x000eb4       data     extern E:\c18v3.46\pic18-lt\cxx-framework\src\traditional\proc\p18lf25k80.asm
               B3EIDLbits   0x000eb4       data     extern E:\c18v3.46\pic18-lt\cxx-framework\src\traditional\proc\p18lf25k80.asm
                   B3SIDH   0x000eb1       data     extern E:\c18v3.46\pic18-lt\cxx-framework\src\traditional\proc\p18lf25k80.asm
               B3SIDHbits   0x000eb1       data     extern E:\c18v3.46\pic18-lt\cxx-framework\src\traditional\proc\p18lf25k80.asm
                   B3SIDL   0x000eb2       data     extern E:\c18v3.46\pic18-lt\cxx-framework\src\traditional\proc\p18lf25k80.asm
               B3SIDLbits   0x000eb2       data     extern E:\c18v3.46\pic18-lt\cxx-framework\src\traditional\proc\p18lf25k80.asm
                    B4CON   0x000ec0       data     extern E:\c18v3.46\pic18-lt\cxx-framework\src\traditional\proc\p18lf25k80.asm
                B4CONbits   0x000ec0       data     extern E:\c18v3.46\pic18-lt\cxx-framework\src\traditional\proc\p18lf25k80.asm
                     B4D0   0x000ec6       data     extern E:\c18v3.46\pic18-lt\cxx-framework\src\traditional\proc\p18lf25k80.asm
                 B4D0bits   0x000ec6       data     extern E:\c18v3.46\pic18-lt\cxx-framework\src\traditional\proc\p18lf25k80.asm
                     B4D1   0x000ec7       data     extern E:\c18v3.46\pic18-lt\cxx-framework\src\traditional\proc\p18lf25k80.asm
                 B4D1bits   0x000ec7       data     extern E:\c18v3.46\pic18-lt\cxx-framework\src\traditional\proc\p18lf25k80.asm
                     B4D2   0x000ec8       data     extern E:\c18v3.46\pic18-lt\cxx-framework\src\traditional\proc\p18lf25k80.asm
                 B4D2bits   0x000ec8       data     extern E:\c18v3.46\pic18-lt\cxx-framework\src\traditional\proc\p18lf25k80.asm
                     B4D3   0x000ec9       data     extern E:\c18v3.46\pic18-lt\cxx-framework\src\traditional\proc\p18lf25k80.asm
                 B4D3bits   0x000ec9       data     extern E:\c18v3.46\pic18-lt\cxx-framework\src\traditional\proc\p18lf25k80.asm
                     B4D4   0x000eca       data     extern E:\c18v3.46\pic18-lt\cxx-framework\src\traditional\proc\p18lf25k80.asm
                 B4D4bits   0x000eca       data     extern E:\c18v3.46\pic18-lt\cxx-framework\src\traditional\proc\p18lf25k80.asm
                     B4D5   0x000ecb       data     extern E:\c18v3.46\pic18-lt\cxx-framework\src\traditional\proc\p18lf25k80.asm
                 B4D5bits   0x000ecb       data     extern E:\c18v3.46\pic18-lt\cxx-framework\src\traditional\proc\p18lf25k80.asm
                     B4D6   0x000ecc       data     extern E:\c18v3.46\pic18-lt\cxx-framework\src\traditional\proc\p18lf25k80.asm
                 B4D6bits   0x000ecc       data     extern E:\c18v3.46\pic18-lt\cxx-framework\src\traditional\proc\p18lf25k80.asm
                     B4D7   0x000ecd       data     extern E:\c18v3.46\pic18-lt\cxx-framework\src\traditional\proc\p18lf25k80.asm
                 B4D7bits   0x000ecd       data     extern E:\c18v3.46\pic18-lt\cxx-framework\src\traditional\proc\p18lf25k80.asm
                    B4DLC   0x000ec5       data     extern E:\c18v3.46\pic18-lt\cxx-framework\src\traditional\proc\p18lf25k80.asm
                B4DLCbits   0x000ec5       data     extern E:\c18v3.46\pic18-lt\cxx-framework\src\traditional\proc\p18lf25k80.asm
                   B4EIDH   0x000ec3       data     extern E:\c18v3.46\pic18-lt\cxx-framework\src\traditional\proc\p18lf25k80.asm
               B4EIDHbits   0x000ec3       data     extern E:\c18v3.46\pic18-lt\cxx-framework\src\traditional\proc\p18lf25k80.asm
                   B4EIDL   0x000ec4       data     extern E:\c18v3.46\pic18-lt\cxx-framework\src\traditional\proc\p18lf25k80.asm
               B4EIDLbits   0x000ec4       data     extern E:\c18v3.46\pic18-lt\cxx-framework\src\traditional\proc\p18lf25k80.asm
                   B4SIDH   0x000ec1       data     extern E:\c18v3.46\pic18-lt\cxx-framework\src\traditional\proc\p18lf25k80.asm
               B4SIDHbits   0x000ec1       data     extern E:\c18v3.46\pic18-lt\cxx-framework\src\traditional\proc\p18lf25k80.asm
                   B4SIDL   0x000ec2       data     extern E:\c18v3.46\pic18-lt\cxx-framework\src\traditional\proc\p18lf25k80.asm
               B4SIDLbits   0x000ec2       data     extern E:\c18v3.46\pic18-lt\cxx-framework\src\traditional\proc\p18lf25k80.asm
                    B5CON   0x000ed0       data     extern E:\c18v3.46\pic18-lt\cxx-framework\src\traditional\proc\p18lf25k80.asm
                B5CONbits   0x000ed0       data     extern E:\c18v3.46\pic18-lt\cxx-framework\src\traditional\proc\p18lf25k80.asm
                     B5D0   0x000ed6       data     extern E:\c18v3.46\pic18-lt\cxx-framework\src\traditional\proc\p18lf25k80.asm
                 B5D0bits   0x000ed6       data     extern E:\c18v3.46\pic18-lt\cxx-framework\src\traditional\proc\p18lf25k80.asm
                     B5D1   0x000ed7       data     extern E:\c18v3.46\pic18-lt\cxx-framework\src\traditional\proc\p18lf25k80.asm
                 B5D1bits   0x000ed7       data     extern E:\c18v3.46\pic18-lt\cxx-framework\src\traditional\proc\p18lf25k80.asm
                     B5D2   0x000ed8       data     extern E:\c18v3.46\pic18-lt\cxx-framework\src\traditional\proc\p18lf25k80.asm
                 B5D2bits   0x000ed8       data     extern E:\c18v3.46\pic18-lt\cxx-framework\src\traditional\proc\p18lf25k80.asm
                     B5D3   0x000ed9       data     extern E:\c18v3.46\pic18-lt\cxx-framework\src\traditional\proc\p18lf25k80.asm
                 B5D3bits   0x000ed9       data     extern E:\c18v3.46\pic18-lt\cxx-framework\src\traditional\proc\p18lf25k80.asm
                     B5D4   0x000eda       data     extern E:\c18v3.46\pic18-lt\cxx-framework\src\traditional\proc\p18lf25k80.asm
                 B5D4bits   0x000eda       data     extern E:\c18v3.46\pic18-lt\cxx-framework\src\traditional\proc\p18lf25k80.asm
                     B5D5   0x000edb       data     extern E:\c18v3.46\pic18-lt\cxx-framework\src\traditional\proc\p18lf25k80.asm
                 B5D5bits   0x000edb       data     extern E:\c18v3.46\pic18-lt\cxx-framework\src\traditional\proc\p18lf25k80.asm
                     B5D6   0x000edc       data     extern E:\c18v3.46\pic18-lt\cxx-framework\src\traditional\proc\p18lf25k80.asm
                 B5D6bits   0x000edc       data     extern E:\c18v3.46\pic18-lt\cxx-framework\src\traditional\proc\p18lf25k80.asm
                     B5D7   0x000edd       data     extern E:\c18v3.46\pic18-lt\cxx-framework\src\traditional\proc\p18lf25k80.asm
                 B5D7bits   0x000edd       data     extern E:\c18v3.46\pic18-lt\cxx-framework\src\traditional\proc\p18lf25k80.asm
                    B5DLC   0x000ed5       data     extern E:\c18v3.46\pic18-lt\cxx-framework\src\traditional\proc\p18lf25k80.asm
[...]
                  HLVDCON   0x000fa8       data     extern E:\c18v3.46\pic18-lt\cxx-framework\src\traditional\proc\p18lf25k80.asm
                      PR4   0x000fa9       data     extern E:\c18v3.46\pic18-lt\cxx-framework\src\traditional\proc\p18lf25k80.asm
               T1GCONbits   0x000faa       data     extern E:\c18v3.46\pic18-lt\cxx-framework\src\traditional\proc\p18lf25k80.asm
                   T1GCON   0x000faa       data     extern E:\c18v3.46\pic18-lt\cxx-framework\src\traditional\proc\p18lf25k80.asm
                RCSTAbits   0x000fab       data     extern E:\c18v3.46\pic18-lt\cxx-framework\src\traditional\proc\p18lf25k80.asm
                    RCSTA   0x000fab       data     extern E:\c18v3.46\pic18-lt\cxx-framework\src\traditional\proc\p18lf25k80.asm
                   RCSTA1   0x000fab       data     extern E:\c18v3.46\pic18-lt\cxx-framework\src\traditional\proc\p18lf25k80.asm
               RCSTA1bits   0x000fab       data     extern E:\c18v3.46\pic18-lt\cxx-framework\src\traditional\proc\p18lf25k80.asm
                    TXSTA   0x000fac       data     extern E:\c18v3.46\pic18-lt\cxx-framework\src\traditional\proc\p18lf25k80.asm
                   TXSTA1   0x000fac       data     extern E:\c18v3.46\pic18-lt\cxx-framework\src\traditional\proc\p18lf25k80.asm
               TXSTA1bits   0x000fac       data     extern E:\c18v3.46\pic18-lt\cxx-framework\src\traditional\proc\p18lf25k80.asm
                TXSTAbits   0x000fac       data     extern E:\c18v3.46\pic18-lt\cxx-framework\src\traditional\proc\p18lf25k80.asm
                   TXREG1   0x000fad       data     extern E:\c18v3.46\pic18-lt\cxx-framework\src\traditional\proc\p18lf25k80.asm
                    TXREG   0x000fad       data     extern E:\c18v3.46\pic18-lt\cxx-framework\src\traditional\proc\p18lf25k80.asm
                    RCREG   0x000fae       data     extern E:\c18v3.46\pic18-lt\cxx-framework\src\traditional\proc\p18lf25k80.asm
                   RCREG1   0x000fae       data     extern E:\c18v3.46\pic18-lt\cxx-framework\src\traditional\proc\p18lf25k80.asm
                    SPBRG   0x000faf       data     extern E:\c18v3.46\pic18-lt\cxx-framework\src\traditional\proc\p18lf25k80.asm
                   SPBRG1   0x000faf       data     extern E:\c18v3.46\pic18-lt\cxx-framework\src\traditional\proc\p18lf25k80.asm
               T3GCONbits   0x000fb0       data     extern E:\c18v3.46\pic18-lt\cxx-framework\src\traditional\proc\p18lf25k80.asm
                   T3GCON   0x000fb0       data     extern E:\c18v3.46\pic18-lt\cxx-framework\src\traditional\proc\p18lf25k80.asm
                    T3CON   0x000fb1       data     extern E:\c18v3.46\pic18-lt\cxx-framework\src\traditional\proc\p18lf25k80.asm
                T3CONbits   0x000fb1       data     extern E:\c18v3.46\pic18-lt\cxx-framework\src\traditional\proc\p18lf25k80.asm
                    TMR3L   0x000fb2       data     extern E:\c18v3.46\pic18-lt\cxx-framework\src\traditional\proc\p18lf25k80.asm
                    TMR3H   0x000fb3       data     extern E:\c18v3.46\pic18-lt\cxx-framework\src\traditional\proc\p18lf25k80.asm
               CMSTATbits   0x000fb4       data     extern E:\c18v3.46\pic18-lt\cxx-framework\src\traditional\proc\p18lf25k80.asm
             CMSTATUSbits   0x000fb4       data     extern E:\c18v3.46\pic18-lt\cxx-framework\src\traditional\proc\p18lf25k80.asm
                 CMSTATUS   0x000fb4       data     extern E:\c18v3.46\pic18-lt\cxx-framework\src\traditional\proc\p18lf25k80.asm
                   CMSTAT   0x000fb4       data     extern E:\c18v3.46\pic18-lt\cxx-framework\src\traditional\proc\p18lf25k80.asm
                   CVRCON   0x000fb5       data     extern E:\c18v3.46\pic18-lt\cxx-framework\src\traditional\proc\p18lf25k80.asm
               CVRCONbits   0x000fb5       data     extern E:\c18v3.46\pic18-lt\cxx-framework\src\traditional\proc\p18lf25k80.asm
                 PIE4bits   0x000fb6       data     extern E:\c18v3.46\pic18-lt\cxx-framework\src\traditional\proc\p18lf25k80.asm
                     PIE4   0x000fb6       data     extern E:\c18v3.46\pic18-lt\cxx-framework\src\traditional\proc\p18lf25k80.asm
                     PIR4   0x000fb7       data     extern E:\c18v3.46\pic18-lt\cxx-framework\src\traditional\proc\p18lf25k80.asm
                 PIR4bits   0x000fb7       data     extern E:\c18v3.46\pic18-lt\cxx-framework\src\traditional\proc\p18lf25k80.asm
                     IPR4   0x000fb8       data     extern E:\c18v3.46\pic18-lt\cxx-framework\src\traditional\proc\p18lf25k80.asm
                 IPR4bits   0x000fb8       data     extern E:\c18v3.46\pic18-lt\cxx-framework\src\traditional\proc\p18lf25k80.asm
             BAUDCON2bits   0x000fb9       data     extern E:\c18v3.46\pic18-lt\cxx-framework\src\traditional\proc\p18lf25k80.asm
                 BAUDCON2   0x000fb9       data     extern E:\c18v3.46\pic18-lt\cxx-framework\src\traditional\proc\p18lf25k80.asm
                   TXSTA2   0x000fba       data     extern E:\c18v3.46\pic18-lt\cxx-framework\src\traditional\proc\p18lf25k80.asm
               TXSTA2bits   0x000fba       data     extern E:\c18v3.46\pic18-lt\cxx-framework\src\traditional\proc\p18lf25k80.asm
             ECCP1CONbits   0x000fbb       data     extern E:\c18v3.46\pic18-lt\cxx-framework\src\traditional\proc\p18lf25k80.asm
                  CCP1CON   0x000fbb       data     extern E:\c18v3.46\pic18-lt\cxx-framework\src\traditional\proc\p18lf25k80.asm
                 ECCP1CON   0x000fbb       data     extern E:\c18v3.46\pic18-lt\cxx-framework\src\traditional\proc\p18lf25k80.asm
              CCP1CONbits   0x000fbb       data     extern E:\c18v3.46\pic18-lt\cxx-framework\src\traditional\proc\p18lf25k80.asm
                   CCPR1L   0x000fbc       data     extern E:\c18v3.46\pic18-lt\cxx-framework\src\traditional\proc\p18lf25k80.asm
                    CCPR1   0x000fbc       data     extern E:\c18v3.46\pic18-lt\cxx-framework\src\traditional\proc\p18lf25k80.asm
                   CCPR1H   0x000fbd       data     extern E:\c18v3.46\pic18-lt\cxx-framework\src\traditional\proc\p18lf25k80.asm
             ECCP1DELbits   0x000fbe       data     extern E:\c18v3.46\pic18-lt\cxx-framework\src\traditional\proc\p18lf25k80.asm
              PWM1CONbits   0x000fbe       data     extern E:\c18v3.46\pic18-lt\cxx-framework\src\traditional\proc\p18lf25k80.asm
                 ECCP1DEL   0x000fbe       data     extern E:\c18v3.46\pic18-lt\cxx-framework\src\traditional\proc\p18lf25k80.asm
                  PWM1CON   0x000fbe       data     extern E:\c18v3.46\pic18-lt\cxx-framework\src\traditional\proc\p18lf25k80.asm
                  ECCP1AS   0x000fbf       data     extern E:\c18v3.46\pic18-lt\cxx-framework\src\traditional\proc\p18lf25k80.asm
              ECCP1ASbits   0x000fbf       data     extern E:\c18v3.46\pic18-lt\cxx-framework\src\traditional\proc\p18lf25k80.asm
               ADCON2bits   0x000fc0       data     extern E:\c18v3.46\pic18-lt\cxx-framework\src\traditional\proc\p18lf25k80.asm
                   ADCON2   0x000fc0       data     extern E:\c18v3.46\pic18-lt\cxx-framework\src\traditional\proc\p18lf25k80.asm
                   ADCON1   0x000fc1       data     extern E:\c18v3.46\pic18-lt\cxx-framework\src\traditional\proc\p18lf25k80.asm
               ADCON1bits   0x000fc1       data     extern E:\c18v3.46\pic18-lt\cxx-framework\src\traditional\proc\p18lf25k80.asm
                   ADCON0   0x000fc2       data     extern E:\c18v3.46\pic18-lt\cxx-framework\src\traditional\proc\p18lf25k80.asm
               ADCON0bits   0x000fc2       data     extern E:\c18v3.46\pic18-lt\cxx-framework\src\traditional\proc\p18lf25k80.asm
                   ADRESL   0x000fc3       data     extern E:\c18v3.46\pic18-lt\cxx-framework\src\traditional\proc\p18lf25k80.asm
                    ADRES   0x000fc3       data     extern E:\c18v3.46\pic18-lt\cxx-framework\src\traditional\proc\p18lf25k80.asm
                   ADRESH   0x000fc4       data     extern E:\c18v3.46\pic18-lt\cxx-framework\src\traditional\proc\p18lf25k80.asm
              SSPCON2bits   0x000fc5       data     extern E:\c18v3.46\pic18-lt\cxx-framework\src\traditional\proc\p18lf25k80.asm
                  SSPCON2   0x000fc5       data     extern E:\c18v3.46\pic18-lt\cxx-framework\src\traditional\proc\p18lf25k80.asm
              SSPCON1bits   0x000fc6       data     extern E:\c18v3.46\pic18-lt\cxx-framework\src\traditional\proc\p18lf25k80.asm
                  SSPCON1   0x000fc6       data     extern E:\c18v3.46\pic18-lt\cxx-framework\src\traditional\proc\p18lf25k80.asm
              SSPSTATbits   0x000fc7       data     extern E:\c18v3.46\pic18-lt\cxx-framework\src\traditional\proc\p18lf25k80.asm
                  SSPSTAT   0x000fc7       data     extern E:\c18v3.46\pic18-lt\cxx-framework\src\traditional\proc\p18lf25k80.asm
               SSPADDbits   0x000fc8       data     extern E:\c18v3.46\pic18-lt\cxx-framework\src\traditional\proc\p18lf25k80.asm
                   SSPADD   0x000fc8       data     extern E:\c18v3.46\pic18-lt\cxx-framework\src\traditional\proc\p18lf25k80.asm
                   SSPBUF   0x000fc9       data     extern E:\c18v3.46\pic18-lt\cxx-framework\src\traditional\proc\p18lf25k80.asm
                T2CONbits   0x000fca       data     extern E:\c18v3.46\pic18-lt\cxx-framework\src\traditional\proc\p18lf25k80.asm
                    T2CON   0x000fca       data     extern E:\c18v3.46\pic18-lt\cxx-framework\src\traditional\proc\p18lf25k80.asm
                      PR2   0x000fcb       data     extern E:\c18v3.46\pic18-lt\cxx-framework\src\traditional\proc\p18lf25k80.asm
                     TMR2   0x000fcc       data     extern E:\c18v3.46\pic18-lt\cxx-framework\src\traditional\proc\p18lf25k80.asm
                T1CONbits   0x000fcd       data     extern E:\c18v3.46\pic18-lt\cxx-framework\src\traditional\proc\p18lf25k80.asm
                    T1CON   0x000fcd       data     extern E:\c18v3.46\pic18-lt\cxx-framework\src\traditional\proc\p18lf25k80.asm
                    TMR1L   0x000fce       data     extern E:\c18v3.46\pic18-lt\cxx-framework\src\traditional\proc\p18lf25k80.asm
                    TMR1H   0x000fcf       data     extern E:\c18v3.46\pic18-lt\cxx-framework\src\traditional\proc\p18lf25k80.asm
                     RCON   0x000fd0       data     extern E:\c18v3.46\pic18-lt\cxx-framework\src\traditional\proc\p18lf25k80.asm
                 RCONbits   0x000fd0       data     extern E:\c18v3.46\pic18-lt\cxx-framework\src\traditional\proc\p18lf25k80.asm
               WDTCONbits   0x000fd1       data     extern E:\c18v3.46\pic18-lt\cxx-framework\src\traditional\proc\p18lf25k80.asm
                   WDTCON   0x000fd1       data     extern E:\c18v3.46\pic18-lt\cxx-framework\src\traditional\proc\p18lf25k80.asm
              OSCCON2bits   0x000fd2       data     extern E:\c18v3.46\pic18-lt\cxx-framework\src\traditional\proc\p18lf25k80.asm
                  OSCCON2   0x000fd2       data     extern E:\c18v3.46\pic18-lt\cxx-framework\src\traditional\proc\p18lf25k80.asm
                   OSCCON   0x000fd3       data     extern E:\c18v3.46\pic18-lt\cxx-framework\src\traditional\proc\p18lf25k80.asm
               OSCCONbits   0x000fd3       data     extern E:\c18v3.46\pic18-lt\cxx-framework\src\traditional\proc\p18lf25k80.asm
                T0CONbits   0x000fd5       data     extern E:\c18v3.46\pic18-lt\cxx-framework\src\traditional\proc\p18lf25k80.asm
                    T0CON   0x000fd5       data     extern E:\c18v3.46\pic18-lt\cxx-framework\src\traditional\proc\p18lf25k80.asm
                    TMR0L   0x000fd6       data     extern E:\c18v3.46\pic18-lt\cxx-framework\src\traditional\proc\p18lf25k80.asm
                    TMR0H   0x000fd7       data     extern E:\c18v3.46\pic18-lt\cxx-framework\src\traditional\proc\p18lf25k80.asm
               STATUSbits   0x000fd8       data     extern E:\c18v3.46\pic18-lt\cxx-framework\src\traditional\proc\p18lf25k80.asm
                   STATUS   0x000fd8       data     extern E:\c18v3.46\pic18-lt\cxx-framework\src\traditional\proc\p18lf25k80.asm
                    FSR2L   0x000fd9       data     extern E:\c18v3.46\pic18-lt\cxx-framework\src\traditional\proc\p18lf25k80.asm
                     FSR2   0x000fd9       data     extern E:\c18v3.46\pic18-lt\cxx-framework\src\traditional\proc\p18lf25k80.asm
                FSR2Hbits   0x000fda       data     extern E:\c18v3.46\pic18-lt\cxx-framework\src\traditional\proc\p18lf25k80.asm
                    FSR2H   0x000fda       data     extern E:\c18v3.46\pic18-lt\cxx-framework\src\traditional\proc\p18lf25k80.asm
                   PLUSW2   0x000fdb       data     extern E:\c18v3.46\pic18-lt\cxx-framework\src\traditional\proc\p18lf25k80.asm
                  PREINC2   0x000fdc       data     extern E:\c18v3.46\pic18-lt\cxx-framework\src\traditional\proc\p18lf25k80.asm
                 POSTDEC2   0x000fdd       data     extern E:\c18v3.46\pic18-lt\cxx-framework\src\traditional\proc\p18lf25k80.asm
                 POSTINC2   0x000fde       data     extern E:\c18v3.46\pic18-lt\cxx-framework\src\traditional\proc\p18lf25k80.asm
                    INDF2   0x000fdf       data     extern E:\c18v3.46\pic18-lt\cxx-framework\src\traditional\proc\p18lf25k80.asm
                      BSR   0x000fe0       data     extern E:\c18v3.46\pic18-lt\cxx-framework\src\traditional\proc\p18lf25k80.asm
                  BSRbits   0x000fe0       data     extern E:\c18v3.46\pic18-lt\cxx-framework\src\traditional\proc\p18lf25k80.asm
                    FSR1L   0x000fe1       data     extern E:\c18v3.46\pic18-lt\cxx-framework\src\traditional\proc\p18lf25k80.asm
                     FSR1   0x000fe1       data     extern E:\c18v3.46\pic18-lt\cxx-framework\src\traditional\proc\p18lf25k80.asm
                FSR1Hbits   0x000fe2       data     extern E:\c18v3.46\pic18-lt\cxx-framework\src\traditional\proc\p18lf25k80.asm
                    FSR1H   0x000fe2       data     extern E:\c18v3.46\pic18-lt\cxx-framework\src\traditional\proc\p18lf25k80.asm
                   PLUSW1   0x000fe3       data     extern E:\c18v3.46\pic18-lt\cxx-framework\src\traditional\proc\p18lf25k80.asm
                  PREINC1   0x000fe4       data     extern E:\c18v3.46\pic18-lt\cxx-framework\src\traditional\proc\p18lf25k80.asm
                 POSTDEC1   0x000fe5       data     extern E:\c18v3.46\pic18-lt\cxx-framework\src\traditional\proc\p18lf25k80.asm
                 POSTINC1   0x000fe6       data     extern E:\c18v3.46\pic18-lt\cxx-framework\src\traditional\proc\p18lf25k80.asm
                    INDF1   0x000fe7       data     extern E:\c18v3.46\pic18-lt\cxx-framework\src\traditional\proc\p18lf25k80.asm
                     WREG   0x000fe8       data     extern E:\c18v3.46\pic18-lt\cxx-framework\src\traditional\proc\p18lf25k80.asm
                    FSR0L   0x000fe9       data     extern E:\c18v3.46\pic18-lt\cxx-framework\src\traditional\proc\p18lf25k80.asm
                     FSR0   0x000fe9       data     extern E:\c18v3.46\pic18-lt\cxx-framework\src\traditional\proc\p18lf25k80.asm
                FSR0Hbits   0x000fea       data     extern E:\c18v3.46\pic18-lt\cxx-framework\src\traditional\proc\p18lf25k80.asm
                    FSR0H   0x000fea       data     extern E:\c18v3.46\pic18-lt\cxx-framework\src\traditional\proc\p18lf25k80.asm
                   PLUSW0   0x000feb       data     extern E:\c18v3.46\pic18-lt\cxx-framework\src\traditional\proc\p18lf25k80.asm
                  PREINC0   0x000fec       data     extern E:\c18v3.46\pic18-lt\cxx-framework\src\traditional\proc\p18lf25k80.asm
                 POSTDEC0   0x000fed       data     extern E:\c18v3.46\pic18-lt\cxx-framework\src\traditional\proc\p18lf25k80.asm
                 POSTINC0   0x000fee       data     extern E:\c18v3.46\pic18-lt\cxx-framework\src\traditional\proc\p18lf25k80.asm
                    INDF0   0x000fef       data     extern E:\c18v3.46\pic18-lt\cxx-framework\src\traditional\proc\p18lf25k80.asm
              INTCON3bits   0x000ff0       data     extern E:\c18v3.46\pic18-lt\cxx-framework\src\traditional\proc\p18lf25k80.asm
                  INTCON3   0x000ff0       data     extern E:\c18v3.46\pic18-lt\cxx-framework\src\traditional\proc\p18lf25k80.asm
                  INTCON2   0x000ff1       data     extern E:\c18v3.46\pic18-lt\cxx-framework\src\traditional\proc\p18lf25k80.asm
              INTCON2bits   0x000ff1       data     extern E:\c18v3.46\pic18-lt\cxx-framework\src\traditional\proc\p18lf25k80.asm
               INTCONbits   0x000ff2       data     extern E:\c18v3.46\pic18-lt\cxx-framework\src\traditional\proc\p18lf25k80.asm
              INTCON1bits   0x000ff2       data     extern E:\c18v3.46\pic18-lt\cxx-framework\src\traditional\proc\p18lf25k80.asm
                  INTCON1   0x000ff2       data     extern E:\c18v3.46\pic18-lt\cxx-framework\src\traditional\proc\p18lf25k80.asm
                   INTCON   0x000ff2       data     extern E:\c18v3.46\pic18-lt\cxx-framework\src\traditional\proc\p18lf25k80.asm
                     PROD   0x000ff3       data     extern E:\c18v3.46\pic18-lt\cxx-framework\src\traditional\proc\p18lf25k80.asm
                    PRODL   0x000ff3       data     extern E:\c18v3.46\pic18-lt\cxx-framework\src\traditional\proc\p18lf25k80.asm
                    PRODH   0x000ff4       data     extern E:\c18v3.46\pic18-lt\cxx-framework\src\traditional\proc\p18lf25k80.asm
                   TABLAT   0x000ff5       data     extern E:\c18v3.46\pic18-lt\cxx-framework\src\traditional\proc\p18lf25k80.asm
                  TBLPTRL   0x000ff6       data     extern E:\c18v3.46\pic18-lt\cxx-framework\src\traditional\proc\p18lf25k80.asm
                   TBLPTR   0x000ff6       data     extern E:\c18v3.46\pic18-lt\cxx-framework\src\traditional\proc\p18lf25k80.asm
                  TBLPTRH   0x000ff7       data     extern E:\c18v3.46\pic18-lt\cxx-framework\src\traditional\proc\p18lf25k80.asm
              TBLPTRUbits   0x000ff8       data     extern E:\c18v3.46\pic18-lt\cxx-framework\src\traditional\proc\p18lf25k80.asm
                  TBLPTRU   0x000ff8       data     extern E:\c18v3.46\pic18-lt\cxx-framework\src\traditional\proc\p18lf25k80.asm
                      PCL   0x000ff9       data     extern E:\c18v3.46\pic18-lt\cxx-framework\src\traditional\proc\p18lf25k80.asm
                       PC   0x000ff9       data     extern E:\c18v3.46\pic18-lt\cxx-framework\src\traditional\proc\p18lf25k80.asm
                   PCLATH   0x000ffa       data     extern E:\c18v3.46\pic18-lt\cxx-framework\src\traditional\proc\p18lf25k80.asm
               PCLATUbits   0x000ffb       data     extern E:\c18v3.46\pic18-lt\cxx-framework\src\traditional\proc\p18lf25k80.asm
                   PCLATU   0x000ffb       data     extern E:\c18v3.46\pic18-lt\cxx-framework\src\traditional\proc\p18lf25k80.asm
                   STKPTR   0x000ffc       data     extern E:\c18v3.46\pic18-lt\cxx-framework\src\traditional\proc\p18lf25k80.asm
               STKPTRbits   0x000ffc       data     extern E:\c18v3.46\pic18-lt\cxx-framework\src\traditional\proc\p18lf25k80.asm
                     TOSL   0x000ffd       data     extern E:\c18v3.46\pic18-lt\cxx-framework\src\traditional\proc\p18lf25k80.asm
                      TOS   0x000ffd       data     extern E:\c18v3.46\pic18-lt\cxx-framework\src\traditional\proc\p18lf25k80.asm
                     TOSH   0x000ffe       data     extern E:\c18v3.46\pic18-lt\cxx-framework\src\traditional\proc\p18lf25k80.asm
                     TOSU   0x000fff       data     extern E:\c18v3.46\pic18-lt\cxx-framework\src\traditional\proc\p18lf25k80.asm
                 TOSUbits   0x000fff       data     extern E:\c18v3.46\pic18-lt\cxx-framework\src\traditional\proc\p18lf25k80.asm


