MPLINK 5.00, LINKER
Linker Map File - Created Mon Feb 21 10:39:03 2022

                                 Section Info
                  Section       Type    Address   Location Size(Bytes)
                ---------  ---------  ---------  ---------  ---------
               _entry_scn       code   0x000000    program   0x000006
       .code__user_putc.o       code   0x000006    program   0x000002
               HighVector       code   0x000008    program   0x000006
          .code_adcbusy.o       code   0x00000e    program   0x00000a
                LowVector       code   0x000018    program   0x000006
                   .cinit    romdata   0x00001e    program   0x00001a
            .code_main2.o       code   0x000038    program   0x006284
         .code_vfprintf.o       code   0x0062bc    program   0x000c22
                   STDLIB       code   0x006ede    program   0x000240
                   STRING       code   0x00711e    program   0x000220
                     PROG       code   0x00733e    program   0x0000e2
          .code_sprintf.o       code   0x007420    program   0x0000ac
               _cinit_scn       code   0x0074cc    program   0x00009e
             .code_putc.o       code   0x00756a    program   0x000084
             .stringtable    romdata   0x0075ee    program   0x00007e
          .code_fxm3232.o       code   0x00766c    program   0x000070
          .code_adcopen.o       code   0x0076dc    program   0x00006e
          .code_write_B.o       code   0x00774a    program   0x00005e
           .code_read_B.o       code   0x0077a8    program   0x00004c
         .code_fxd3232u.o       code   0x0077f4    program   0x000048
           .code_t1open.o       code   0x00783c    program   0x000042
                 UARTCODE       code   0x00787e    program   0x000040
          .code_t1write.o       code   0x0078be    program   0x000038
           .code_t0open.o       code   0x0078f6    program   0x000038
            .code_uread.o       code   0x00792e    program   0x000034
             D10KTCYXCODE       code   0x007962    program   0x00002e
         .code_fxd1616u.o       code   0x007990    program   0x00002c
                    CTYPE       code   0x0079bc    program   0x000024
                    .code       code   0x0079e0    program   0x000020
             _startup_scn       code   0x007a00    program   0x00001c
                    STDIO       code   0x007a1c    program   0x00001c
              D10TCYXCODE       code   0x007a38    program   0x000016
      .romdata_vfprintf.o    romdata   0x007a4e    program   0x000011
    .romdata__user_putc.o    romdata   0x007a5f    program   0x000000
    .idata__user_putc.o_i    romdata   0x007a5f    program   0x000000
          .romdata_putc.o    romdata   0x007a5f    program   0x000000
      .idata_fxd1616u.o_i    romdata   0x007a5f    program   0x000000
      .romdata_fxd1616u.o    romdata   0x007a5f    program   0x000000
          .idata_putc.o_i    romdata   0x007a5f    program   0x000000
      .idata_fxd3232u.o_i    romdata   0x007a5f    program   0x000000
      .romdata_fxd3232u.o    romdata   0x007a5f    program   0x000000
       .idata_fxm3232.o_i    romdata   0x007a5f    program   0x000000
       .romdata_fxm3232.o    romdata   0x007a5f    program   0x000000
      .idata_vfprintf.o_i    romdata   0x007a5f    program   0x000000
       .idata_adcopen.o_i    romdata   0x007a5f    program   0x000000
       .romdata_adcopen.o    romdata   0x007a5f    program   0x000000
       .romdata_sprintf.o    romdata   0x007a5f    program   0x000000
        .idata_t0open.o_i    romdata   0x007a5f    program   0x000000
        .romdata_t0open.o    romdata   0x007a5f    program   0x000000
       .idata_sprintf.o_i    romdata   0x007a5f    program   0x000000
        .romdata___init.o    romdata   0x007a5f    program   0x000000
        .idata_t1open.o_i    romdata   0x007a5f    program   0x000000
        .idata___init.o_i    romdata   0x007a5f    program   0x000000
       .romdata_t1write.o    romdata   0x007a5f    program   0x000000
       .idata_t1write.o_i    romdata   0x007a5f    program   0x000000
        .romdata_t1open.o    romdata   0x007a5f    program   0x000000
         .romdata_udefs.o    romdata   0x007a5f    program   0x000000
         .idata_udefs.o_i    romdata   0x007a5f    program   0x000000
        .idata_u2open.o_i    romdata   0x007a5f    program   0x000000
        .romdata_u2open.o    romdata   0x007a5f    program   0x000000
        .romdata_u2drdy.o    romdata   0x007a5f    program   0x000000
       .idata_u2write.o_i    romdata   0x007a5f    program   0x000000
       .romdata_u2write.o    romdata   0x007a5f    program   0x000000
        .idata_u2drdy.o_i    romdata   0x007a5f    program   0x000000
        .romdata_read_B.o    romdata   0x007a5f    program   0x000000
         .idata_uread.o_i    romdata   0x007a5f    program   0x000000
         .romdata_uread.o    romdata   0x007a5f    program   0x000000
       .idata_write_B.o_i    romdata   0x007a5f    program   0x000000
       .romdata_write_B.o    romdata   0x007a5f    program   0x000000
       .idata_adcbusy.o_i    romdata   0x007a5f    program   0x000000
       .romdata_adcbusy.o    romdata   0x007a5f    program   0x000000
      .idata_busy_eep.o_i    romdata   0x007a5f    program   0x000000
      .romdata_busy_eep.o    romdata   0x007a5f    program   0x000000
        .idata_read_B.o_i    romdata   0x007a5f    program   0x000000
      .idata_adcclose.o_i    romdata   0x007a5f    program   0x000000
      .romdata_adcclose.o    romdata   0x007a5f    program   0x000000
         .romdata_main2.o    romdata   0x007a5f    program   0x000000
       .idata_t0close.o_i    romdata   0x007a5f    program   0x000000
       .romdata_t0close.o    romdata   0x007a5f    program   0x000000
       .idata_t1close.o_i    romdata   0x007a5f    program   0x000000
       .romdata_t1close.o    romdata   0x007a5f    program   0x000000
         .romdata_c018i.o    romdata   0x007a5f    program   0x000000
       .idata_adcconv.o_i    romdata   0x007a5f    program   0x000000
       .romdata_adcconv.o    romdata   0x007a5f    program   0x000000
         .idata_c018i.o_i    romdata   0x007a5f    program   0x000000
            .code_c018i.o       code   0x007a60    program   0x000000
           .code_u2drdy.o       code   0x007a60    program   0x000000
           .code_u2open.o       code   0x007a60    program   0x000000
          .code_u2write.o       code   0x007a60    program   0x000000
            .code_udefs.o       code   0x007a60    program   0x000000
          .code_t1close.o       code   0x007a60    program   0x000006
          .code_t0close.o       code   0x007a66    program   0x000006
         .code_busy_eep.o       code   0x007a6c    program   0x000006
         .code_adcclose.o       code   0x007a72    program   0x000006
          .code_adcconv.o       code   0x007a78    program   0x000004
           .code___init.o       code   0x007a7c    program   0x000002
                  IDATA_i    romdata   0x007a7e    program   0x00029e
         .idata_main2.o_i    romdata   0x007d1c    program   0x000008
   .config_300001_main2.o    romdata   0x300001    program   0x000001
   .config_300002_main2.o    romdata   0x300002    program   0x000001
   .config_300003_main2.o    romdata   0x300003    program   0x000001
   .config_300005_main2.o    romdata   0x300005    program   0x000001
   .config_300006_main2.o    romdata   0x300006    program   0x000001
                MATH_DATA      udata   0x000000       data   0x000014
                 .tmpdata      udata   0x000014       data   0x000008
                MyISR_tmp      udata   0x00001c       data   0x000004
                DELAYDAT2      udata   0x000020       data   0x000001
                DELAYDAT1      udata   0x000021       data   0x000001
                  BIGDATA      udata   0x000100       data   0x00072e
           .udata_main2.o      udata   0x00082e       data   0x0000f2
                    IDATA      idata   0x000a00       data   0x00029e
                 UARTDATA      udata   0x000d00       data   0x0001b9
           .udata_c018i.o      udata   0x000eb9       data   0x00000a
           .idata_main2.o      idata   0x000ec3       data   0x000008
           .udata_udefs.o      udata   0x000ecb       data   0x000001
      .idata__user_putc.o      idata   0x000ecc       data   0x000000
        .udata_fxd1616u.o      udata   0x000ecc       data   0x000000
        .idata_fxd1616u.o      idata   0x000ecc       data   0x000000
        .udata_fxd3232u.o      udata   0x000ecc       data   0x000000
        .idata_fxd3232u.o      idata   0x000ecc       data   0x000000
         .udata_fxm3232.o      udata   0x000ecc       data   0x000000
         .idata_fxm3232.o      idata   0x000ecc       data   0x000000
         .udata_adcopen.o      udata   0x000ecc       data   0x000000
         .idata_adcopen.o      idata   0x000ecc       data   0x000000
          .udata_t0open.o      udata   0x000ecc       data   0x000000
          .idata_t0open.o      idata   0x000ecc       data   0x000000
          .udata_t1open.o      udata   0x000ecc       data   0x000000
          .idata_t1open.o      idata   0x000ecc       data   0x000000
      .udata__user_putc.o      udata   0x000ecc       data   0x000000
           .idata_udefs.o      idata   0x000ecc       data   0x000000
         .udata_t1write.o      udata   0x000ecc       data   0x000000
         .idata_t1write.o      idata   0x000ecc       data   0x000000
          .udata___init.o      udata   0x000ecc       data   0x000000
          .idata___init.o      idata   0x000ecc       data   0x000000
         .udata_sprintf.o      udata   0x000ecc       data   0x000000
         .idata_sprintf.o      idata   0x000ecc       data   0x000000
        .udata_vfprintf.o      udata   0x000ecc       data   0x000000
        .idata_vfprintf.o      idata   0x000ecc       data   0x000000
            .udata_putc.o      udata   0x000ecc       data   0x000000
            .idata_putc.o      idata   0x000ecc       data   0x000000
           .idata_c018i.o      idata   0x000ecc       data   0x000000
          .udata_read_B.o      udata   0x000ecc       data   0x000000
          .idata_read_B.o      idata   0x000ecc       data   0x000000
          .udata_u2drdy.o      udata   0x000ecc       data   0x000000
          .idata_u2drdy.o      idata   0x000ecc       data   0x000000
          .udata_u2open.o      udata   0x000ecc       data   0x000000
          .idata_u2open.o      idata   0x000ecc       data   0x000000
         .udata_u2write.o      udata   0x000ecc       data   0x000000
         .idata_u2write.o      idata   0x000ecc       data   0x000000
           .udata_uread.o      udata   0x000ecc       data   0x000000
           .idata_uread.o      idata   0x000ecc       data   0x000000
         .udata_write_B.o      udata   0x000ecc       data   0x000000
         .idata_write_B.o      idata   0x000ecc       data   0x000000
         .udata_adcbusy.o      udata   0x000ecc       data   0x000000
         .idata_adcbusy.o      idata   0x000ecc       data   0x000000
        .udata_busy_eep.o      udata   0x000ecc       data   0x000000
        .idata_busy_eep.o      idata   0x000ecc       data   0x000000
        .udata_adcclose.o      udata   0x000ecc       data   0x000000
        .idata_adcclose.o      idata   0x000ecc       data   0x000000
         .udata_t0close.o      udata   0x000ecc       data   0x000000
         .idata_t0close.o      idata   0x000ecc       data   0x000000
         .udata_t1close.o      udata   0x000ecc       data   0x000000
         .idata_t1close.o      idata   0x000ecc       data   0x000000
         .udata_adcconv.o      udata   0x000ecc       data   0x000000
         .idata_adcconv.o      idata   0x000ecc       data   0x000000
                   .stack      udata   0x000f00       data   0x000080
            SFR_UNBANKED0      udata   0x000f80       data   0x000080



                              Program Memory Usage 
                               Start         End      
                           ---------   ---------      
                            0x000000    0x007a5e      
                            0x007a60    0x007d23      
                            0x300001    0x300003      
                            0x300005    0x300006      
            32040 out of 45080 program addresses used, program memory utilization is 71%



                              Symbols - Sorted by Name
                     Name    Address   Location    Storage File                     
                ---------  ---------  ---------  --------- ---------                
               AllPinsOff   0x005598    program     extern C:\Users\pete\OneDrive\Documents\GitHub\FiringSystem\PIC_Development\FiringUnitWork\FieldModuleLargeNetworkPortControl_V2\main2.c
                      Arm   0x005fe8    program     extern C:\Users\pete\OneDrive\Documents\GitHub\FiringSystem\PIC_Development\FiringUnitWork\FieldModuleLargeNetworkPortControl_V2\main2.c
                     Blip   0x004aaa    program     extern C:\Users\pete\OneDrive\Documents\GitHub\FiringSystem\PIC_Development\FiringUnitWork\FieldModuleLargeNetworkPortControl_V2\main2.c
 BumpReceiveMessageNumber   0x004750    program     extern C:\Users\pete\OneDrive\Documents\GitHub\FiringSystem\PIC_Development\FiringUnitWork\FieldModuleLargeNetworkPortControl_V2\main2.c
                  BusyADC   0x00000e    program     extern E:\3.46\pic18-lt\cxx-framework\src\pmc_common\ADC\adcbusy.c
                BusyUSART   0x000ab4    program     extern C:\Users\pete\OneDrive\Documents\GitHub\FiringSystem\PIC_Development\FiringUnitWork\FieldModuleLargeNetworkPortControl_V2\cranwellP18F2525.h
                 Busy_eep   0x007a6c    program     extern E:\3.46\pic18-lt\cxx-framework\src\pmc_common\EEP\busy_eep.c
               CheckDigit   0x004368    program     extern C:\Users\pete\OneDrive\Documents\GitHub\FiringSystem\PIC_Development\FiringUnitWork\FieldModuleLargeNetworkPortControl_V2\main2.c
     CheckpointShowStatus   0x00608e    program     extern C:\Users\pete\OneDrive\Documents\GitHub\FiringSystem\PIC_Development\FiringUnitWork\FieldModuleLargeNetworkPortControl_V2\main2.c
                 CloseADC   0x007a72    program     extern E:\3.46\pic18-lt\cxx-framework\src\pmc_common\ADC\adcclose.c
              CloseTimer0   0x007a66    program     extern E:\3.46\pic18-lt\cxx-framework\src\pmc_common\Timers\t0close.c
              CloseTimer1   0x007a60    program     extern E:\3.46\pic18-lt\cxx-framework\src\pmc_common\Timers\t1close.c
               ConvertADC   0x007a78    program     extern E:\3.46\pic18-lt\cxx-framework\src\pmc_common\ADC\adcconv.c
                   D10K_1   0x00796e    program     static E:\3.46\pic18-lt\cxx-framework\src\traditional\delays\d10ktcyx.asm
                    D10Kl   0x00797a    program     static E:\3.46\pic18-lt\cxx-framework\src\traditional\delays\d10ktcyx.asm
                    D10Kx   0x00796c    program     static E:\3.46\pic18-lt\cxx-framework\src\traditional\delays\d10ktcyx.asm
                    D10_1   0x007a48    program     static E:\3.46\pic18-lt\cxx-framework\src\traditional\delays\d10tcyx.asm
                     D10x   0x007a40    program     static E:\3.46\pic18-lt\cxx-framework\src\traditional\delays\d10tcyx.asm
                   D1616S   0x007360    program     static E:\3.46\pic18-lt\cxx-framework\src\traditional\math\fxd1616s.asm
                D1616SNEG   0x00736e    program     static E:\3.46\pic18-lt\cxx-framework\src\traditional\math\fxd1616s.asm
                 D1616SOK   0x00736a    program     static E:\3.46\pic18-lt\cxx-framework\src\traditional\math\fxd1616s.asm
                  D1616SX   0x007380    program     static E:\3.46\pic18-lt\cxx-framework\src\traditional\math\fxd1616s.asm
                  DA1616S   0x007350    program     static E:\3.46\pic18-lt\cxx-framework\src\traditional\math\fxd1616s.asm
             DataRdyUSART   0x000c5c    program     extern C:\Users\pete\OneDrive\Documents\GitHub\FiringSystem\PIC_Development\FiringUnitWork\FieldModuleLargeNetworkPortControl_V2\cranwellP18F2525.h
             Delay10KTCYx   0x007962    program     extern E:\3.46\pic18-lt\cxx-framework\src\traditional\delays\d10ktcyx.asm
              Delay10TCYx   0x007a38    program     extern E:\3.46\pic18-lt\cxx-framework\src\traditional\delays\d10tcyx.asm
                  DelayMS   0x000dca    program     extern C:\Users\pete\OneDrive\Documents\GitHub\FiringSystem\PIC_Development\FiringUnitWork\FieldModuleLargeNetworkPortControl_V2\cranwellP18F2525.h
           DelayRXBitUART   0x000d5c    program     extern C:\Users\pete\OneDrive\Documents\GitHub\FiringSystem\PIC_Development\FiringUnitWork\FieldModuleLargeNetworkPortControl_V2\cranwellP18F2525.h
       DelayRXHalfBitUART   0x000d40    program     extern C:\Users\pete\OneDrive\Documents\GitHub\FiringSystem\PIC_Development\FiringUnitWork\FieldModuleLargeNetworkPortControl_V2\cranwellP18F2525.h
           DelayTXBitUART   0x000d26    program     extern C:\Users\pete\OneDrive\Documents\GitHub\FiringSystem\PIC_Development\FiringUnitWork\FieldModuleLargeNetworkPortControl_V2\cranwellP18F2525.h
                   DisArm   0x00603e    program     extern C:\Users\pete\OneDrive\Documents\GitHub\FiringSystem\PIC_Development\FiringUnitWork\FieldModuleLargeNetworkPortControl_V2\main2.c
                     Dump   0x0052b8    program     extern C:\Users\pete\OneDrive\Documents\GitHub\FiringSystem\PIC_Development\FiringUnitWork\FieldModuleLargeNetworkPortControl_V2\main2.c
                 FXD1616S   0x00733e    program     extern E:\3.46\pic18-lt\cxx-framework\src\traditional\math\fxd1616s.asm
                 FXD1616U   0x007990    program     extern E:\3.46\pic18-lt\cxx-framework\src\traditional\math\fxd1616u.c
                 FXD3232U   0x0077f4    program     extern E:\3.46\pic18-lt\cxx-framework\src\traditional\math\fxd3232u.c
                 FXM1616S   0x00738a    program     extern E:\3.46\pic18-lt\cxx-framework\src\traditional\math\fxm1616s.asm
                 FXM1616U   0x0073e4    program     extern E:\3.46\pic18-lt\cxx-framework\src\traditional\math\fxm1616u.asm
                  FXM3232   0x00766c    program     extern E:\3.46\pic18-lt\cxx-framework\src\traditional\math\fxm3232.c
                     Fire   0x0056ee    program     extern C:\Users\pete\OneDrive\Documents\GitHub\FiringSystem\PIC_Development\FiringUnitWork\FieldModuleLargeNetworkPortControl_V2\main2.c
           GetArmedStatus   0x005f1c    program     extern C:\Users\pete\OneDrive\Documents\GitHub\FiringSystem\PIC_Development\FiringUnitWork\FieldModuleLargeNetworkPortControl_V2\main2.c
           GetDefaultShow   0x005dc2    program     extern C:\Users\pete\OneDrive\Documents\GitHub\FiringSystem\PIC_Development\FiringUnitWork\FieldModuleLargeNetworkPortControl_V2\main2.c
           GetLogicalAddr   0x005c2c    program     extern C:\Users\pete\OneDrive\Documents\GitHub\FiringSystem\PIC_Development\FiringUnitWork\FieldModuleLargeNetworkPortControl_V2\main2.c
                 GetPin10   0x000fc0    program     extern C:\Users\pete\OneDrive\Documents\GitHub\FiringSystem\PIC_Development\FiringUnitWork\FieldModuleLargeNetworkPortControl_V2\cranwellP18F2525.h
                 GetPin11   0x000ff2    program     extern C:\Users\pete\OneDrive\Documents\GitHub\FiringSystem\PIC_Development\FiringUnitWork\FieldModuleLargeNetworkPortControl_V2\cranwellP18F2525.h
                 GetPin12   0x001024    program     extern C:\Users\pete\OneDrive\Documents\GitHub\FiringSystem\PIC_Development\FiringUnitWork\FieldModuleLargeNetworkPortControl_V2\cranwellP18F2525.h
                 GetPin13   0x001056    program     extern C:\Users\pete\OneDrive\Documents\GitHub\FiringSystem\PIC_Development\FiringUnitWork\FieldModuleLargeNetworkPortControl_V2\cranwellP18F2525.h
                 GetPin14   0x001088    program     extern C:\Users\pete\OneDrive\Documents\GitHub\FiringSystem\PIC_Development\FiringUnitWork\FieldModuleLargeNetworkPortControl_V2\cranwellP18F2525.h
                 GetPin15   0x0010ba    program     extern C:\Users\pete\OneDrive\Documents\GitHub\FiringSystem\PIC_Development\FiringUnitWork\FieldModuleLargeNetworkPortControl_V2\cranwellP18F2525.h
                 GetPin16   0x0010ec    program     extern C:\Users\pete\OneDrive\Documents\GitHub\FiringSystem\PIC_Development\FiringUnitWork\FieldModuleLargeNetworkPortControl_V2\cranwellP18F2525.h
                 GetPin21   0x00111e    program     extern C:\Users\pete\OneDrive\Documents\GitHub\FiringSystem\PIC_Development\FiringUnitWork\FieldModuleLargeNetworkPortControl_V2\cranwellP18F2525.h
                 GetPin22   0x001150    program     extern C:\Users\pete\OneDrive\Documents\GitHub\FiringSystem\PIC_Development\FiringUnitWork\FieldModuleLargeNetworkPortControl_V2\cranwellP18F2525.h
                 GetPin23   0x001182    program     extern C:\Users\pete\OneDrive\Documents\GitHub\FiringSystem\PIC_Development\FiringUnitWork\FieldModuleLargeNetworkPortControl_V2\cranwellP18F2525.h
                 GetPin24   0x0011b4    program     extern C:\Users\pete\OneDrive\Documents\GitHub\FiringSystem\PIC_Development\FiringUnitWork\FieldModuleLargeNetworkPortControl_V2\cranwellP18F2525.h
                 GetPin25   0x0011e6    program     extern C:\Users\pete\OneDrive\Documents\GitHub\FiringSystem\PIC_Development\FiringUnitWork\FieldModuleLargeNetworkPortControl_V2\cranwellP18F2525.h
                 GetPin26   0x001218    program     extern C:\Users\pete\OneDrive\Documents\GitHub\FiringSystem\PIC_Development\FiringUnitWork\FieldModuleLargeNetworkPortControl_V2\cranwellP18F2525.h
                 GetPin27   0x00124a    program     extern C:\Users\pete\OneDrive\Documents\GitHub\FiringSystem\PIC_Development\FiringUnitWork\FieldModuleLargeNetworkPortControl_V2\cranwellP18F2525.h
                 GetPin28   0x00127c    program     extern C:\Users\pete\OneDrive\Documents\GitHub\FiringSystem\PIC_Development\FiringUnitWork\FieldModuleLargeNetworkPortControl_V2\cranwellP18F2525.h
                  GetPin3   0x000e70    program     extern C:\Users\pete\OneDrive\Documents\GitHub\FiringSystem\PIC_Development\FiringUnitWork\FieldModuleLargeNetworkPortControl_V2\cranwellP18F2525.h
                  GetPin4   0x000eae    program     extern C:\Users\pete\OneDrive\Documents\GitHub\FiringSystem\PIC_Development\FiringUnitWork\FieldModuleLargeNetworkPortControl_V2\cranwellP18F2525.h
                  GetPin5   0x000eec    program     extern C:\Users\pete\OneDrive\Documents\GitHub\FiringSystem\PIC_Development\FiringUnitWork\FieldModuleLargeNetworkPortControl_V2\cranwellP18F2525.h
                  GetPin6   0x000f2a    program     extern C:\Users\pete\OneDrive\Documents\GitHub\FiringSystem\PIC_Development\FiringUnitWork\FieldModuleLargeNetworkPortControl_V2\cranwellP18F2525.h
                  GetPin7   0x000f5c    program     extern C:\Users\pete\OneDrive\Documents\GitHub\FiringSystem\PIC_Development\FiringUnitWork\FieldModuleLargeNetworkPortControl_V2\cranwellP18F2525.h
                  GetPin9   0x000f8e    program     extern C:\Users\pete\OneDrive\Documents\GitHub\FiringSystem\PIC_Development\FiringUnitWork\FieldModuleLargeNetworkPortControl_V2\cranwellP18F2525.h
           GetPortAddress   0x004fea    program     extern C:\Users\pete\OneDrive\Documents\GitHub\FiringSystem\PIC_Development\FiringUnitWork\FieldModuleLargeNetworkPortControl_V2\main2.c
         GetSessionStatus   0x005ef0    program     extern C:\Users\pete\OneDrive\Documents\GitHub\FiringSystem\PIC_Development\FiringUnitWork\FieldModuleLargeNetworkPortControl_V2\main2.c
          GetTEventStatus   0x005f48    program     extern C:\Users\pete\OneDrive\Documents\GitHub\FiringSystem\PIC_Development\FiringUnitWork\FieldModuleLargeNetworkPortControl_V2\main2.c
                GetTimeMS   0x0003ec    program     extern C:\Users\pete\OneDrive\Documents\GitHub\FiringSystem\PIC_Development\FiringUnitWork\FieldModuleLargeNetworkPortControl_V2\cranwellP18F2525.h
              GetUnitAddr   0x005a8a    program     extern C:\Users\pete\OneDrive\Documents\GitHub\FiringSystem\PIC_Development\FiringUnitWork\FieldModuleLargeNetworkPortControl_V2\main2.c
               HighVector   0x000008    program     extern C:\Users\pete\OneDrive\Documents\GitHub\FiringSystem\PIC_Development\FiringUnitWork\FieldModuleLargeNetworkPortControl_V2\cranwellP18F2525.h
                  IntToCh   0x0046de    program     extern C:\Users\pete\OneDrive\Documents\GitHub\FiringSystem\PIC_Development\FiringUnitWork\FieldModuleLargeNetworkPortControl_V2\main2.c
                 LoadShow   0x00508c    program     extern C:\Users\pete\OneDrive\Documents\GitHub\FiringSystem\PIC_Development\FiringUnitWork\FieldModuleLargeNetworkPortControl_V2\main2.c
                LowVector   0x000018    program     extern C:\Users\pete\OneDrive\Documents\GitHub\FiringSystem\PIC_Development\FiringUnitWork\FieldModuleLargeNetworkPortControl_V2\cranwellP18F2525.h
           MeasureVoltage   0x005826    program     extern C:\Users\pete\OneDrive\Documents\GitHub\FiringSystem\PIC_Development\FiringUnitWork\FieldModuleLargeNetworkPortControl_V2\main2.c
                    MyISR   0x000038    program     extern C:\Users\pete\OneDrive\Documents\GitHub\FiringSystem\PIC_Development\FiringUnitWork\FieldModuleLargeNetworkPortControl_V2\cranwellP18F2525.h
              MyReadUSART   0x000cc4    program     extern C:\Users\pete\OneDrive\Documents\GitHub\FiringSystem\PIC_Development\FiringUnitWork\FieldModuleLargeNetworkPortControl_V2\cranwellP18F2525.h
                  OpenADC   0x0076dc    program     extern E:\3.46\pic18-lt\cxx-framework\src\pmc_common\ADC\adcopen.c
               OpenTimer0   0x0078f6    program     extern E:\3.46\pic18-lt\cxx-framework\src\pmc_common\Timers\t0open.c
               OpenTimer1   0x00783c    program     extern E:\3.46\pic18-lt\cxx-framework\src\pmc_common\Timers\t1open.c
                 OpenUART   0x00787e    program     extern C:\Users\pete\OneDrive\Documents\GitHub\FiringSystem\PIC_Development\FiringUnitWork\FieldModuleLargeNetworkPortControl_V2\openuart.asm
      OpenUSARTpic18f2525   0x000892    program     extern C:\Users\pete\OneDrive\Documents\GitHub\FiringSystem\PIC_Development\FiringUnitWork\FieldModuleLargeNetworkPortControl_V2\cranwellP18F2525.h
            ParseWorkUnit   0x003a96    program     extern C:\Users\pete\OneDrive\Documents\GitHub\FiringSystem\PIC_Development\FiringUnitWork\FieldModuleLargeNetworkPortControl_V2\main2.c
                    Pause   0x0017ac    program     extern C:\Users\pete\OneDrive\Documents\GitHub\FiringSystem\PIC_Development\FiringUnitWork\FieldModuleLargeNetworkPortControl_V2\cranwellP18F2525.h
                Pin10HIGH   0x000fa4    program     extern C:\Users\pete\OneDrive\Documents\GitHub\FiringSystem\PIC_Development\FiringUnitWork\FieldModuleLargeNetworkPortControl_V2\cranwellP18F2525.h
                 Pin10LOW   0x000fb2    program     extern C:\Users\pete\OneDrive\Documents\GitHub\FiringSystem\PIC_Development\FiringUnitWork\FieldModuleLargeNetworkPortControl_V2\cranwellP18F2525.h
                Pin11HIGH   0x000fd6    program     extern C:\Users\pete\OneDrive\Documents\GitHub\FiringSystem\PIC_Development\FiringUnitWork\FieldModuleLargeNetworkPortControl_V2\cranwellP18F2525.h
                 Pin11LOW   0x000fe4    program     extern C:\Users\pete\OneDrive\Documents\GitHub\FiringSystem\PIC_Development\FiringUnitWork\FieldModuleLargeNetworkPortControl_V2\cranwellP18F2525.h
                Pin12HIGH   0x001008    program     extern C:\Users\pete\OneDrive\Documents\GitHub\FiringSystem\PIC_Development\FiringUnitWork\FieldModuleLargeNetworkPortControl_V2\cranwellP18F2525.h
                 Pin12LOW   0x001016    program     extern C:\Users\pete\OneDrive\Documents\GitHub\FiringSystem\PIC_Development\FiringUnitWork\FieldModuleLargeNetworkPortControl_V2\cranwellP18F2525.h
                Pin13HIGH   0x00103a    program     extern C:\Users\pete\OneDrive\Documents\GitHub\FiringSystem\PIC_Development\FiringUnitWork\FieldModuleLargeNetworkPortControl_V2\cranwellP18F2525.h
                 Pin13LOW   0x001048    program     extern C:\Users\pete\OneDrive\Documents\GitHub\FiringSystem\PIC_Development\FiringUnitWork\FieldModuleLargeNetworkPortControl_V2\cranwellP18F2525.h
                Pin14HIGH   0x00106c    program     extern C:\Users\pete\OneDrive\Documents\GitHub\FiringSystem\PIC_Development\FiringUnitWork\FieldModuleLargeNetworkPortControl_V2\cranwellP18F2525.h
                 Pin14LOW   0x00107a    program     extern C:\Users\pete\OneDrive\Documents\GitHub\FiringSystem\PIC_Development\FiringUnitWork\FieldModuleLargeNetworkPortControl_V2\cranwellP18F2525.h
                Pin15HIGH   0x00109e    program     extern C:\Users\pete\OneDrive\Documents\GitHub\FiringSystem\PIC_Development\FiringUnitWork\FieldModuleLargeNetworkPortControl_V2\cranwellP18F2525.h
                 Pin15LOW   0x0010ac    program     extern C:\Users\pete\OneDrive\Documents\GitHub\FiringSystem\PIC_Development\FiringUnitWork\FieldModuleLargeNetworkPortControl_V2\cranwellP18F2525.h
                Pin16HIGH   0x0010d0    program     extern C:\Users\pete\OneDrive\Documents\GitHub\FiringSystem\PIC_Development\FiringUnitWork\FieldModuleLargeNetworkPortControl_V2\cranwellP18F2525.h
                 Pin16LOW   0x0010de    program     extern C:\Users\pete\OneDrive\Documents\GitHub\FiringSystem\PIC_Development\FiringUnitWork\FieldModuleLargeNetworkPortControl_V2\cranwellP18F2525.h
                Pin21HIGH   0x001102    program     extern C:\Users\pete\OneDrive\Documents\GitHub\FiringSystem\PIC_Development\FiringUnitWork\FieldModuleLargeNetworkPortControl_V2\cranwellP18F2525.h
                 Pin21LOW   0x001110    program     extern C:\Users\pete\OneDrive\Documents\GitHub\FiringSystem\PIC_Development\FiringUnitWork\FieldModuleLargeNetworkPortControl_V2\cranwellP18F2525.h
                Pin22HIGH   0x001134    program     extern C:\Users\pete\OneDrive\Documents\GitHub\FiringSystem\PIC_Development\FiringUnitWork\FieldModuleLargeNetworkPortControl_V2\cranwellP18F2525.h
                 Pin22LOW   0x001142    program     extern C:\Users\pete\OneDrive\Documents\GitHub\FiringSystem\PIC_Development\FiringUnitWork\FieldModuleLargeNetworkPortControl_V2\cranwellP18F2525.h
                Pin23HIGH   0x001166    program     extern C:\Users\pete\OneDrive\Documents\GitHub\FiringSystem\PIC_Development\FiringUnitWork\FieldModuleLargeNetworkPortControl_V2\cranwellP18F2525.h
                 Pin23LOW   0x001174    program     extern C:\Users\pete\OneDrive\Documents\GitHub\FiringSystem\PIC_Development\FiringUnitWork\FieldModuleLargeNetworkPortControl_V2\cranwellP18F2525.h
                Pin24HIGH   0x001198    program     extern C:\Users\pete\OneDrive\Documents\GitHub\FiringSystem\PIC_Development\FiringUnitWork\FieldModuleLargeNetworkPortControl_V2\cranwellP18F2525.h
                 Pin24LOW   0x0011a6    program     extern C:\Users\pete\OneDrive\Documents\GitHub\FiringSystem\PIC_Development\FiringUnitWork\FieldModuleLargeNetworkPortControl_V2\cranwellP18F2525.h
                Pin25HIGH   0x0011ca    program     extern C:\Users\pete\OneDrive\Documents\GitHub\FiringSystem\PIC_Development\FiringUnitWork\FieldModuleLargeNetworkPortControl_V2\cranwellP18F2525.h
                 Pin25LOW   0x0011d8    program     extern C:\Users\pete\OneDrive\Documents\GitHub\FiringSystem\PIC_Development\FiringUnitWork\FieldModuleLargeNetworkPortControl_V2\cranwellP18F2525.h
                Pin26HIGH   0x0011fc    program     extern C:\Users\pete\OneDrive\Documents\GitHub\FiringSystem\PIC_Development\FiringUnitWork\FieldModuleLargeNetworkPortControl_V2\cranwellP18F2525.h
                 Pin26LOW   0x00120a    program     extern C:\Users\pete\OneDrive\Documents\GitHub\FiringSystem\PIC_Development\FiringUnitWork\FieldModuleLargeNetworkPortControl_V2\cranwellP18F2525.h
                Pin27HIGH   0x00122e    program     extern C:\Users\pete\OneDrive\Documents\GitHub\FiringSystem\PIC_Development\FiringUnitWork\FieldModuleLargeNetworkPortControl_V2\cranwellP18F2525.h
                 Pin27LOW   0x00123c    program     extern C:\Users\pete\OneDrive\Documents\GitHub\FiringSystem\PIC_Development\FiringUnitWork\FieldModuleLargeNetworkPortControl_V2\cranwellP18F2525.h
                Pin28HIGH   0x001260    program     extern C:\Users\pete\OneDrive\Documents\GitHub\FiringSystem\PIC_Development\FiringUnitWork\FieldModuleLargeNetworkPortControl_V2\cranwellP18F2525.h
                 Pin28LOW   0x00126e    program     extern C:\Users\pete\OneDrive\Documents\GitHub\FiringSystem\PIC_Development\FiringUnitWork\FieldModuleLargeNetworkPortControl_V2\cranwellP18F2525.h
                 Pin3HIGH   0x000e48    program     extern C:\Users\pete\OneDrive\Documents\GitHub\FiringSystem\PIC_Development\FiringUnitWork\FieldModuleLargeNetworkPortControl_V2\cranwellP18F2525.h
                  Pin3LOW   0x000e5c    program     extern C:\Users\pete\OneDrive\Documents\GitHub\FiringSystem\PIC_Development\FiringUnitWork\FieldModuleLargeNetworkPortControl_V2\cranwellP18F2525.h
                 Pin4HIGH   0x000e86    program     extern C:\Users\pete\OneDrive\Documents\GitHub\FiringSystem\PIC_Development\FiringUnitWork\FieldModuleLargeNetworkPortControl_V2\cranwellP18F2525.h
                  Pin4LOW   0x000e9a    program     extern C:\Users\pete\OneDrive\Documents\GitHub\FiringSystem\PIC_Development\FiringUnitWork\FieldModuleLargeNetworkPortControl_V2\cranwellP18F2525.h
                 Pin5HIGH   0x000ec4    program     extern C:\Users\pete\OneDrive\Documents\GitHub\FiringSystem\PIC_Development\FiringUnitWork\FieldModuleLargeNetworkPortControl_V2\cranwellP18F2525.h
                  Pin5LOW   0x000ed8    program     extern C:\Users\pete\OneDrive\Documents\GitHub\FiringSystem\PIC_Development\FiringUnitWork\FieldModuleLargeNetworkPortControl_V2\cranwellP18F2525.h
                 Pin6HIGH   0x000f02    program     extern C:\Users\pete\OneDrive\Documents\GitHub\FiringSystem\PIC_Development\FiringUnitWork\FieldModuleLargeNetworkPortControl_V2\cranwellP18F2525.h
                  Pin6LOW   0x000f16    program     extern C:\Users\pete\OneDrive\Documents\GitHub\FiringSystem\PIC_Development\FiringUnitWork\FieldModuleLargeNetworkPortControl_V2\cranwellP18F2525.h
                 Pin7HIGH   0x000f40    program     extern C:\Users\pete\OneDrive\Documents\GitHub\FiringSystem\PIC_Development\FiringUnitWork\FieldModuleLargeNetworkPortControl_V2\cranwellP18F2525.h
                  Pin7LOW   0x000f4e    program     extern C:\Users\pete\OneDrive\Documents\GitHub\FiringSystem\PIC_Development\FiringUnitWork\FieldModuleLargeNetworkPortControl_V2\cranwellP18F2525.h
                 Pin9HIGH   0x000f72    program     extern C:\Users\pete\OneDrive\Documents\GitHub\FiringSystem\PIC_Development\FiringUnitWork\FieldModuleLargeNetworkPortControl_V2\cranwellP18F2525.h
                  Pin9LOW   0x000f80    program     extern C:\Users\pete\OneDrive\Documents\GitHub\FiringSystem\PIC_Development\FiringUnitWork\FieldModuleLargeNetworkPortControl_V2\cranwellP18F2525.h
                  PinHIGH   0x001292    program     extern C:\Users\pete\OneDrive\Documents\GitHub\FiringSystem\PIC_Development\FiringUnitWork\FieldModuleLargeNetworkPortControl_V2\cranwellP18F2525.h
                   PinLOW   0x0013de    program     extern C:\Users\pete\OneDrive\Documents\GitHub\FiringSystem\PIC_Development\FiringUnitWork\FieldModuleLargeNetworkPortControl_V2\cranwellP18F2525.h
                  PinTest   0x00152a    program     extern C:\Users\pete\OneDrive\Documents\GitHub\FiringSystem\PIC_Development\FiringUnitWork\FieldModuleLargeNetworkPortControl_V2\cranwellP18F2525.h
          ProcessWorkUnit   0x003c0c    program     extern C:\Users\pete\OneDrive\Documents\GitHub\FiringSystem\PIC_Development\FiringUnitWork\FieldModuleLargeNetworkPortControl_V2\main2.c
                    ReArm   0x00601c    program     extern C:\Users\pete\OneDrive\Documents\GitHub\FiringSystem\PIC_Development\FiringUnitWork\FieldModuleLargeNetworkPortControl_V2\main2.c
                ReadUSART   0x00792e    program     extern C:\Users\pete\OneDrive\Documents\GitHub\FiringSystem\PIC_Development\FiringUnitWork\FieldModuleLargeNetworkPortControl_V2\uread.c
               Read_b_eep   0x0077a8    program     extern C:\Users\pete\OneDrive\Documents\GitHub\FiringSystem\PIC_Development\FiringUnitWork\FieldModuleLargeNetworkPortControl_V2\read_B.c
                  Receive   0x0045c6    program     extern C:\Users\pete\OneDrive\Documents\GitHub\FiringSystem\PIC_Development\FiringUnitWork\FieldModuleLargeNetworkPortControl_V2\main2.c
             ResendACKNAK   0x004350    program     extern C:\Users\pete\OneDrive\Documents\GitHub\FiringSystem\PIC_Development\FiringUnitWork\FieldModuleLargeNetworkPortControl_V2\main2.c
            ResetAllPorts   0x006244    program     extern C:\Users\pete\OneDrive\Documents\GitHub\FiringSystem\PIC_Development\FiringUnitWork\FieldModuleLargeNetworkPortControl_V2\main2.c
               ResetSlave   0x00476e    program     extern C:\Users\pete\OneDrive\Documents\GitHub\FiringSystem\PIC_Development\FiringUnitWork\FieldModuleLargeNetworkPortControl_V2\main2.c
              ResetTimer1   0x0004dc    program     extern C:\Users\pete\OneDrive\Documents\GitHub\FiringSystem\PIC_Development\FiringUnitWork\FieldModuleLargeNetworkPortControl_V2\cranwellP18F2525.h
        RestoreShowStatus   0x006152    program     extern C:\Users\pete\OneDrive\Documents\GitHub\FiringSystem\PIC_Development\FiringUnitWork\FieldModuleLargeNetworkPortControl_V2\main2.c
                  SendACK   0x00366e    program     extern C:\Users\pete\OneDrive\Documents\GitHub\FiringSystem\PIC_Development\FiringUnitWork\FieldModuleLargeNetworkPortControl_V2\main2.c
                  SendBit   0x00789a    program     static C:\Users\pete\OneDrive\Documents\GitHub\FiringSystem\PIC_Development\FiringUnitWork\FieldModuleLargeNetworkPortControl_V2\writuart.asm
                  SendNAK   0x0038a6    program     extern C:\Users\pete\OneDrive\Documents\GitHub\FiringSystem\PIC_Development\FiringUnitWork\FieldModuleLargeNetworkPortControl_V2\main2.c
                SendStart   0x00789e    program     static C:\Users\pete\OneDrive\Documents\GitHub\FiringSystem\PIC_Development\FiringUnitWork\FieldModuleLargeNetworkPortControl_V2\writuart.asm
           SetArmedStatus   0x005a4a    program     extern C:\Users\pete\OneDrive\Documents\GitHub\FiringSystem\PIC_Development\FiringUnitWork\FieldModuleLargeNetworkPortControl_V2\main2.c
            SetClockSpeed   0x000d68    program     extern C:\Users\pete\OneDrive\Documents\GitHub\FiringSystem\PIC_Development\FiringUnitWork\FieldModuleLargeNetworkPortControl_V2\cranwellP18F2525.h
           SetLogicalAddr   0x005966    program     extern C:\Users\pete\OneDrive\Documents\GitHub\FiringSystem\PIC_Development\FiringUnitWork\FieldModuleLargeNetworkPortControl_V2\main2.c
         SetSessionStatus   0x005a0a    program     extern C:\Users\pete\OneDrive\Documents\GitHub\FiringSystem\PIC_Development\FiringUnitWork\FieldModuleLargeNetworkPortControl_V2\main2.c
           SetShortStatus   0x00425a    program     extern C:\Users\pete\OneDrive\Documents\GitHub\FiringSystem\PIC_Development\FiringUnitWork\FieldModuleLargeNetworkPortControl_V2\main2.c
                SetStatus   0x0040b0    program     extern C:\Users\pete\OneDrive\Documents\GitHub\FiringSystem\PIC_Development\FiringUnitWork\FieldModuleLargeNetworkPortControl_V2\main2.c
          SetTEventStatus   0x005ec6    program     extern C:\Users\pete\OneDrive\Documents\GitHub\FiringSystem\PIC_Development\FiringUnitWork\FieldModuleLargeNetworkPortControl_V2\main2.c
              SetUnitAddr   0x0058d2    program     extern C:\Users\pete\OneDrive\Documents\GitHub\FiringSystem\PIC_Development\FiringUnitWork\FieldModuleLargeNetworkPortControl_V2\main2.c
ShowAddressAndSoftwareVersion   0x005f74    program     extern C:\Users\pete\OneDrive\Documents\GitHub\FiringSystem\PIC_Development\FiringUnitWork\FieldModuleLargeNetworkPortControl_V2\main2.c
          ShowUnitAddress   0x004afa    program     extern C:\Users\pete\OneDrive\Documents\GitHub\FiringSystem\PIC_Development\FiringUnitWork\FieldModuleLargeNetworkPortControl_V2\main2.c
              StartTimer0   0x005022    program     extern C:\Users\pete\OneDrive\Documents\GitHub\FiringSystem\PIC_Development\FiringUnitWork\FieldModuleLargeNetworkPortControl_V2\main2.c
              StartTimer1   0x005068    program     extern C:\Users\pete\OneDrive\Documents\GitHub\FiringSystem\PIC_Development\FiringUnitWork\FieldModuleLargeNetworkPortControl_V2\main2.c
               TSIGN1616A   0x0073d6    program     static E:\3.46\pic18-lt\cxx-framework\src\traditional\math\fxm1616s.asm
                    Trace   0x004e74    program     extern C:\Users\pete\OneDrive\Documents\GitHub\FiringSystem\PIC_Development\FiringUnitWork\FieldModuleLargeNetworkPortControl_V2\main2.c
              WriteTimer0   0x00062e    program     extern C:\Users\pete\OneDrive\Documents\GitHub\FiringSystem\PIC_Development\FiringUnitWork\FieldModuleLargeNetworkPortControl_V2\cranwellP18F2525.h
              WriteTimer1   0x0078be    program     extern E:\3.46\pic18-lt\cxx-framework\src\pmc_common\Timers\t1write.c
                WriteUART   0x007886    program     extern C:\Users\pete\OneDrive\Documents\GitHub\FiringSystem\PIC_Development\FiringUnitWork\FieldModuleLargeNetworkPortControl_V2\writuart.asm
               WriteUSART   0x000d04    program     extern C:\Users\pete\OneDrive\Documents\GitHub\FiringSystem\PIC_Development\FiringUnitWork\FieldModuleLargeNetworkPortControl_V2\cranwellP18F2525.h
              Write_b_eep   0x00774a    program     extern C:\Users\pete\OneDrive\Documents\GitHub\FiringSystem\PIC_Development\FiringUnitWork\FieldModuleLargeNetworkPortControl_V2\write_B.c
                  _14jEnd   0x0070e6    program     static E:\3.46\pic18-lt\cxx-framework\src\traditional\stdclib\atol.asm
              _2jContinue   0x00713e    program     static E:\3.46\pic18-lt\cxx-framework\src\traditional\stdclib\memset.asm
                   _2jEnd   0x007328    program     static E:\3.46\pic18-lt\cxx-framework\src\traditional\stdclib\slenpgm.asm
                   _3jEnd   0x007148    program     static E:\3.46\pic18-lt\cxx-framework\src\traditional\stdclib\memset.asm
              _4jContinue   0x007272    program     static E:\3.46\pic18-lt\cxx-framework\src\traditional\stdclib\strncat.asm
                   _5jEnd   0x00727c    program     static E:\3.46\pic18-lt\cxx-framework\src\traditional\stdclib\strncat.asm
       _D10KTCYXCODE_0010   0x007972    program     static E:\3.46\pic18-lt\cxx-framework\src\traditional\delays\d10ktcyx.asm
       _D10KTCYXCODE_001C   0x00797e    program     static E:\3.46\pic18-lt\cxx-framework\src\traditional\delays\d10ktcyx.asm
        _D10TCYXCODE_000A   0x007a42    program     static E:\3.46\pic18-lt\cxx-framework\src\traditional\delays\d10tcyx.asm
        _D10TCYXCODE_000C   0x007a44    program     static E:\3.46\pic18-lt\cxx-framework\src\traditional\delays\d10tcyx.asm
        _D10TCYXCODE_000E   0x007a46    program     static E:\3.46\pic18-lt\cxx-framework\src\traditional\delays\d10tcyx.asm
      ___case_10_lbl00327   0x003e0a    program     static                          
      ___case_11_lbl00328   0x003e10    program     static                          
      ___case_13_lbl00334   0x003efa    program     static                          
      ___case_16_lbl00335   0x003fa6    program     static                          
      ___case_17_lbl00319   0x003d72    program     static                          
      ___case_19_lbl00326   0x003e04    program     static                          
       ___case_1_lbl00316   0x003d00    program     static                          
      ___case_20_lbl00337   0x004076    program     static                          
      ___case_21_lbl00338   0x004080    program     static                          
      ___case_24_lbl00324   0x003dce    program     static                          
      ___case_25_lbl00339   0x004088    program     static                          
       ___case_2_lbl00317   0x003d1c    program     static                          
       ___case_4_lbl00321   0x003d9c    program     static                          
       ___case_5_lbl00323   0x003dc4    program     static                          
       ___case_6_lbl00325   0x003dfc    program     static                          
       ___case_7_lbl00329   0x003e16    program     static                          
       ___case_8_lbl00333   0x003ef4    program     static                          
      ___case_99_lbl00318   0x003d50    program     static                          
      ___default_lbl00340   0x004092    program     static                          
         ___else_lbl00253   0x00219c    program     static                          
         ___else_lbl00255   0x0021da    program     static                          
         ___else_lbl00260   0x0022c4    program     static                          
         ___else_lbl00262   0x0022e6    program     static                          
         ___else_lbl00264   0x002304    program     static                          
         ___else_lbl00295   0x003594    program     static                          
         ___else_lbl00297   0x003142    program     static                          
         ___else_lbl00303   0x00364c    program     static                          
          ___for_lbl00087   0x000e20    program     static                          
          ___for_lbl00088   0x000e34    program     static                          
          ___for_lbl00089   0x000de2    program     static                          
          ___for_lbl00242   0x001e52    program     static                          
          ___for_lbl00243   0x001e5c    program     static                          
          ___for_lbl00245   0x001dda    program     static                          
          ___for_lbl00275   0x00297a    program     static                          
          ___for_lbl00276   0x002984    program     static                          
          ___for_lbl00277   0x0028d4    program     static                          
          ___for_lbl00279   0x002cce    program     static                          
          ___for_lbl00280   0x002cd8    program     static                          
          ___for_lbl00281   0x002c28    program     static                          
          ___for_lbl00284   0x002f0e    program     static                          
          ___for_lbl00285   0x002f18    program     static                          
          ___for_lbl00287   0x002e14    program     static                          
          ___for_lbl00290   0x0035b4    program     static                          
          ___for_lbl00291   0x0035be    program     static                          
          ___for_lbl00298   0x003096    program     static                          
          ___for_lbl00330   0x003ee8    program     static                          
          ___for_lbl00331   0x003ef2    program     static                          
          ___for_lbl00332   0x003e70    program     static                          
          ___for_lbl00466   0x006132    program     static                          
          ___for_lbl00467   0x00613e    program     static                          
          ___for_lbl00468   0x0060b6    program     static                          
          ___for_lbl00470   0x006224    program     static                          
          ___for_lbl00471   0x006230    program     static                          
          ___for_lbl00472   0x006198    program     static                          
           ___if_lbl00229   0x001940    program     static                          
           ___if_lbl00230   0x0019b2    program     static                          
           ___if_lbl00231   0x001ab6    program     static                          
           ___if_lbl00232   0x001ab6    program     static                          
           ___if_lbl00235   0x001b32    program     static                          
           ___if_lbl00236   0x001c12    program     static                          
           ___if_lbl00237   0x001c14    program     static                          
           ___if_lbl00238   0x001cde    program     static                          
           ___if_lbl00239   0x001cde    program     static                          
           ___if_lbl00241   0x001d38    program     static                          
           ___if_lbl00244   0x001e52    program     static                          
           ___if_lbl00246   0x001e82    program     static                          
           ___if_lbl00247   0x001fa2    program     static                          
           ___if_lbl00248   0x001fa2    program     static                          
           ___if_lbl00251   0x0020b0    program     static                          
           ___if_lbl00252   0x0021d8    program     static                          
           ___if_lbl00254   0x0021dc    program     static                          
           ___if_lbl00256   0x0021de    program     static                          
           ___if_lbl00257   0x0021de    program     static                          
           ___if_lbl00258   0x002220    program     static                          
           ___if_lbl00259   0x0022e0    program     static                          
           ___if_lbl00261   0x002302    program     static                          
           ___if_lbl00263   0x002308    program     static                          
           ___if_lbl00265   0x002364    program     static                          
           ___if_lbl00266   0x0023d0    program     static                          
           ___if_lbl00267   0x0023d0    program     static                          
           ___if_lbl00268   0x0023d4    program     static                          
           ___if_lbl00269   0x00240a    program     static                          
           ___if_lbl00270   0x00240e    program     static                          
           ___if_lbl00271   0x002442    program     static                          
           ___if_lbl00272   0x0024e8    program     static                          
           ___if_lbl00273   0x002534    program     static                          
           ___if_lbl00274   0x002702    program     static                          
           ___if_lbl00278   0x002a48    program     static                          
           ___if_lbl00282   0x002d00    program     static                          
           ___if_lbl00283   0x002d6e    program     static                          
           ___if_lbl00286   0x002f0e    program     static                          
           ___if_lbl00288   0x002f1c    program     static                          
           ___if_lbl00289   0x002fb2    program     static                          
           ___if_lbl00292   0x003504    program     static                          
           ___if_lbl00293   0x003590    program     static                          
           ___if_lbl00294   0x0035b4    program     static                          
           ___if_lbl00296   0x0035b4    program     static                          
           ___if_lbl00299   0x0035e0    program     static                          
           ___if_lbl00300   0x003618    program     static                          
           ___if_lbl00301   0x00364a    program     static                          
           ___if_lbl00302   0x00364c    program     static                          
           ___if_lbl00320   0x003dac    program     static                          
           ___if_lbl00322   0x003dc2    program     static                          
           ___if_lbl00336   0x004074    program     static                          
       ___return_lbl00000   0x0079ba    program     static                          
       ___return_lbl00000   0x00783a    program     static                          
       ___return_lbl00000   0x0076da    program     static                          
       ___return_lbl00000   0x00000c    program     static                          
       ___return_lbl00000   0x000004    program     static                          
       ___return_lbl00001   0x007a1a    program     static                          
       ___return_lbl00001   0x00001c    program     static                          
       ___return_lbl00002   0x007568    program     static                          
       ___return_lbl00079   0x000d3e    program     static                          
       ___return_lbl00080   0x000d5a    program     static                          
       ___return_lbl00086   0x000e34    program     static                          
       ___return_lbl00226   0x00366c    program     static                          
       ___return_lbl00314   0x0040ae    program     static                          
       ___return_lbl00465   0x00613e    program     static                          
       ___return_lbl00469   0x006230    program     static                          
   ___switchexit_lbl00315   0x0040ae    program     static                          
        ___while_lbl00227   0x0018d2    program     static                          
        ___while_lbl00228   0x00366c    program     static                          
        ___while_lbl00249   0x001fb0    program     static                          
        ___while_lbl00250   0x0021de    program     static                          
               __config_0   0x300001    program     static C:\Users\pete\OneDrive\Documents\GitHub\FiringSystem\PIC_Development\FiringUnitWork\FieldModuleLargeNetworkPortControl_V2\main2.c
               __config_1   0x300002    program     static C:\Users\pete\OneDrive\Documents\GitHub\FiringSystem\PIC_Development\FiringUnitWork\FieldModuleLargeNetworkPortControl_V2\main2.c
               __config_2   0x300003    program     static C:\Users\pete\OneDrive\Documents\GitHub\FiringSystem\PIC_Development\FiringUnitWork\FieldModuleLargeNetworkPortControl_V2\main2.c
               __config_3   0x300005    program     static C:\Users\pete\OneDrive\Documents\GitHub\FiringSystem\PIC_Development\FiringUnitWork\FieldModuleLargeNetworkPortControl_V2\main2.c
               __config_4   0x300006    program     static C:\Users\pete\OneDrive\Documents\GitHub\FiringSystem\PIC_Development\FiringUnitWork\FieldModuleLargeNetworkPortControl_V2\main2.c
                   __init   0x007a7c    program     extern E:\3.46\pic18-lt\cxx-framework\src\traditional\stdclib\__init.c
                   __pa_0   0x006bfc    program     static E:\3.46\pic18-lt\cxx-framework\src\traditional\stdclib\vfprintf.c
                   __pa_1   0x006c04    program     static E:\3.46\pic18-lt\cxx-framework\src\traditional\stdclib\vfprintf.c
                  __pa_10   0x006cb8    program     static E:\3.46\pic18-lt\cxx-framework\src\traditional\stdclib\vfprintf.c
                  __pa_11   0x006cc6    program     static E:\3.46\pic18-lt\cxx-framework\src\traditional\stdclib\vfprintf.c
                  __pa_12   0x006cdc    program     static E:\3.46\pic18-lt\cxx-framework\src\traditional\stdclib\vfprintf.c
                  __pa_13   0x006cf6    program     static E:\3.46\pic18-lt\cxx-framework\src\traditional\stdclib\vfprintf.c
                  __pa_14   0x006d0e    program     static E:\3.46\pic18-lt\cxx-framework\src\traditional\stdclib\vfprintf.c
                  __pa_15   0x006d1e    program     static E:\3.46\pic18-lt\cxx-framework\src\traditional\stdclib\vfprintf.c
                  __pa_16   0x006d34    program     static E:\3.46\pic18-lt\cxx-framework\src\traditional\stdclib\vfprintf.c
                  __pa_17   0x006d46    program     static E:\3.46\pic18-lt\cxx-framework\src\traditional\stdclib\vfprintf.c
                  __pa_18   0x006d58    program     static E:\3.46\pic18-lt\cxx-framework\src\traditional\stdclib\vfprintf.c
                  __pa_19   0x006d62    program     static E:\3.46\pic18-lt\cxx-framework\src\traditional\stdclib\vfprintf.c
                   __pa_2   0x006c0e    program     static E:\3.46\pic18-lt\cxx-framework\src\traditional\stdclib\vfprintf.c
                  __pa_20   0x006d72    program     static E:\3.46\pic18-lt\cxx-framework\src\traditional\stdclib\vfprintf.c
                  __pa_21   0x006d82    program     static E:\3.46\pic18-lt\cxx-framework\src\traditional\stdclib\vfprintf.c
                  __pa_22   0x006d92    program     static E:\3.46\pic18-lt\cxx-framework\src\traditional\stdclib\vfprintf.c
                  __pa_23   0x006d9e    program     static E:\3.46\pic18-lt\cxx-framework\src\traditional\stdclib\vfprintf.c
                  __pa_24   0x006dac    program     static E:\3.46\pic18-lt\cxx-framework\src\traditional\stdclib\vfprintf.c
                  __pa_25   0x006db4    program     static E:\3.46\pic18-lt\cxx-framework\src\traditional\stdclib\vfprintf.c
                  __pa_26   0x006dbe    program     static E:\3.46\pic18-lt\cxx-framework\src\traditional\stdclib\vfprintf.c
                  __pa_27   0x006dc8    program     static E:\3.46\pic18-lt\cxx-framework\src\traditional\stdclib\vfprintf.c
                  __pa_28   0x006dd0    program     static E:\3.46\pic18-lt\cxx-framework\src\traditional\stdclib\vfprintf.c
                  __pa_29   0x006dde    program     static E:\3.46\pic18-lt\cxx-framework\src\traditional\stdclib\vfprintf.c
                   __pa_3   0x006c18    program     static E:\3.46\pic18-lt\cxx-framework\src\traditional\stdclib\vfprintf.c
                  __pa_30   0x006dfa    program     static E:\3.46\pic18-lt\cxx-framework\src\traditional\stdclib\vfprintf.c
                  __pa_31   0x006e14    program     static E:\3.46\pic18-lt\cxx-framework\src\traditional\stdclib\vfprintf.c
                  __pa_32   0x006e2e    program     static E:\3.46\pic18-lt\cxx-framework\src\traditional\stdclib\vfprintf.c
                  __pa_33   0x006e46    program     static E:\3.46\pic18-lt\cxx-framework\src\traditional\stdclib\vfprintf.c
                  __pa_34   0x006e50    program     static E:\3.46\pic18-lt\cxx-framework\src\traditional\stdclib\vfprintf.c
                  __pa_35   0x006e5e    program     static E:\3.46\pic18-lt\cxx-framework\src\traditional\stdclib\vfprintf.c
                  __pa_36   0x006e66    program     static E:\3.46\pic18-lt\cxx-framework\src\traditional\stdclib\vfprintf.c
                  __pa_37   0x006e70    program     static E:\3.46\pic18-lt\cxx-framework\src\traditional\stdclib\vfprintf.c
                  __pa_38   0x006e80    program     static E:\3.46\pic18-lt\cxx-framework\src\traditional\stdclib\vfprintf.c
                  __pa_39   0x006e8e    program     static E:\3.46\pic18-lt\cxx-framework\src\traditional\stdclib\vfprintf.c
                   __pa_4   0x006c30    program     static E:\3.46\pic18-lt\cxx-framework\src\traditional\stdclib\vfprintf.c
                  __pa_40   0x006e9a    program     static E:\3.46\pic18-lt\cxx-framework\src\traditional\stdclib\vfprintf.c
                  __pa_41   0x006ea6    program     static E:\3.46\pic18-lt\cxx-framework\src\traditional\stdclib\vfprintf.c
                  __pa_42   0x006eae    program     static E:\3.46\pic18-lt\cxx-framework\src\traditional\stdclib\vfprintf.c
                  __pa_43   0x006eb8    program     static E:\3.46\pic18-lt\cxx-framework\src\traditional\stdclib\vfprintf.c
                  __pa_44   0x006ebe    program     static E:\3.46\pic18-lt\cxx-framework\src\traditional\stdclib\vfprintf.c
                  __pa_45   0x006ec8    program     static E:\3.46\pic18-lt\cxx-framework\src\traditional\stdclib\vfprintf.c
                  __pa_46   0x006ed4    program     static E:\3.46\pic18-lt\cxx-framework\src\traditional\stdclib\vfprintf.c
                   __pa_5   0x006c44    program     static E:\3.46\pic18-lt\cxx-framework\src\traditional\stdclib\vfprintf.c
                   __pa_6   0x006c60    program     static E:\3.46\pic18-lt\cxx-framework\src\traditional\stdclib\vfprintf.c
                   __pa_7   0x006c6a    program     static E:\3.46\pic18-lt\cxx-framework\src\traditional\stdclib\vfprintf.c
                   __pa_8   0x006c76    program     static E:\3.46\pic18-lt\cxx-framework\src\traditional\stdclib\vfprintf.c
                   __pa_9   0x006c98    program     static E:\3.46\pic18-lt\cxx-framework\src\traditional\stdclib\vfprintf.c
              __string_70   0x007652    program     static C:\Users\pete\OneDrive\Documents\GitHub\FiringSystem\PIC_Development\FiringUnitWork\FieldModuleLargeNetworkPortControl_V2\main2.c
              __string_71   0x007638    program     static C:\Users\pete\OneDrive\Documents\GitHub\FiringSystem\PIC_Development\FiringUnitWork\FieldModuleLargeNetworkPortControl_V2\main2.c
              __string_72   0x007633    program     static C:\Users\pete\OneDrive\Documents\GitHub\FiringSystem\PIC_Development\FiringUnitWork\FieldModuleLargeNetworkPortControl_V2\main2.c
              __string_75   0x007619    program     static C:\Users\pete\OneDrive\Documents\GitHub\FiringSystem\PIC_Development\FiringUnitWork\FieldModuleLargeNetworkPortControl_V2\main2.c
              __string_76   0x00760a    program     static C:\Users\pete\OneDrive\Documents\GitHub\FiringSystem\PIC_Development\FiringUnitWork\FieldModuleLargeNetworkPortControl_V2\main2.c
              __string_78   0x0075ee    program     static C:\Users\pete\OneDrive\Documents\GitHub\FiringSystem\PIC_Development\FiringUnitWork\FieldModuleLargeNetworkPortControl_V2\main2.c
             __tmplbl_145   0x001de6    program     static                          
             __tmplbl_146   0x002038    program     static                          
             __tmplbl_147   0x002694    program     static                          
             __tmplbl_148   0x0028e4    program     static                          
             __tmplbl_149   0x0029d6    program     static                          
             __tmplbl_150   0x002c38    program     static                          
             __tmplbl_151   0x002d00    program     static                          
             __tmplbl_152   0x002e24    program     static                          
             __tmplbl_153   0x0030bc    program     static                          
             __tmplbl_154   0x00314e    program     static                          
             __tmplbl_155   0x003606    program     static                          
             __tmplbl_156   0x00363e    program     static                          
             __tmplbl_157   0x003e80    program     static                          
             __tmplbl_174   0x0060dc    program     static                          
             __tmplbl_175   0x0061be    program     static                          
               __tmplbl_4   0x000e12    program     static                          
              __tmplbl_42   0x006d92    program     static                          
              __tmplbl_43   0x006bda    program     static                          
              __tmplbl_44   0x006bc0    program     static                          
              __tmplbl_68   0x001ad4    program     static                          
              __tmplbl_69   0x001ac6    program     static                          
              __tmplbl_70   0x001af4    program     static                          
              __tmplbl_71   0x001ae2    program     static                          
              __tmplbl_72   0x001bf8    program     static                          
              __tmplbl_73   0x001cfa    program     static                          
              __tmplbl_74   0x001cf0    program     static                          
              __tmplbl_75   0x002020    program     static                          
              __tmplbl_76   0x003c16    program     static                          
              __tmplbl_77   0x003c24    program     static                          
              __tmplbl_78   0x003c32    program     static                          
              __tmplbl_79   0x003c40    program     static                          
              __tmplbl_80   0x003c4e    program     static                          
              __tmplbl_81   0x003c5c    program     static                          
              __tmplbl_82   0x003c6a    program     static                          
              __tmplbl_83   0x003c78    program     static                          
              __tmplbl_84   0x003c86    program     static                          
              __tmplbl_85   0x003c94    program     static                          
              __tmplbl_85   0x006312    program     static                          
              __tmplbl_86   0x003ca2    program     static                          
              __tmplbl_87   0x003cb0    program     static                          
              __tmplbl_88   0x003cbe    program     static                          
              __tmplbl_89   0x003ccc    program     static                          
              __tmplbl_90   0x003cd8    program     static                          
              __tmplbl_91   0x003ce4    program     static                          
              __tmplbl_92   0x003cf0    program     static                          
              __tmplbl_93   0x003cfc    program     static                          
            __zero_memory   0x0079e0    program     extern E:\3.46\pic18-lt\cxx-framework\src\traditional\proc\p18f2525.asm
                _do_cinit   0x0074cc    program     extern E:\3.46\pic18-lt\cxx-framework\src\traditional\startup\c018i.c
                   _entry   0x000000    program     extern E:\3.46\pic18-lt\cxx-framework\src\traditional\startup\c018i.c
                   _false   0x007836    program     static                          
                 _startup   0x007a00    program     extern E:\3.46\pic18-lt\cxx-framework\src\traditional\startup\c018i.c
              _usart_putc   0x007a1c    program     extern E:\3.46\pic18-lt\cxx-framework\src\pmc_common\USART\_usartpc.asm
               _user_putc   0x000006    program     extern E:\3.46\pic18-lt\cxx-framework\src\traditional\stdclib\_user_putc.c
                      abs   0x0017c8    program     extern C:\Users\pete\OneDrive\Documents\GitHub\FiringSystem\PIC_Development\FiringUnitWork\FieldModuleLargeNetworkPortControl_V2\cranwellP18F2525.h
                     atoi   0x006ede    program     extern E:\3.46\pic18-lt\cxx-framework\src\traditional\stdclib\atoi.asm
                     atol   0x006fc8    program     extern E:\3.46\pic18-lt\cxx-framework\src\traditional\stdclib\atol.asm
                baudUSART   0x000a9e    program     extern C:\Users\pete\OneDrive\Documents\GitHub\FiringSystem\PIC_Development\FiringUnitWork\FieldModuleLargeNetworkPortControl_V2\cranwellP18F2525.h
                compare_l   0x0079f6    program     static E:\3.46\pic18-lt\cxx-framework\src\traditional\proc\p18f2525.asm
                copy_loop   0x00753e    program     static                          
            copy_one_byte   0x007544    program     static                          
                     done   0x007568    program     static                          
             done_copying   0x007552    program     static                          
                  endloop   0x0079b6    program     static                          
                  isdigit   0x0079bc    program     extern E:\3.46\pic18-lt\cxx-framework\src\traditional\stdclib\isdigit.asm
                     jEnd   0x006f9c    program     static E:\3.46\pic18-lt\cxx-framework\src\traditional\stdclib\atoi.asm
                     jEnd   0x007150    program     static E:\3.46\pic18-lt\cxx-framework\src\traditional\stdclib\memset.asm
                     jEnd   0x0070e6    program     static E:\3.46\pic18-lt\cxx-framework\src\traditional\stdclib\atol.asm
                     jEnd   0x007288    program     static E:\3.46\pic18-lt\cxx-framework\src\traditional\stdclib\strncat.asm
                     jEnd   0x007236    program     static E:\3.46\pic18-lt\cxx-framework\src\traditional\stdclib\strlen.asm
                     jEnd   0x0071c4    program     static E:\3.46\pic18-lt\cxx-framework\src\traditional\stdclib\strcmp.asm
                     jEnd   0x00732a    program     static E:\3.46\pic18-lt\cxx-framework\src\traditional\stdclib\slenpgm.asm
                 jEndLoop   0x006f84    program     static E:\3.46\pic18-lt\cxx-framework\src\traditional\stdclib\atoi.asm
                 jEndLoop   0x0070b6    program     static E:\3.46\pic18-lt\cxx-framework\src\traditional\stdclib\atol.asm
               jInnerLoop   0x0072c6    program     static E:\3.46\pic18-lt\cxx-framework\src\traditional\stdclib\strstr.asm
                    jLoop   0x006f36    program     static E:\3.46\pic18-lt\cxx-framework\src\traditional\stdclib\atoi.asm
                    jLoop   0x007028    program     static E:\3.46\pic18-lt\cxx-framework\src\traditional\stdclib\atol.asm
                    jLoop   0x007312    program     static E:\3.46\pic18-lt\cxx-framework\src\traditional\stdclib\slenpgm.asm
                    jLoop   0x007180    program     static E:\3.46\pic18-lt\cxx-framework\src\traditional\stdclib\strcat.asm
                    jLoop   0x007132    program     static E:\3.46\pic18-lt\cxx-framework\src\traditional\stdclib\memset.asm
                    jLoop   0x0071ba    program     static E:\3.46\pic18-lt\cxx-framework\src\traditional\stdclib\strcmp.asm
                    jLoop   0x007266    program     static E:\3.46\pic18-lt\cxx-framework\src\traditional\stdclib\strncat.asm
                    jLoop   0x00722c    program     static E:\3.46\pic18-lt\cxx-framework\src\traditional\stdclib\strlen.asm
                    jLoop   0x007202    program     static E:\3.46\pic18-lt\cxx-framework\src\traditional\stdclib\strcpy.asm
                   jMatch   0x0079dc    program     static E:\3.46\pic18-lt\cxx-framework\src\traditional\stdclib\isdigit.asm
                   jMatch   0x0072e2    program     static E:\3.46\pic18-lt\cxx-framework\src\traditional\stdclib\strstr.asm
                 jNoMatch   0x0072d2    program     static E:\3.46\pic18-lt\cxx-framework\src\traditional\stdclib\strstr.asm
                 jNoMatch   0x0079de    program     static E:\3.46\pic18-lt\cxx-framework\src\traditional\stdclib\isdigit.asm
                    jNull   0x0072de    program     static E:\3.46\pic18-lt\cxx-framework\src\traditional\stdclib\strstr.asm
                jNullLoop   0x00717a    program     static E:\3.46\pic18-lt\cxx-framework\src\traditional\stdclib\strcat.asm
                jNullLoop   0x007260    program     static E:\3.46\pic18-lt\cxx-framework\src\traditional\stdclib\strncat.asm
               jOuterLoop   0x0072ae    program     static E:\3.46\pic18-lt\cxx-framework\src\traditional\stdclib\strstr.asm
                  jReturn   0x0072e2    program     static E:\3.46\pic18-lt\cxx-framework\src\traditional\stdclib\strstr.asm
                  jSkipWS   0x006f0c    program     static E:\3.46\pic18-lt\cxx-framework\src\traditional\stdclib\atoi.asm
                  jSkipWS   0x006ffe    program     static E:\3.46\pic18-lt\cxx-framework\src\traditional\stdclib\atol.asm
                 jSkipWS1   0x006f1e    program     static E:\3.46\pic18-lt\cxx-framework\src\traditional\stdclib\atoi.asm
                 jSkipWS1   0x007010    program     static E:\3.46\pic18-lt\cxx-framework\src\traditional\stdclib\atol.asm
                    jTerm   0x007286    program     static E:\3.46\pic18-lt\cxx-framework\src\traditional\stdclib\strncat.asm
                 jTstSign   0x006f22    program     static E:\3.46\pic18-lt\cxx-framework\src\traditional\stdclib\atoi.asm
                 jTstSign   0x007014    program     static E:\3.46\pic18-lt\cxx-framework\src\traditional\stdclib\atol.asm
                jTstSign1   0x006f2e    program     static E:\3.46\pic18-lt\cxx-framework\src\traditional\stdclib\atoi.asm
                jTstSign1   0x007020    program     static E:\3.46\pic18-lt\cxx-framework\src\traditional\stdclib\atol.asm
                jTstSign2   0x006f34    program     static E:\3.46\pic18-lt\cxx-framework\src\traditional\stdclib\atoi.asm
                jTstSign2   0x007026    program     static E:\3.46\pic18-lt\cxx-framework\src\traditional\stdclib\atol.asm
                jTstSign3   0x006f36    program     static E:\3.46\pic18-lt\cxx-framework\src\traditional\stdclib\atoi.asm
                jTstSign3   0x007028    program     static E:\3.46\pic18-lt\cxx-framework\src\traditional\stdclib\atol.asm
                     loop   0x007a2c    program     static E:\3.46\pic18-lt\cxx-framework\src\pmc_common\USART\_usartpc.asm
                     loop   0x007a10    program     static                          
                     loop   0x00799a    program     static                          
                     loop   0x007802    program     static                          
                   loop_h   0x0079ee    program     static E:\3.46\pic18-lt\cxx-framework\src\traditional\proc\p18f2525.asm
                   loop_l   0x0079f8    program     static E:\3.46\pic18-lt\cxx-framework\src\traditional\proc\p18f2525.asm
                     main   0x001818    program     extern C:\Users\pete\OneDrive\Documents\GitHub\FiringSystem\PIC_Development\FiringUnitWork\FieldModuleLargeNetworkPortControl_V2\main2.c
                   memcpy   0x0007e6    program     extern C:\Users\pete\OneDrive\Documents\GitHub\FiringSystem\PIC_Development\FiringUnitWork\FieldModuleLargeNetworkPortControl_V2\cranwellP18F2525.h
                   memset   0x00711e    program     extern E:\3.46\pic18-lt\cxx-framework\src\traditional\stdclib\memset.asm
                     putc   0x00756a    program     extern E:\3.46\pic18-lt\cxx-framework\src\traditional\stdclib\putc.c
               putrsUSART   0x000c6a    program     extern C:\Users\pete\OneDrive\Documents\GitHub\FiringSystem\PIC_Development\FiringUnitWork\FieldModuleLargeNetworkPortControl_V2\cranwellP18F2525.h
                 putsUART   0x000906    program     extern C:\Users\pete\OneDrive\Documents\GitHub\FiringSystem\PIC_Development\FiringUnitWork\FieldModuleLargeNetworkPortControl_V2\cranwellP18F2525.h
                putsUSART   0x000ac2    program     extern C:\Users\pete\OneDrive\Documents\GitHub\FiringSystem\PIC_Development\FiringUnitWork\FieldModuleLargeNetworkPortControl_V2\cranwellP18F2525.h
                 s_digits   0x007a4e    program     static E:\3.46\pic18-lt\cxx-framework\src\traditional\stdclib\vfprintf.c
            s_put_n_chars   0x0062bc    program     static E:\3.46\pic18-lt\cxx-framework\src\traditional\stdclib\vfprintf.c
                  sprintf   0x007420    program     extern E:\3.46\pic18-lt\cxx-framework\src\traditional\stdclib\sprintf.c
                   strcat   0x007152    program     extern E:\3.46\pic18-lt\cxx-framework\src\traditional\stdclib\strcat.asm
                   strcmp   0x00719a    program     extern E:\3.46\pic18-lt\cxx-framework\src\traditional\stdclib\strcmp.asm
                   strcpy   0x0071da    program     extern E:\3.46\pic18-lt\cxx-framework\src\traditional\stdclib\strcpy.asm
                   strlen   0x00721c    program     extern E:\3.46\pic18-lt\cxx-framework\src\traditional\stdclib\strlen.asm
                strlenpgm   0x0072f4    program     extern E:\3.46\pic18-lt\cxx-framework\src\traditional\stdclib\slenpgm.asm
                  strncat   0x007238    program     extern E:\3.46\pic18-lt\cxx-framework\src\traditional\stdclib\strncat.asm
                  strncmp   0x000738    program     extern C:\Users\pete\OneDrive\Documents\GitHub\FiringSystem\PIC_Development\FiringUnitWork\FieldModuleLargeNetworkPortControl_V2\cranwellP18F2525.h
                  strncpy   0x000662    program     extern C:\Users\pete\OneDrive\Documents\GitHub\FiringSystem\PIC_Development\FiringUnitWork\FieldModuleLargeNetworkPortControl_V2\cranwellP18F2525.h
                   strstr   0x00729a    program     extern E:\3.46\pic18-lt\cxx-framework\src\traditional\stdclib\strstr.asm
                     test   0x0074e6    program     static                          
                 vfprintf   0x0062e8    program     extern E:\3.46\pic18-lt\cxx-framework\src\traditional\stdclib\vfprintf.c
               vgetsUSART   0x000244    program     extern C:\Users\pete\OneDrive\Documents\GitHub\FiringSystem\PIC_Development\FiringUnitWork\FieldModuleLargeNetworkPortControl_V2\cranwellP18F2525.h
                vputsUART   0x0009b0    program     extern C:\Users\pete\OneDrive\Documents\GitHub\FiringSystem\PIC_Development\FiringUnitWork\FieldModuleLargeNetworkPortControl_V2\cranwellP18F2525.h
               vputsUSART   0x000b04    program     extern C:\Users\pete\OneDrive\Documents\GitHub\FiringSystem\PIC_Development\FiringUnitWork\FieldModuleLargeNetworkPortControl_V2\cranwellP18F2525.h
               zero_block   0x0079ee    program     static E:\3.46\pic18-lt\cxx-framework\src\traditional\proc\p18f2525.asm
                  ACKSENT   0x00057e       data     static C:\Users\pete\OneDrive\Documents\GitHub\FiringSystem\PIC_Development\FiringUnitWork\FieldModuleLargeNetworkPortControl_V2\main2.c
                  ACKdata   0x000308       data     static C:\Users\pete\OneDrive\Documents\GitHub\FiringSystem\PIC_Development\FiringUnitWork\FieldModuleLargeNetworkPortControl_V2\main2.c
                   ACKmsg   0x000b09       data     static C:\Users\pete\OneDrive\Documents\GitHub\FiringSystem\PIC_Development\FiringUnitWork\FieldModuleLargeNetworkPortControl_V2\main2.c
                   ADCON0   0x000fc2       data     extern E:\3.46\pic18-lt\cxx-framework\src\traditional\proc\p18f2525.asm
               ADCON0bits   0x000fc2       data     extern E:\3.46\pic18-lt\cxx-framework\src\traditional\proc\p18f2525.asm
                   ADCON1   0x000fc1       data     extern E:\3.46\pic18-lt\cxx-framework\src\traditional\proc\p18f2525.asm
               ADCON1bits   0x000fc1       data     extern E:\3.46\pic18-lt\cxx-framework\src\traditional\proc\p18f2525.asm
                   ADCON2   0x000fc0       data     extern E:\3.46\pic18-lt\cxx-framework\src\traditional\proc\p18f2525.asm
               ADCON2bits   0x000fc0       data     extern E:\3.46\pic18-lt\cxx-framework\src\traditional\proc\p18f2525.asm
                    ADRES   0x000fc3       data     extern E:\3.46\pic18-lt\cxx-framework\src\traditional\proc\p18f2525.asm
                   ADRESH   0x000fc4       data     extern E:\3.46\pic18-lt\cxx-framework\src\traditional\proc\p18f2525.asm
                   ADRESL   0x000fc3       data     extern E:\3.46\pic18-lt\cxx-framework\src\traditional\proc\p18f2525.asm
                 AnyPinOn   0x000c32       data     static C:\Users\pete\OneDrive\Documents\GitHub\FiringSystem\PIC_Development\FiringUnitWork\FieldModuleLargeNetworkPortControl_V2\main2.c
               ArmPending   0x000c34       data     static C:\Users\pete\OneDrive\Documents\GitHub\FiringSystem\PIC_Development\FiringUnitWork\FieldModuleLargeNetworkPortControl_V2\main2.c
                    Armed   0x000597       data     static C:\Users\pete\OneDrive\Documents\GitHub\FiringSystem\PIC_Development\FiringUnitWork\FieldModuleLargeNetworkPortControl_V2\main2.c
                  BAUDCON   0x000fb8       data     extern E:\3.46\pic18-lt\cxx-framework\src\traditional\proc\p18f2525.asm
[...]
                TRISAbits   0x000f92       data     extern E:\3.46\pic18-lt\cxx-framework\src\traditional\proc\p18f2525.asm
                     DDRA   0x000f92       data     extern E:\3.46\pic18-lt\cxx-framework\src\traditional\proc\p18f2525.asm
                 DDRAbits   0x000f92       data     extern E:\3.46\pic18-lt\cxx-framework\src\traditional\proc\p18f2525.asm
                     DDRB   0x000f93       data     extern E:\3.46\pic18-lt\cxx-framework\src\traditional\proc\p18f2525.asm
                    TRISB   0x000f93       data     extern E:\3.46\pic18-lt\cxx-framework\src\traditional\proc\p18f2525.asm
                 DDRBbits   0x000f93       data     extern E:\3.46\pic18-lt\cxx-framework\src\traditional\proc\p18f2525.asm
                TRISBbits   0x000f93       data     extern E:\3.46\pic18-lt\cxx-framework\src\traditional\proc\p18f2525.asm
                     DDRC   0x000f94       data     extern E:\3.46\pic18-lt\cxx-framework\src\traditional\proc\p18f2525.asm
                 DDRCbits   0x000f94       data     extern E:\3.46\pic18-lt\cxx-framework\src\traditional\proc\p18f2525.asm
                TRISCbits   0x000f94       data     extern E:\3.46\pic18-lt\cxx-framework\src\traditional\proc\p18f2525.asm
                    TRISC   0x000f94       data     extern E:\3.46\pic18-lt\cxx-framework\src\traditional\proc\p18f2525.asm
                  OSCTUNE   0x000f9b       data     extern E:\3.46\pic18-lt\cxx-framework\src\traditional\proc\p18f2525.asm
              OSCTUNEbits   0x000f9b       data     extern E:\3.46\pic18-lt\cxx-framework\src\traditional\proc\p18f2525.asm
                     PIE1   0x000f9d       data     extern E:\3.46\pic18-lt\cxx-framework\src\traditional\proc\p18f2525.asm
                 PIE1bits   0x000f9d       data     extern E:\3.46\pic18-lt\cxx-framework\src\traditional\proc\p18f2525.asm
                     PIR1   0x000f9e       data     extern E:\3.46\pic18-lt\cxx-framework\src\traditional\proc\p18f2525.asm
                 PIR1bits   0x000f9e       data     extern E:\3.46\pic18-lt\cxx-framework\src\traditional\proc\p18f2525.asm
                 IPR1bits   0x000f9f       data     extern E:\3.46\pic18-lt\cxx-framework\src\traditional\proc\p18f2525.asm
                     IPR1   0x000f9f       data     extern E:\3.46\pic18-lt\cxx-framework\src\traditional\proc\p18f2525.asm
                     PIE2   0x000fa0       data     extern E:\3.46\pic18-lt\cxx-framework\src\traditional\proc\p18f2525.asm
                 PIE2bits   0x000fa0       data     extern E:\3.46\pic18-lt\cxx-framework\src\traditional\proc\p18f2525.asm
                     PIR2   0x000fa1       data     extern E:\3.46\pic18-lt\cxx-framework\src\traditional\proc\p18f2525.asm
                 PIR2bits   0x000fa1       data     extern E:\3.46\pic18-lt\cxx-framework\src\traditional\proc\p18f2525.asm
                     IPR2   0x000fa2       data     extern E:\3.46\pic18-lt\cxx-framework\src\traditional\proc\p18f2525.asm
                 IPR2bits   0x000fa2       data     extern E:\3.46\pic18-lt\cxx-framework\src\traditional\proc\p18f2525.asm
               EECON1bits   0x000fa6       data     extern E:\3.46\pic18-lt\cxx-framework\src\traditional\proc\p18f2525.asm
                   EECON1   0x000fa6       data     extern E:\3.46\pic18-lt\cxx-framework\src\traditional\proc\p18f2525.asm
                   EECON2   0x000fa7       data     extern E:\3.46\pic18-lt\cxx-framework\src\traditional\proc\p18f2525.asm
                   EEDATA   0x000fa8       data     extern E:\3.46\pic18-lt\cxx-framework\src\traditional\proc\p18f2525.asm
                    EEADR   0x000fa9       data     extern E:\3.46\pic18-lt\cxx-framework\src\traditional\proc\p18f2525.asm
                   EEADRH   0x000faa       data     extern E:\3.46\pic18-lt\cxx-framework\src\traditional\proc\p18f2525.asm
                RCSTAbits   0x000fab       data     extern E:\3.46\pic18-lt\cxx-framework\src\traditional\proc\p18f2525.asm
                    RCSTA   0x000fab       data     extern E:\3.46\pic18-lt\cxx-framework\src\traditional\proc\p18f2525.asm
                    TXSTA   0x000fac       data     extern E:\3.46\pic18-lt\cxx-framework\src\traditional\proc\p18f2525.asm
                TXSTAbits   0x000fac       data     extern E:\3.46\pic18-lt\cxx-framework\src\traditional\proc\p18f2525.asm
                    TXREG   0x000fad       data     extern E:\3.46\pic18-lt\cxx-framework\src\traditional\proc\p18f2525.asm
                    RCREG   0x000fae       data     extern E:\3.46\pic18-lt\cxx-framework\src\traditional\proc\p18f2525.asm
                    SPBRG   0x000faf       data     extern E:\3.46\pic18-lt\cxx-framework\src\traditional\proc\p18f2525.asm
                   SPBRGH   0x000fb0       data     extern E:\3.46\pic18-lt\cxx-framework\src\traditional\proc\p18f2525.asm
                    T3CON   0x000fb1       data     extern E:\3.46\pic18-lt\cxx-framework\src\traditional\proc\p18f2525.asm
                T3CONbits   0x000fb1       data     extern E:\3.46\pic18-lt\cxx-framework\src\traditional\proc\p18f2525.asm
                    TMR3L   0x000fb2       data     extern E:\3.46\pic18-lt\cxx-framework\src\traditional\proc\p18f2525.asm
                    TMR3H   0x000fb3       data     extern E:\3.46\pic18-lt\cxx-framework\src\traditional\proc\p18f2525.asm
                CMCONbits   0x000fb4       data     extern E:\3.46\pic18-lt\cxx-framework\src\traditional\proc\p18f2525.asm
                    CMCON   0x000fb4       data     extern E:\3.46\pic18-lt\cxx-framework\src\traditional\proc\p18f2525.asm
               CVRCONbits   0x000fb5       data     extern E:\3.46\pic18-lt\cxx-framework\src\traditional\proc\p18f2525.asm
                   CVRCON   0x000fb5       data     extern E:\3.46\pic18-lt\cxx-framework\src\traditional\proc\p18f2525.asm
                  ECCP1AS   0x000fb6       data     extern E:\3.46\pic18-lt\cxx-framework\src\traditional\proc\p18f2525.asm
               ECCPASbits   0x000fb6       data     extern E:\3.46\pic18-lt\cxx-framework\src\traditional\proc\p18f2525.asm
                   ECCPAS   0x000fb6       data     extern E:\3.46\pic18-lt\cxx-framework\src\traditional\proc\p18f2525.asm
              ECCP1ASbits   0x000fb6       data     extern E:\3.46\pic18-lt\cxx-framework\src\traditional\proc\p18f2525.asm
                 ECCP1DEL   0x000fb7       data     extern E:\3.46\pic18-lt\cxx-framework\src\traditional\proc\p18f2525.asm
             ECCP1DELbits   0x000fb7       data     extern E:\3.46\pic18-lt\cxx-framework\src\traditional\proc\p18f2525.asm
              PWM1CONbits   0x000fb7       data     extern E:\3.46\pic18-lt\cxx-framework\src\traditional\proc\p18f2525.asm
                  PWM1CON   0x000fb7       data     extern E:\3.46\pic18-lt\cxx-framework\src\traditional\proc\p18f2525.asm
              BAUDCTLbits   0x000fb8       data     extern E:\3.46\pic18-lt\cxx-framework\src\traditional\proc\p18f2525.asm
                  BAUDCON   0x000fb8       data     extern E:\3.46\pic18-lt\cxx-framework\src\traditional\proc\p18f2525.asm
              BAUDCONbits   0x000fb8       data     extern E:\3.46\pic18-lt\cxx-framework\src\traditional\proc\p18f2525.asm
                  BAUDCTL   0x000fb8       data     extern E:\3.46\pic18-lt\cxx-framework\src\traditional\proc\p18f2525.asm
              CCP2CONbits   0x000fba       data     extern E:\3.46\pic18-lt\cxx-framework\src\traditional\proc\p18f2525.asm
                  CCP2CON   0x000fba       data     extern E:\3.46\pic18-lt\cxx-framework\src\traditional\proc\p18f2525.asm
                   CCPR2L   0x000fbb       data     extern E:\3.46\pic18-lt\cxx-framework\src\traditional\proc\p18f2525.asm
                    CCPR2   0x000fbb       data     extern E:\3.46\pic18-lt\cxx-framework\src\traditional\proc\p18f2525.asm
                   CCPR2H   0x000fbc       data     extern E:\3.46\pic18-lt\cxx-framework\src\traditional\proc\p18f2525.asm
                  CCP1CON   0x000fbd       data     extern E:\3.46\pic18-lt\cxx-framework\src\traditional\proc\p18f2525.asm
              CCP1CONbits   0x000fbd       data     extern E:\3.46\pic18-lt\cxx-framework\src\traditional\proc\p18f2525.asm
                    CCPR1   0x000fbe       data     extern E:\3.46\pic18-lt\cxx-framework\src\traditional\proc\p18f2525.asm
                   CCPR1L   0x000fbe       data     extern E:\3.46\pic18-lt\cxx-framework\src\traditional\proc\p18f2525.asm
                   CCPR1H   0x000fbf       data     extern E:\3.46\pic18-lt\cxx-framework\src\traditional\proc\p18f2525.asm
                   ADCON2   0x000fc0       data     extern E:\3.46\pic18-lt\cxx-framework\src\traditional\proc\p18f2525.asm
               ADCON2bits   0x000fc0       data     extern E:\3.46\pic18-lt\cxx-framework\src\traditional\proc\p18f2525.asm
               ADCON1bits   0x000fc1       data     extern E:\3.46\pic18-lt\cxx-framework\src\traditional\proc\p18f2525.asm
                   ADCON1   0x000fc1       data     extern E:\3.46\pic18-lt\cxx-framework\src\traditional\proc\p18f2525.asm
                   ADCON0   0x000fc2       data     extern E:\3.46\pic18-lt\cxx-framework\src\traditional\proc\p18f2525.asm
               ADCON0bits   0x000fc2       data     extern E:\3.46\pic18-lt\cxx-framework\src\traditional\proc\p18f2525.asm
                    ADRES   0x000fc3       data     extern E:\3.46\pic18-lt\cxx-framework\src\traditional\proc\p18f2525.asm
                   ADRESL   0x000fc3       data     extern E:\3.46\pic18-lt\cxx-framework\src\traditional\proc\p18f2525.asm
                   ADRESH   0x000fc4       data     extern E:\3.46\pic18-lt\cxx-framework\src\traditional\proc\p18f2525.asm
              SSPCON2bits   0x000fc5       data     extern E:\3.46\pic18-lt\cxx-framework\src\traditional\proc\p18f2525.asm
                  SSPCON2   0x000fc5       data     extern E:\3.46\pic18-lt\cxx-framework\src\traditional\proc\p18f2525.asm
              SSPCON1bits   0x000fc6       data     extern E:\3.46\pic18-lt\cxx-framework\src\traditional\proc\p18f2525.asm
                  SSPCON1   0x000fc6       data     extern E:\3.46\pic18-lt\cxx-framework\src\traditional\proc\p18f2525.asm
              SSPSTATbits   0x000fc7       data     extern E:\3.46\pic18-lt\cxx-framework\src\traditional\proc\p18f2525.asm
                  SSPSTAT   0x000fc7       data     extern E:\3.46\pic18-lt\cxx-framework\src\traditional\proc\p18f2525.asm
                   SSPADD   0x000fc8       data     extern E:\3.46\pic18-lt\cxx-framework\src\traditional\proc\p18f2525.asm
                   SSPBUF   0x000fc9       data     extern E:\3.46\pic18-lt\cxx-framework\src\traditional\proc\p18f2525.asm
                T2CONbits   0x000fca       data     extern E:\3.46\pic18-lt\cxx-framework\src\traditional\proc\p18f2525.asm
                    T2CON   0x000fca       data     extern E:\3.46\pic18-lt\cxx-framework\src\traditional\proc\p18f2525.asm
                      PR2   0x000fcb       data     extern E:\3.46\pic18-lt\cxx-framework\src\traditional\proc\p18f2525.asm
                     TMR2   0x000fcc       data     extern E:\3.46\pic18-lt\cxx-framework\src\traditional\proc\p18f2525.asm
                    T1CON   0x000fcd       data     extern E:\3.46\pic18-lt\cxx-framework\src\traditional\proc\p18f2525.asm
                T1CONbits   0x000fcd       data     extern E:\3.46\pic18-lt\cxx-framework\src\traditional\proc\p18f2525.asm
                    TMR1L   0x000fce       data     extern E:\3.46\pic18-lt\cxx-framework\src\traditional\proc\p18f2525.asm
                    TMR1H   0x000fcf       data     extern E:\3.46\pic18-lt\cxx-framework\src\traditional\proc\p18f2525.asm
                     RCON   0x000fd0       data     extern E:\3.46\pic18-lt\cxx-framework\src\traditional\proc\p18f2525.asm
                 RCONbits   0x000fd0       data     extern E:\3.46\pic18-lt\cxx-framework\src\traditional\proc\p18f2525.asm
                   WDTCON   0x000fd1       data     extern E:\3.46\pic18-lt\cxx-framework\src\traditional\proc\p18f2525.asm
               WDTCONbits   0x000fd1       data     extern E:\3.46\pic18-lt\cxx-framework\src\traditional\proc\p18f2525.asm
                  HLVDCON   0x000fd2       data     extern E:\3.46\pic18-lt\cxx-framework\src\traditional\proc\p18f2525.asm
              HLVDCONbits   0x000fd2       data     extern E:\3.46\pic18-lt\cxx-framework\src\traditional\proc\p18f2525.asm
                   LVDCON   0x000fd2       data     extern E:\3.46\pic18-lt\cxx-framework\src\traditional\proc\p18f2525.asm
               LVDCONbits   0x000fd2       data     extern E:\3.46\pic18-lt\cxx-framework\src\traditional\proc\p18f2525.asm
               OSCCONbits   0x000fd3       data     extern E:\3.46\pic18-lt\cxx-framework\src\traditional\proc\p18f2525.asm
                   OSCCON   0x000fd3       data     extern E:\3.46\pic18-lt\cxx-framework\src\traditional\proc\p18f2525.asm
                T0CONbits   0x000fd5       data     extern E:\3.46\pic18-lt\cxx-framework\src\traditional\proc\p18f2525.asm
                    T0CON   0x000fd5       data     extern E:\3.46\pic18-lt\cxx-framework\src\traditional\proc\p18f2525.asm
                    TMR0L   0x000fd6       data     extern E:\3.46\pic18-lt\cxx-framework\src\traditional\proc\p18f2525.asm
                    TMR0H   0x000fd7       data     extern E:\3.46\pic18-lt\cxx-framework\src\traditional\proc\p18f2525.asm
                   STATUS   0x000fd8       data     extern E:\3.46\pic18-lt\cxx-framework\src\traditional\proc\p18f2525.asm
               STATUSbits   0x000fd8       data     extern E:\3.46\pic18-lt\cxx-framework\src\traditional\proc\p18f2525.asm
                     FSR2   0x000fd9       data     extern E:\3.46\pic18-lt\cxx-framework\src\traditional\proc\p18f2525.asm
                    FSR2L   0x000fd9       data     extern E:\3.46\pic18-lt\cxx-framework\src\traditional\proc\p18f2525.asm
                    FSR2H   0x000fda       data     extern E:\3.46\pic18-lt\cxx-framework\src\traditional\proc\p18f2525.asm
                   PLUSW2   0x000fdb       data     extern E:\3.46\pic18-lt\cxx-framework\src\traditional\proc\p18f2525.asm
                  PREINC2   0x000fdc       data     extern E:\3.46\pic18-lt\cxx-framework\src\traditional\proc\p18f2525.asm
                 POSTDEC2   0x000fdd       data     extern E:\3.46\pic18-lt\cxx-framework\src\traditional\proc\p18f2525.asm
                 POSTINC2   0x000fde       data     extern E:\3.46\pic18-lt\cxx-framework\src\traditional\proc\p18f2525.asm
                    INDF2   0x000fdf       data     extern E:\3.46\pic18-lt\cxx-framework\src\traditional\proc\p18f2525.asm
                      BSR   0x000fe0       data     extern E:\3.46\pic18-lt\cxx-framework\src\traditional\proc\p18f2525.asm
                     FSR1   0x000fe1       data     extern E:\3.46\pic18-lt\cxx-framework\src\traditional\proc\p18f2525.asm
                    FSR1L   0x000fe1       data     extern E:\3.46\pic18-lt\cxx-framework\src\traditional\proc\p18f2525.asm
                    FSR1H   0x000fe2       data     extern E:\3.46\pic18-lt\cxx-framework\src\traditional\proc\p18f2525.asm
                   PLUSW1   0x000fe3       data     extern E:\3.46\pic18-lt\cxx-framework\src\traditional\proc\p18f2525.asm
                  PREINC1   0x000fe4       data     extern E:\3.46\pic18-lt\cxx-framework\src\traditional\proc\p18f2525.asm
                 POSTDEC1   0x000fe5       data     extern E:\3.46\pic18-lt\cxx-framework\src\traditional\proc\p18f2525.asm
                 POSTINC1   0x000fe6       data     extern E:\3.46\pic18-lt\cxx-framework\src\traditional\proc\p18f2525.asm
                    INDF1   0x000fe7       data     extern E:\3.46\pic18-lt\cxx-framework\src\traditional\proc\p18f2525.asm
                     WREG   0x000fe8       data     extern E:\3.46\pic18-lt\cxx-framework\src\traditional\proc\p18f2525.asm
                        W   0x000fe8       data     extern E:\3.46\pic18-lt\cxx-framework\src\traditional\proc\p18f2525.asm
                     FSR0   0x000fe9       data     extern E:\3.46\pic18-lt\cxx-framework\src\traditional\proc\p18f2525.asm
                    FSR0L   0x000fe9       data     extern E:\3.46\pic18-lt\cxx-framework\src\traditional\proc\p18f2525.asm
                    FSR0H   0x000fea       data     extern E:\3.46\pic18-lt\cxx-framework\src\traditional\proc\p18f2525.asm
                   PLUSW0   0x000feb       data     extern E:\3.46\pic18-lt\cxx-framework\src\traditional\proc\p18f2525.asm
                  PREINC0   0x000fec       data     extern E:\3.46\pic18-lt\cxx-framework\src\traditional\proc\p18f2525.asm
                 POSTDEC0   0x000fed       data     extern E:\3.46\pic18-lt\cxx-framework\src\traditional\proc\p18f2525.asm
                 POSTINC0   0x000fee       data     extern E:\3.46\pic18-lt\cxx-framework\src\traditional\proc\p18f2525.asm
                    INDF0   0x000fef       data     extern E:\3.46\pic18-lt\cxx-framework\src\traditional\proc\p18f2525.asm
                  INTCON3   0x000ff0       data     extern E:\3.46\pic18-lt\cxx-framework\src\traditional\proc\p18f2525.asm
              INTCON3bits   0x000ff0       data     extern E:\3.46\pic18-lt\cxx-framework\src\traditional\proc\p18f2525.asm
                  INTCON2   0x000ff1       data     extern E:\3.46\pic18-lt\cxx-framework\src\traditional\proc\p18f2525.asm
              INTCON2bits   0x000ff1       data     extern E:\3.46\pic18-lt\cxx-framework\src\traditional\proc\p18f2525.asm
               INTCONbits   0x000ff2       data     extern E:\3.46\pic18-lt\cxx-framework\src\traditional\proc\p18f2525.asm
                   INTCON   0x000ff2       data     extern E:\3.46\pic18-lt\cxx-framework\src\traditional\proc\p18f2525.asm
                    PRODL   0x000ff3       data     extern E:\3.46\pic18-lt\cxx-framework\src\traditional\proc\p18f2525.asm
                     PROD   0x000ff3       data     extern E:\3.46\pic18-lt\cxx-framework\src\traditional\proc\p18f2525.asm
                    PRODH   0x000ff4       data     extern E:\3.46\pic18-lt\cxx-framework\src\traditional\proc\p18f2525.asm
                   TABLAT   0x000ff5       data     extern E:\3.46\pic18-lt\cxx-framework\src\traditional\proc\p18f2525.asm
                  TBLPTRL   0x000ff6       data     extern E:\3.46\pic18-lt\cxx-framework\src\traditional\proc\p18f2525.asm
                   TBLPTR   0x000ff6       data     extern E:\3.46\pic18-lt\cxx-framework\src\traditional\proc\p18f2525.asm
                  TBLPTRH   0x000ff7       data     extern E:\3.46\pic18-lt\cxx-framework\src\traditional\proc\p18f2525.asm
                  TBLPTRU   0x000ff8       data     extern E:\3.46\pic18-lt\cxx-framework\src\traditional\proc\p18f2525.asm
                       PC   0x000ff9       data     extern E:\3.46\pic18-lt\cxx-framework\src\traditional\proc\p18f2525.asm
                      PCL   0x000ff9       data     extern E:\3.46\pic18-lt\cxx-framework\src\traditional\proc\p18f2525.asm
                   PCLATH   0x000ffa       data     extern E:\3.46\pic18-lt\cxx-framework\src\traditional\proc\p18f2525.asm
                   PCLATU   0x000ffb       data     extern E:\3.46\pic18-lt\cxx-framework\src\traditional\proc\p18f2525.asm
               STKPTRbits   0x000ffc       data     extern E:\3.46\pic18-lt\cxx-framework\src\traditional\proc\p18f2525.asm
                   STKPTR   0x000ffc       data     extern E:\3.46\pic18-lt\cxx-framework\src\traditional\proc\p18f2525.asm
                     TOSL   0x000ffd       data     extern E:\3.46\pic18-lt\cxx-framework\src\traditional\proc\p18f2525.asm
                      TOS   0x000ffd       data     extern E:\3.46\pic18-lt\cxx-framework\src\traditional\proc\p18f2525.asm
                     TOSH   0x000ffe       data     extern E:\3.46\pic18-lt\cxx-framework\src\traditional\proc\p18f2525.asm
                     TOSU   0x000fff       data     extern E:\3.46\pic18-lt\cxx-framework\src\traditional\proc\p18f2525.asm


