MPLINK 5.00, LINKER
Linker Map File - Created Thu Mar 10 18:37:09 2022

                                 Section Info
                  Section       Type    Address   Location Size(Bytes)
                ---------  ---------  ---------  ---------  ---------
               _entry_scn       code   0x000000    program   0x000006
       .code__user_putc.o       code   0x000006    program   0x000002
               HighVector       code   0x000008    program   0x000006
          .code_adcbusy.o       code   0x00000e    program   0x00000a
                LowVector       code   0x000018    program   0x000006
                   .cinit    romdata   0x00001e    program   0x00001a
            .code_main2.o       code   0x000038    program   0x0060aa
         .code_vfprintf.o       code   0x0060e2    program   0x000c22
                   STDLIB       code   0x006d04    program   0x000240
                   STRING       code   0x006f44    program   0x000220
                     PROG       code   0x007164    program   0x0000e2
          .code_sprintf.o       code   0x007246    program   0x0000ac
               _cinit_scn       code   0x0072f2    program   0x00009e
             .code_putc.o       code   0x007390    program   0x000084
             .stringtable    romdata   0x007414    program   0x00007e
          .code_fxm3232.o       code   0x007492    program   0x000070
          .code_adcopen.o       code   0x007502    program   0x00006e
          .code_write_B.o       code   0x007570    program   0x00005e
           .code_read_B.o       code   0x0075ce    program   0x00004c
         .code_fxd3232u.o       code   0x00761a    program   0x000048
           .code_t1open.o       code   0x007662    program   0x000042
                 UARTCODE       code   0x0076a4    program   0x000040
          .code_t1write.o       code   0x0076e4    program   0x000038
           .code_t0open.o       code   0x00771c    program   0x000038
            .code_uread.o       code   0x007754    program   0x000034
             D10KTCYXCODE       code   0x007788    program   0x00002e
         .code_fxd1616u.o       code   0x0077b6    program   0x00002c
                    CTYPE       code   0x0077e2    program   0x000024
                    .code       code   0x007806    program   0x000020
             _startup_scn       code   0x007826    program   0x00001c
                    STDIO       code   0x007842    program   0x00001c
              D10TCYXCODE       code   0x00785e    program   0x000016
      .romdata_vfprintf.o    romdata   0x007874    program   0x000011
    .romdata__user_putc.o    romdata   0x007885    program   0x000000
    .idata__user_putc.o_i    romdata   0x007885    program   0x000000
          .romdata_putc.o    romdata   0x007885    program   0x000000
      .idata_fxd1616u.o_i    romdata   0x007885    program   0x000000
      .romdata_fxd1616u.o    romdata   0x007885    program   0x000000
          .idata_putc.o_i    romdata   0x007885    program   0x000000
      .idata_fxd3232u.o_i    romdata   0x007885    program   0x000000
      .romdata_fxd3232u.o    romdata   0x007885    program   0x000000
       .idata_fxm3232.o_i    romdata   0x007885    program   0x000000
       .romdata_fxm3232.o    romdata   0x007885    program   0x000000
      .idata_vfprintf.o_i    romdata   0x007885    program   0x000000
       .idata_adcopen.o_i    romdata   0x007885    program   0x000000
       .romdata_adcopen.o    romdata   0x007885    program   0x000000
       .romdata_sprintf.o    romdata   0x007885    program   0x000000
        .idata_t0open.o_i    romdata   0x007885    program   0x000000
        .romdata_t0open.o    romdata   0x007885    program   0x000000
       .idata_sprintf.o_i    romdata   0x007885    program   0x000000
        .romdata___init.o    romdata   0x007885    program   0x000000
        .idata_t1open.o_i    romdata   0x007885    program   0x000000
        .idata___init.o_i    romdata   0x007885    program   0x000000
       .romdata_t1write.o    romdata   0x007885    program   0x000000
       .idata_t1write.o_i    romdata   0x007885    program   0x000000
        .romdata_t1open.o    romdata   0x007885    program   0x000000
         .romdata_udefs.o    romdata   0x007885    program   0x000000
         .idata_udefs.o_i    romdata   0x007885    program   0x000000
        .idata_u2open.o_i    romdata   0x007885    program   0x000000
        .romdata_u2open.o    romdata   0x007885    program   0x000000
        .romdata_u2drdy.o    romdata   0x007885    program   0x000000
       .idata_u2write.o_i    romdata   0x007885    program   0x000000
       .romdata_u2write.o    romdata   0x007885    program   0x000000
        .idata_u2drdy.o_i    romdata   0x007885    program   0x000000
        .romdata_read_B.o    romdata   0x007885    program   0x000000
         .idata_uread.o_i    romdata   0x007885    program   0x000000
         .romdata_uread.o    romdata   0x007885    program   0x000000
       .idata_write_B.o_i    romdata   0x007885    program   0x000000
       .romdata_write_B.o    romdata   0x007885    program   0x000000
       .idata_adcbusy.o_i    romdata   0x007885    program   0x000000
       .romdata_adcbusy.o    romdata   0x007885    program   0x000000
      .idata_busy_eep.o_i    romdata   0x007885    program   0x000000
      .romdata_busy_eep.o    romdata   0x007885    program   0x000000
        .idata_read_B.o_i    romdata   0x007885    program   0x000000
      .idata_adcclose.o_i    romdata   0x007885    program   0x000000
      .romdata_adcclose.o    romdata   0x007885    program   0x000000
         .romdata_main2.o    romdata   0x007885    program   0x000000
       .idata_t0close.o_i    romdata   0x007885    program   0x000000
       .romdata_t0close.o    romdata   0x007885    program   0x000000
       .idata_t1close.o_i    romdata   0x007885    program   0x000000
       .romdata_t1close.o    romdata   0x007885    program   0x000000
         .romdata_c018i.o    romdata   0x007885    program   0x000000
       .idata_adcconv.o_i    romdata   0x007885    program   0x000000
       .romdata_adcconv.o    romdata   0x007885    program   0x000000
         .idata_c018i.o_i    romdata   0x007885    program   0x000000
            .code_c018i.o       code   0x007886    program   0x000000
           .code_u2drdy.o       code   0x007886    program   0x000000
           .code_u2open.o       code   0x007886    program   0x000000
          .code_u2write.o       code   0x007886    program   0x000000
            .code_udefs.o       code   0x007886    program   0x000000
          .code_t1close.o       code   0x007886    program   0x000006
          .code_t0close.o       code   0x00788c    program   0x000006
         .code_busy_eep.o       code   0x007892    program   0x000006
         .code_adcclose.o       code   0x007898    program   0x000006
          .code_adcconv.o       code   0x00789e    program   0x000004
           .code___init.o       code   0x0078a2    program   0x000002
                  IDATA_i    romdata   0x0078a4    program   0x00029e
         .idata_main2.o_i    romdata   0x007b42    program   0x000008
   .config_300001_main2.o    romdata   0x300001    program   0x000001
   .config_300002_main2.o    romdata   0x300002    program   0x000001
   .config_300003_main2.o    romdata   0x300003    program   0x000001
   .config_300005_main2.o    romdata   0x300005    program   0x000001
   .config_300006_main2.o    romdata   0x300006    program   0x000001
                MATH_DATA      udata   0x000000       data   0x000014
                 .tmpdata      udata   0x000014       data   0x000008
                MyISR_tmp      udata   0x00001c       data   0x000004
                DELAYDAT2      udata   0x000020       data   0x000001
                DELAYDAT1      udata   0x000021       data   0x000001
                  BIGDATA      udata   0x000100       data   0x00072e
           .udata_main2.o      udata   0x00082e       data   0x0000f2
                    IDATA      idata   0x000a00       data   0x00029e
                 UARTDATA      udata   0x000d00       data   0x0001b9
           .udata_c018i.o      udata   0x000eb9       data   0x00000a
           .idata_main2.o      idata   0x000ec3       data   0x000008
           .udata_udefs.o      udata   0x000ecb       data   0x000001
      .idata__user_putc.o      idata   0x000ecc       data   0x000000
        .udata_fxd1616u.o      udata   0x000ecc       data   0x000000
        .idata_fxd1616u.o      idata   0x000ecc       data   0x000000
        .udata_fxd3232u.o      udata   0x000ecc       data   0x000000
        .idata_fxd3232u.o      idata   0x000ecc       data   0x000000
         .udata_fxm3232.o      udata   0x000ecc       data   0x000000
         .idata_fxm3232.o      idata   0x000ecc       data   0x000000
         .udata_adcopen.o      udata   0x000ecc       data   0x000000
         .idata_adcopen.o      idata   0x000ecc       data   0x000000
          .udata_t0open.o      udata   0x000ecc       data   0x000000
          .idata_t0open.o      idata   0x000ecc       data   0x000000
          .udata_t1open.o      udata   0x000ecc       data   0x000000
          .idata_t1open.o      idata   0x000ecc       data   0x000000
      .udata__user_putc.o      udata   0x000ecc       data   0x000000
           .idata_udefs.o      idata   0x000ecc       data   0x000000
         .udata_t1write.o      udata   0x000ecc       data   0x000000
         .idata_t1write.o      idata   0x000ecc       data   0x000000
          .udata___init.o      udata   0x000ecc       data   0x000000
          .idata___init.o      idata   0x000ecc       data   0x000000
         .udata_sprintf.o      udata   0x000ecc       data   0x000000
         .idata_sprintf.o      idata   0x000ecc       data   0x000000
        .udata_vfprintf.o      udata   0x000ecc       data   0x000000
        .idata_vfprintf.o      idata   0x000ecc       data   0x000000
            .udata_putc.o      udata   0x000ecc       data   0x000000
            .idata_putc.o      idata   0x000ecc       data   0x000000
           .idata_c018i.o      idata   0x000ecc       data   0x000000
          .udata_read_B.o      udata   0x000ecc       data   0x000000
          .idata_read_B.o      idata   0x000ecc       data   0x000000
          .udata_u2drdy.o      udata   0x000ecc       data   0x000000
          .idata_u2drdy.o      idata   0x000ecc       data   0x000000
          .udata_u2open.o      udata   0x000ecc       data   0x000000
          .idata_u2open.o      idata   0x000ecc       data   0x000000
         .udata_u2write.o      udata   0x000ecc       data   0x000000
         .idata_u2write.o      idata   0x000ecc       data   0x000000
           .udata_uread.o      udata   0x000ecc       data   0x000000
           .idata_uread.o      idata   0x000ecc       data   0x000000
         .udata_write_B.o      udata   0x000ecc       data   0x000000
         .idata_write_B.o      idata   0x000ecc       data   0x000000
         .udata_adcbusy.o      udata   0x000ecc       data   0x000000
         .idata_adcbusy.o      idata   0x000ecc       data   0x000000
        .udata_busy_eep.o      udata   0x000ecc       data   0x000000
        .idata_busy_eep.o      idata   0x000ecc       data   0x000000
        .udata_adcclose.o      udata   0x000ecc       data   0x000000
        .idata_adcclose.o      idata   0x000ecc       data   0x000000
         .udata_t0close.o      udata   0x000ecc       data   0x000000
         .idata_t0close.o      idata   0x000ecc       data   0x000000
         .udata_t1close.o      udata   0x000ecc       data   0x000000
         .idata_t1close.o      idata   0x000ecc       data   0x000000
         .udata_adcconv.o      udata   0x000ecc       data   0x000000
         .idata_adcconv.o      idata   0x000ecc       data   0x000000
                   .stack      udata   0x000f00       data   0x000080
            SFR_UNBANKED0      udata   0x000f80       data   0x000080



                              Program Memory Usage 
                               Start         End      
                           ---------   ---------      
                            0x000000    0x007884      
                            0x007886    0x007b49      
                            0x300001    0x300003      
                            0x300005    0x300006      
            31566 out of 45080 program addresses used, program memory utilization is 70%



                              Symbols - Sorted by Name
                     Name    Address   Location    Storage File                     
                ---------  ---------  ---------  --------- ---------                
               AllPinsOff   0x0053a4    program     extern C:\Users\pete\OneDrive\Documents\GitHub\FiringSystem\PIC_Development\FiringUnitWork\FieldModuleLargeNetworkPortControl_V2\main2.c
                      Arm   0x005df4    program     extern C:\Users\pete\OneDrive\Documents\GitHub\FiringSystem\PIC_Development\FiringUnitWork\FieldModuleLargeNetworkPortControl_V2\main2.c
                     Blip   0x0048b6    program     extern C:\Users\pete\OneDrive\Documents\GitHub\FiringSystem\PIC_Development\FiringUnitWork\FieldModuleLargeNetworkPortControl_V2\main2.c
 BumpReceiveMessageNumber   0x004512    program     extern C:\Users\pete\OneDrive\Documents\GitHub\FiringSystem\PIC_Development\FiringUnitWork\FieldModuleLargeNetworkPortControl_V2\main2.c
                  BusyADC   0x00000e    program     extern E:\3.46\pic18-lt\cxx-framework\src\pmc_common\ADC\adcbusy.c
                BusyUSART   0x000ab4    program     extern C:\Users\pete\OneDrive\Documents\GitHub\FiringSystem\PIC_Development\FiringUnitWork\FieldModuleLargeNetworkPortControl_V2\cranwellP18F2525.h
                 Busy_eep   0x007892    program     extern E:\3.46\pic18-lt\cxx-framework\src\pmc_common\EEP\busy_eep.c
               CheckDigit   0x004120    program     extern C:\Users\pete\OneDrive\Documents\GitHub\FiringSystem\PIC_Development\FiringUnitWork\FieldModuleLargeNetworkPortControl_V2\main2.c
     CheckpointShowStatus   0x005eb4    program     extern C:\Users\pete\OneDrive\Documents\GitHub\FiringSystem\PIC_Development\FiringUnitWork\FieldModuleLargeNetworkPortControl_V2\main2.c
                 CloseADC   0x007898    program     extern E:\3.46\pic18-lt\cxx-framework\src\pmc_common\ADC\adcclose.c
              CloseTimer0   0x00788c    program     extern E:\3.46\pic18-lt\cxx-framework\src\pmc_common\Timers\t0close.c
              CloseTimer1   0x007886    program     extern E:\3.46\pic18-lt\cxx-framework\src\pmc_common\Timers\t1close.c
               ConvertADC   0x00789e    program     extern E:\3.46\pic18-lt\cxx-framework\src\pmc_common\ADC\adcconv.c
                   D10K_1   0x007794    program     static E:\3.46\pic18-lt\cxx-framework\src\traditional\delays\d10ktcyx.asm
                    D10Kl   0x0077a0    program     static E:\3.46\pic18-lt\cxx-framework\src\traditional\delays\d10ktcyx.asm
                    D10Kx   0x007792    program     static E:\3.46\pic18-lt\cxx-framework\src\traditional\delays\d10ktcyx.asm
                    D10_1   0x00786e    program     static E:\3.46\pic18-lt\cxx-framework\src\traditional\delays\d10tcyx.asm
                     D10x   0x007866    program     static E:\3.46\pic18-lt\cxx-framework\src\traditional\delays\d10tcyx.asm
                   D1616S   0x007186    program     static E:\3.46\pic18-lt\cxx-framework\src\traditional\math\fxd1616s.asm
                D1616SNEG   0x007194    program     static E:\3.46\pic18-lt\cxx-framework\src\traditional\math\fxd1616s.asm
                 D1616SOK   0x007190    program     static E:\3.46\pic18-lt\cxx-framework\src\traditional\math\fxd1616s.asm
                  D1616SX   0x0071a6    program     static E:\3.46\pic18-lt\cxx-framework\src\traditional\math\fxd1616s.asm
                  DA1616S   0x007176    program     static E:\3.46\pic18-lt\cxx-framework\src\traditional\math\fxd1616s.asm
             DataRdyUSART   0x000c5c    program     extern C:\Users\pete\OneDrive\Documents\GitHub\FiringSystem\PIC_Development\FiringUnitWork\FieldModuleLargeNetworkPortControl_V2\cranwellP18F2525.h
             Delay10KTCYx   0x007788    program     extern E:\3.46\pic18-lt\cxx-framework\src\traditional\delays\d10ktcyx.asm
              Delay10TCYx   0x00785e    program     extern E:\3.46\pic18-lt\cxx-framework\src\traditional\delays\d10tcyx.asm
                  DelayMS   0x000dca    program     extern C:\Users\pete\OneDrive\Documents\GitHub\FiringSystem\PIC_Development\FiringUnitWork\FieldModuleLargeNetworkPortControl_V2\cranwellP18F2525.h
           DelayRXBitUART   0x000d5c    program     extern C:\Users\pete\OneDrive\Documents\GitHub\FiringSystem\PIC_Development\FiringUnitWork\FieldModuleLargeNetworkPortControl_V2\cranwellP18F2525.h
       DelayRXHalfBitUART   0x000d40    program     extern C:\Users\pete\OneDrive\Documents\GitHub\FiringSystem\PIC_Development\FiringUnitWork\FieldModuleLargeNetworkPortControl_V2\cranwellP18F2525.h
           DelayTXBitUART   0x000d26    program     extern C:\Users\pete\OneDrive\Documents\GitHub\FiringSystem\PIC_Development\FiringUnitWork\FieldModuleLargeNetworkPortControl_V2\cranwellP18F2525.h
                   DisArm   0x005e64    program     extern C:\Users\pete\OneDrive\Documents\GitHub\FiringSystem\PIC_Development\FiringUnitWork\FieldModuleLargeNetworkPortControl_V2\main2.c
                     Dump   0x0050c4    program     extern C:\Users\pete\OneDrive\Documents\GitHub\FiringSystem\PIC_Development\FiringUnitWork\FieldModuleLargeNetworkPortControl_V2\main2.c
                 FXD1616S   0x007164    program     extern E:\3.46\pic18-lt\cxx-framework\src\traditional\math\fxd1616s.asm
                 FXD1616U   0x0077b6    program     extern E:\3.46\pic18-lt\cxx-framework\src\traditional\math\fxd1616u.c
                 FXD3232U   0x00761a    program     extern E:\3.46\pic18-lt\cxx-framework\src\traditional\math\fxd3232u.c
                 FXM1616S   0x0071b0    program     extern E:\3.46\pic18-lt\cxx-framework\src\traditional\math\fxm1616s.asm
                 FXM1616U   0x00720a    program     extern E:\3.46\pic18-lt\cxx-framework\src\traditional\math\fxm1616u.asm
                  FXM3232   0x007492    program     extern E:\3.46\pic18-lt\cxx-framework\src\traditional\math\fxm3232.c
                     Fire   0x0054fa    program     extern C:\Users\pete\OneDrive\Documents\GitHub\FiringSystem\PIC_Development\FiringUnitWork\FieldModuleLargeNetworkPortControl_V2\main2.c
           GetArmedStatus   0x005d28    program     extern C:\Users\pete\OneDrive\Documents\GitHub\FiringSystem\PIC_Development\FiringUnitWork\FieldModuleLargeNetworkPortControl_V2\main2.c
           GetDefaultShow   0x005bce    program     extern C:\Users\pete\OneDrive\Documents\GitHub\FiringSystem\PIC_Development\FiringUnitWork\FieldModuleLargeNetworkPortControl_V2\main2.c
           GetLogicalAddr   0x005a38    program     extern C:\Users\pete\OneDrive\Documents\GitHub\FiringSystem\PIC_Development\FiringUnitWork\FieldModuleLargeNetworkPortControl_V2\main2.c
                 GetPin10   0x000ef0    program     extern C:\Users\pete\OneDrive\Documents\GitHub\FiringSystem\PIC_Development\FiringUnitWork\FieldModuleLargeNetworkPortControl_V2\cranwellP18F2525.h
                 GetPin11   0x000f0a    program     extern C:\Users\pete\OneDrive\Documents\GitHub\FiringSystem\PIC_Development\FiringUnitWork\FieldModuleLargeNetworkPortControl_V2\cranwellP18F2525.h
                 GetPin12   0x000f20    program     extern C:\Users\pete\OneDrive\Documents\GitHub\FiringSystem\PIC_Development\FiringUnitWork\FieldModuleLargeNetworkPortControl_V2\cranwellP18F2525.h
                 GetPin13   0x000f3a    program     extern C:\Users\pete\OneDrive\Documents\GitHub\FiringSystem\PIC_Development\FiringUnitWork\FieldModuleLargeNetworkPortControl_V2\cranwellP18F2525.h
                 GetPin14   0x000f54    program     extern C:\Users\pete\OneDrive\Documents\GitHub\FiringSystem\PIC_Development\FiringUnitWork\FieldModuleLargeNetworkPortControl_V2\cranwellP18F2525.h
                 GetPin15   0x000f6e    program     extern C:\Users\pete\OneDrive\Documents\GitHub\FiringSystem\PIC_Development\FiringUnitWork\FieldModuleLargeNetworkPortControl_V2\cranwellP18F2525.h
                 GetPin16   0x000f88    program     extern C:\Users\pete\OneDrive\Documents\GitHub\FiringSystem\PIC_Development\FiringUnitWork\FieldModuleLargeNetworkPortControl_V2\cranwellP18F2525.h
                 GetPin21   0x000fa2    program     extern C:\Users\pete\OneDrive\Documents\GitHub\FiringSystem\PIC_Development\FiringUnitWork\FieldModuleLargeNetworkPortControl_V2\cranwellP18F2525.h
                 GetPin22   0x000fb8    program     extern C:\Users\pete\OneDrive\Documents\GitHub\FiringSystem\PIC_Development\FiringUnitWork\FieldModuleLargeNetworkPortControl_V2\cranwellP18F2525.h
                 GetPin23   0x000fd2    program     extern C:\Users\pete\OneDrive\Documents\GitHub\FiringSystem\PIC_Development\FiringUnitWork\FieldModuleLargeNetworkPortControl_V2\cranwellP18F2525.h
                 GetPin24   0x000fec    program     extern C:\Users\pete\OneDrive\Documents\GitHub\FiringSystem\PIC_Development\FiringUnitWork\FieldModuleLargeNetworkPortControl_V2\cranwellP18F2525.h
                 GetPin25   0x001006    program     extern C:\Users\pete\OneDrive\Documents\GitHub\FiringSystem\PIC_Development\FiringUnitWork\FieldModuleLargeNetworkPortControl_V2\cranwellP18F2525.h
                 GetPin26   0x001020    program     extern C:\Users\pete\OneDrive\Documents\GitHub\FiringSystem\PIC_Development\FiringUnitWork\FieldModuleLargeNetworkPortControl_V2\cranwellP18F2525.h
                 GetPin27   0x00103a    program     extern C:\Users\pete\OneDrive\Documents\GitHub\FiringSystem\PIC_Development\FiringUnitWork\FieldModuleLargeNetworkPortControl_V2\cranwellP18F2525.h
                 GetPin28   0x001054    program     extern C:\Users\pete\OneDrive\Documents\GitHub\FiringSystem\PIC_Development\FiringUnitWork\FieldModuleLargeNetworkPortControl_V2\cranwellP18F2525.h
                  GetPin3   0x000e54    program     extern C:\Users\pete\OneDrive\Documents\GitHub\FiringSystem\PIC_Development\FiringUnitWork\FieldModuleLargeNetworkPortControl_V2\cranwellP18F2525.h
                  GetPin4   0x000e6e    program     extern C:\Users\pete\OneDrive\Documents\GitHub\FiringSystem\PIC_Development\FiringUnitWork\FieldModuleLargeNetworkPortControl_V2\cranwellP18F2525.h
                  GetPin5   0x000e88    program     extern C:\Users\pete\OneDrive\Documents\GitHub\FiringSystem\PIC_Development\FiringUnitWork\FieldModuleLargeNetworkPortControl_V2\cranwellP18F2525.h
                  GetPin6   0x000ea2    program     extern C:\Users\pete\OneDrive\Documents\GitHub\FiringSystem\PIC_Development\FiringUnitWork\FieldModuleLargeNetworkPortControl_V2\cranwellP18F2525.h
                  GetPin7   0x000ebc    program     extern C:\Users\pete\OneDrive\Documents\GitHub\FiringSystem\PIC_Development\FiringUnitWork\FieldModuleLargeNetworkPortControl_V2\cranwellP18F2525.h
                  GetPin9   0x000ed6    program     extern C:\Users\pete\OneDrive\Documents\GitHub\FiringSystem\PIC_Development\FiringUnitWork\FieldModuleLargeNetworkPortControl_V2\cranwellP18F2525.h
           GetPortAddress   0x004df6    program     extern C:\Users\pete\OneDrive\Documents\GitHub\FiringSystem\PIC_Development\FiringUnitWork\FieldModuleLargeNetworkPortControl_V2\main2.c
         GetSessionStatus   0x005cfc    program     extern C:\Users\pete\OneDrive\Documents\GitHub\FiringSystem\PIC_Development\FiringUnitWork\FieldModuleLargeNetworkPortControl_V2\main2.c
          GetTEventStatus   0x005d54    program     extern C:\Users\pete\OneDrive\Documents\GitHub\FiringSystem\PIC_Development\FiringUnitWork\FieldModuleLargeNetworkPortControl_V2\main2.c
                GetTimeMS   0x0003ec    program     extern C:\Users\pete\OneDrive\Documents\GitHub\FiringSystem\PIC_Development\FiringUnitWork\FieldModuleLargeNetworkPortControl_V2\cranwellP18F2525.h
              GetUnitAddr   0x005896    program     extern C:\Users\pete\OneDrive\Documents\GitHub\FiringSystem\PIC_Development\FiringUnitWork\FieldModuleLargeNetworkPortControl_V2\main2.c
               HighVector   0x000008    program     extern C:\Users\pete\OneDrive\Documents\GitHub\FiringSystem\PIC_Development\FiringUnitWork\FieldModuleLargeNetworkPortControl_V2\cranwellP18F2525.h
                  IntToCh   0x0044a0    program     extern C:\Users\pete\OneDrive\Documents\GitHub\FiringSystem\PIC_Development\FiringUnitWork\FieldModuleLargeNetworkPortControl_V2\main2.c
                 LoadShow   0x004e98    program     extern C:\Users\pete\OneDrive\Documents\GitHub\FiringSystem\PIC_Development\FiringUnitWork\FieldModuleLargeNetworkPortControl_V2\main2.c
                LowVector   0x000018    program     extern C:\Users\pete\OneDrive\Documents\GitHub\FiringSystem\PIC_Development\FiringUnitWork\FieldModuleLargeNetworkPortControl_V2\cranwellP18F2525.h
           MeasureVoltage   0x005632    program     extern C:\Users\pete\OneDrive\Documents\GitHub\FiringSystem\PIC_Development\FiringUnitWork\FieldModuleLargeNetworkPortControl_V2\main2.c
                    MyISR   0x000038    program     extern C:\Users\pete\OneDrive\Documents\GitHub\FiringSystem\PIC_Development\FiringUnitWork\FieldModuleLargeNetworkPortControl_V2\cranwellP18F2525.h
              MyReadUSART   0x000cc4    program     extern C:\Users\pete\OneDrive\Documents\GitHub\FiringSystem\PIC_Development\FiringUnitWork\FieldModuleLargeNetworkPortControl_V2\cranwellP18F2525.h
                  OpenADC   0x007502    program     extern E:\3.46\pic18-lt\cxx-framework\src\pmc_common\ADC\adcopen.c
               OpenTimer0   0x00771c    program     extern E:\3.46\pic18-lt\cxx-framework\src\pmc_common\Timers\t0open.c
               OpenTimer1   0x007662    program     extern E:\3.46\pic18-lt\cxx-framework\src\pmc_common\Timers\t1open.c
                 OpenUART   0x0076a4    program     extern C:\Users\pete\OneDrive\Documents\GitHub\FiringSystem\PIC_Development\FiringUnitWork\FieldModuleLargeNetworkPortControl_V2\openuart.asm
      OpenUSARTpic18f2525   0x000892    program     extern C:\Users\pete\OneDrive\Documents\GitHub\FiringSystem\PIC_Development\FiringUnitWork\FieldModuleLargeNetworkPortControl_V2\cranwellP18F2525.h
            ParseWorkUnit   0x00384e    program     extern C:\Users\pete\OneDrive\Documents\GitHub\FiringSystem\PIC_Development\FiringUnitWork\FieldModuleLargeNetworkPortControl_V2\main2.c
                    Pause   0x00157c    program     extern C:\Users\pete\OneDrive\Documents\GitHub\FiringSystem\PIC_Development\FiringUnitWork\FieldModuleLargeNetworkPortControl_V2\cranwellP18F2525.h
                Pin10HIGH   0x000ee4    program     extern C:\Users\pete\OneDrive\Documents\GitHub\FiringSystem\PIC_Development\FiringUnitWork\FieldModuleLargeNetworkPortControl_V2\cranwellP18F2525.h
                 Pin10LOW   0x000eea    program     extern C:\Users\pete\OneDrive\Documents\GitHub\FiringSystem\PIC_Development\FiringUnitWork\FieldModuleLargeNetworkPortControl_V2\cranwellP18F2525.h
                Pin11HIGH   0x000efe    program     extern C:\Users\pete\OneDrive\Documents\GitHub\FiringSystem\PIC_Development\FiringUnitWork\FieldModuleLargeNetworkPortControl_V2\cranwellP18F2525.h
                 Pin11LOW   0x000f04    program     extern C:\Users\pete\OneDrive\Documents\GitHub\FiringSystem\PIC_Development\FiringUnitWork\FieldModuleLargeNetworkPortControl_V2\cranwellP18F2525.h
                Pin12HIGH   0x000f14    program     extern C:\Users\pete\OneDrive\Documents\GitHub\FiringSystem\PIC_Development\FiringUnitWork\FieldModuleLargeNetworkPortControl_V2\cranwellP18F2525.h
                 Pin12LOW   0x000f1a    program     extern C:\Users\pete\OneDrive\Documents\GitHub\FiringSystem\PIC_Development\FiringUnitWork\FieldModuleLargeNetworkPortControl_V2\cranwellP18F2525.h
                Pin13HIGH   0x000f2e    program     extern C:\Users\pete\OneDrive\Documents\GitHub\FiringSystem\PIC_Development\FiringUnitWork\FieldModuleLargeNetworkPortControl_V2\cranwellP18F2525.h
                 Pin13LOW   0x000f34    program     extern C:\Users\pete\OneDrive\Documents\GitHub\FiringSystem\PIC_Development\FiringUnitWork\FieldModuleLargeNetworkPortControl_V2\cranwellP18F2525.h
                Pin14HIGH   0x000f48    program     extern C:\Users\pete\OneDrive\Documents\GitHub\FiringSystem\PIC_Development\FiringUnitWork\FieldModuleLargeNetworkPortControl_V2\cranwellP18F2525.h
                 Pin14LOW   0x000f4e    program     extern C:\Users\pete\OneDrive\Documents\GitHub\FiringSystem\PIC_Development\FiringUnitWork\FieldModuleLargeNetworkPortControl_V2\cranwellP18F2525.h
                Pin15HIGH   0x000f62    program     extern C:\Users\pete\OneDrive\Documents\GitHub\FiringSystem\PIC_Development\FiringUnitWork\FieldModuleLargeNetworkPortControl_V2\cranwellP18F2525.h
                 Pin15LOW   0x000f68    program     extern C:\Users\pete\OneDrive\Documents\GitHub\FiringSystem\PIC_Development\FiringUnitWork\FieldModuleLargeNetworkPortControl_V2\cranwellP18F2525.h
                Pin16HIGH   0x000f7c    program     extern C:\Users\pete\OneDrive\Documents\GitHub\FiringSystem\PIC_Development\FiringUnitWork\FieldModuleLargeNetworkPortControl_V2\cranwellP18F2525.h
                 Pin16LOW   0x000f82    program     extern C:\Users\pete\OneDrive\Documents\GitHub\FiringSystem\PIC_Development\FiringUnitWork\FieldModuleLargeNetworkPortControl_V2\cranwellP18F2525.h
                Pin21HIGH   0x000f96    program     extern C:\Users\pete\OneDrive\Documents\GitHub\FiringSystem\PIC_Development\FiringUnitWork\FieldModuleLargeNetworkPortControl_V2\cranwellP18F2525.h
                 Pin21LOW   0x000f9c    program     extern C:\Users\pete\OneDrive\Documents\GitHub\FiringSystem\PIC_Development\FiringUnitWork\FieldModuleLargeNetworkPortControl_V2\cranwellP18F2525.h
                Pin22HIGH   0x000fac    program     extern C:\Users\pete\OneDrive\Documents\GitHub\FiringSystem\PIC_Development\FiringUnitWork\FieldModuleLargeNetworkPortControl_V2\cranwellP18F2525.h
                 Pin22LOW   0x000fb2    program     extern C:\Users\pete\OneDrive\Documents\GitHub\FiringSystem\PIC_Development\FiringUnitWork\FieldModuleLargeNetworkPortControl_V2\cranwellP18F2525.h
                Pin23HIGH   0x000fc6    program     extern C:\Users\pete\OneDrive\Documents\GitHub\FiringSystem\PIC_Development\FiringUnitWork\FieldModuleLargeNetworkPortControl_V2\cranwellP18F2525.h
                 Pin23LOW   0x000fcc    program     extern C:\Users\pete\OneDrive\Documents\GitHub\FiringSystem\PIC_Development\FiringUnitWork\FieldModuleLargeNetworkPortControl_V2\cranwellP18F2525.h
                Pin24HIGH   0x000fe0    program     extern C:\Users\pete\OneDrive\Documents\GitHub\FiringSystem\PIC_Development\FiringUnitWork\FieldModuleLargeNetworkPortControl_V2\cranwellP18F2525.h
                 Pin24LOW   0x000fe6    program     extern C:\Users\pete\OneDrive\Documents\GitHub\FiringSystem\PIC_Development\FiringUnitWork\FieldModuleLargeNetworkPortControl_V2\cranwellP18F2525.h
                Pin25HIGH   0x000ffa    program     extern C:\Users\pete\OneDrive\Documents\GitHub\FiringSystem\PIC_Development\FiringUnitWork\FieldModuleLargeNetworkPortControl_V2\cranwellP18F2525.h
                 Pin25LOW   0x001000    program     extern C:\Users\pete\OneDrive\Documents\GitHub\FiringSystem\PIC_Development\FiringUnitWork\FieldModuleLargeNetworkPortControl_V2\cranwellP18F2525.h
                Pin26HIGH   0x001014    program     extern C:\Users\pete\OneDrive\Documents\GitHub\FiringSystem\PIC_Development\FiringUnitWork\FieldModuleLargeNetworkPortControl_V2\cranwellP18F2525.h
                 Pin26LOW   0x00101a    program     extern C:\Users\pete\OneDrive\Documents\GitHub\FiringSystem\PIC_Development\FiringUnitWork\FieldModuleLargeNetworkPortControl_V2\cranwellP18F2525.h
                Pin27HIGH   0x00102e    program     extern C:\Users\pete\OneDrive\Documents\GitHub\FiringSystem\PIC_Development\FiringUnitWork\FieldModuleLargeNetworkPortControl_V2\cranwellP18F2525.h
                 Pin27LOW   0x001034    program     extern C:\Users\pete\OneDrive\Documents\GitHub\FiringSystem\PIC_Development\FiringUnitWork\FieldModuleLargeNetworkPortControl_V2\cranwellP18F2525.h
                Pin28HIGH   0x001048    program     extern C:\Users\pete\OneDrive\Documents\GitHub\FiringSystem\PIC_Development\FiringUnitWork\FieldModuleLargeNetworkPortControl_V2\cranwellP18F2525.h
                 Pin28LOW   0x00104e    program     extern C:\Users\pete\OneDrive\Documents\GitHub\FiringSystem\PIC_Development\FiringUnitWork\FieldModuleLargeNetworkPortControl_V2\cranwellP18F2525.h
                 Pin3HIGH   0x000e48    program     extern C:\Users\pete\OneDrive\Documents\GitHub\FiringSystem\PIC_Development\FiringUnitWork\FieldModuleLargeNetworkPortControl_V2\cranwellP18F2525.h
                  Pin3LOW   0x000e4e    program     extern C:\Users\pete\OneDrive\Documents\GitHub\FiringSystem\PIC_Development\FiringUnitWork\FieldModuleLargeNetworkPortControl_V2\cranwellP18F2525.h
                 Pin4HIGH   0x000e62    program     extern C:\Users\pete\OneDrive\Documents\GitHub\FiringSystem\PIC_Development\FiringUnitWork\FieldModuleLargeNetworkPortControl_V2\cranwellP18F2525.h
                  Pin4LOW   0x000e68    program     extern C:\Users\pete\OneDrive\Documents\GitHub\FiringSystem\PIC_Development\FiringUnitWork\FieldModuleLargeNetworkPortControl_V2\cranwellP18F2525.h
                 Pin5HIGH   0x000e7c    program     extern C:\Users\pete\OneDrive\Documents\GitHub\FiringSystem\PIC_Development\FiringUnitWork\FieldModuleLargeNetworkPortControl_V2\cranwellP18F2525.h
                  Pin5LOW   0x000e82    program     extern C:\Users\pete\OneDrive\Documents\GitHub\FiringSystem\PIC_Development\FiringUnitWork\FieldModuleLargeNetworkPortControl_V2\cranwellP18F2525.h
                 Pin6HIGH   0x000e96    program     extern C:\Users\pete\OneDrive\Documents\GitHub\FiringSystem\PIC_Development\FiringUnitWork\FieldModuleLargeNetworkPortControl_V2\cranwellP18F2525.h
                  Pin6LOW   0x000e9c    program     extern C:\Users\pete\OneDrive\Documents\GitHub\FiringSystem\PIC_Development\FiringUnitWork\FieldModuleLargeNetworkPortControl_V2\cranwellP18F2525.h
                 Pin7HIGH   0x000eb0    program     extern C:\Users\pete\OneDrive\Documents\GitHub\FiringSystem\PIC_Development\FiringUnitWork\FieldModuleLargeNetworkPortControl_V2\cranwellP18F2525.h
                  Pin7LOW   0x000eb6    program     extern C:\Users\pete\OneDrive\Documents\GitHub\FiringSystem\PIC_Development\FiringUnitWork\FieldModuleLargeNetworkPortControl_V2\cranwellP18F2525.h
                 Pin9HIGH   0x000eca    program     extern C:\Users\pete\OneDrive\Documents\GitHub\FiringSystem\PIC_Development\FiringUnitWork\FieldModuleLargeNetworkPortControl_V2\cranwellP18F2525.h
                  Pin9LOW   0x000ed0    program     extern C:\Users\pete\OneDrive\Documents\GitHub\FiringSystem\PIC_Development\FiringUnitWork\FieldModuleLargeNetworkPortControl_V2\cranwellP18F2525.h
                  PinHIGH   0x001062    program     extern C:\Users\pete\OneDrive\Documents\GitHub\FiringSystem\PIC_Development\FiringUnitWork\FieldModuleLargeNetworkPortControl_V2\cranwellP18F2525.h
                   PinLOW   0x0011ae    program     extern C:\Users\pete\OneDrive\Documents\GitHub\FiringSystem\PIC_Development\FiringUnitWork\FieldModuleLargeNetworkPortControl_V2\cranwellP18F2525.h
                  PinTest   0x0012fa    program     extern C:\Users\pete\OneDrive\Documents\GitHub\FiringSystem\PIC_Development\FiringUnitWork\FieldModuleLargeNetworkPortControl_V2\cranwellP18F2525.h
          ProcessWorkUnit   0x0039c4    program     extern C:\Users\pete\OneDrive\Documents\GitHub\FiringSystem\PIC_Development\FiringUnitWork\FieldModuleLargeNetworkPortControl_V2\main2.c
                    ReArm   0x005e38    program     extern C:\Users\pete\OneDrive\Documents\GitHub\FiringSystem\PIC_Development\FiringUnitWork\FieldModuleLargeNetworkPortControl_V2\main2.c
                ReadUSART   0x007754    program     extern C:\Users\pete\OneDrive\Documents\GitHub\FiringSystem\PIC_Development\FiringUnitWork\FieldModuleLargeNetworkPortControl_V2\uread.c
               Read_b_eep   0x0075ce    program     extern C:\Users\pete\OneDrive\Documents\GitHub\FiringSystem\PIC_Development\FiringUnitWork\FieldModuleLargeNetworkPortControl_V2\read_B.c
                  Receive   0x00437e    program     extern C:\Users\pete\OneDrive\Documents\GitHub\FiringSystem\PIC_Development\FiringUnitWork\FieldModuleLargeNetworkPortControl_V2\main2.c
             ResendACKNAK   0x004108    program     extern C:\Users\pete\OneDrive\Documents\GitHub\FiringSystem\PIC_Development\FiringUnitWork\FieldModuleLargeNetworkPortControl_V2\main2.c
            ResetAllPorts   0x00606a    program     extern C:\Users\pete\OneDrive\Documents\GitHub\FiringSystem\PIC_Development\FiringUnitWork\FieldModuleLargeNetworkPortControl_V2\main2.c
               ResetSlave   0x004530    program     extern C:\Users\pete\OneDrive\Documents\GitHub\FiringSystem\PIC_Development\FiringUnitWork\FieldModuleLargeNetworkPortControl_V2\main2.c
              ResetTimer1   0x0004dc    program     extern C:\Users\pete\OneDrive\Documents\GitHub\FiringSystem\PIC_Development\FiringUnitWork\FieldModuleLargeNetworkPortControl_V2\cranwellP18F2525.h
        RestoreShowStatus   0x005f78    program     extern C:\Users\pete\OneDrive\Documents\GitHub\FiringSystem\PIC_Development\FiringUnitWork\FieldModuleLargeNetworkPortControl_V2\main2.c
                  SendACK   0x003426    program     extern C:\Users\pete\OneDrive\Documents\GitHub\FiringSystem\PIC_Development\FiringUnitWork\FieldModuleLargeNetworkPortControl_V2\main2.c
                  SendBit   0x0076c0    program     static C:\Users\pete\OneDrive\Documents\GitHub\FiringSystem\PIC_Development\FiringUnitWork\FieldModuleLargeNetworkPortControl_V2\writuart.asm
                  SendNAK   0x00365e    program     extern C:\Users\pete\OneDrive\Documents\GitHub\FiringSystem\PIC_Development\FiringUnitWork\FieldModuleLargeNetworkPortControl_V2\main2.c
                SendStart   0x0076c4    program     static C:\Users\pete\OneDrive\Documents\GitHub\FiringSystem\PIC_Development\FiringUnitWork\FieldModuleLargeNetworkPortControl_V2\writuart.asm
           SetArmedStatus   0x005856    program     extern C:\Users\pete\OneDrive\Documents\GitHub\FiringSystem\PIC_Development\FiringUnitWork\FieldModuleLargeNetworkPortControl_V2\main2.c
            SetClockSpeed   0x000d68    program     extern C:\Users\pete\OneDrive\Documents\GitHub\FiringSystem\PIC_Development\FiringUnitWork\FieldModuleLargeNetworkPortControl_V2\cranwellP18F2525.h
           SetLogicalAddr   0x005772    program     extern C:\Users\pete\OneDrive\Documents\GitHub\FiringSystem\PIC_Development\FiringUnitWork\FieldModuleLargeNetworkPortControl_V2\main2.c
         SetSessionStatus   0x005816    program     extern C:\Users\pete\OneDrive\Documents\GitHub\FiringSystem\PIC_Development\FiringUnitWork\FieldModuleLargeNetworkPortControl_V2\main2.c
           SetShortStatus   0x004012    program     extern C:\Users\pete\OneDrive\Documents\GitHub\FiringSystem\PIC_Development\FiringUnitWork\FieldModuleLargeNetworkPortControl_V2\main2.c
                SetStatus   0x003e68    program     extern C:\Users\pete\OneDrive\Documents\GitHub\FiringSystem\PIC_Development\FiringUnitWork\FieldModuleLargeNetworkPortControl_V2\main2.c
          SetTEventStatus   0x005cd2    program     extern C:\Users\pete\OneDrive\Documents\GitHub\FiringSystem\PIC_Development\FiringUnitWork\FieldModuleLargeNetworkPortControl_V2\main2.c
              SetUnitAddr   0x0056de    program     extern C:\Users\pete\OneDrive\Documents\GitHub\FiringSystem\PIC_Development\FiringUnitWork\FieldModuleLargeNetworkPortControl_V2\main2.c
ShowAddressAndSoftwareVersion   0x005d80    program     extern C:\Users\pete\OneDrive\Documents\GitHub\FiringSystem\PIC_Development\FiringUnitWork\FieldModuleLargeNetworkPortControl_V2\main2.c
          ShowUnitAddress   0x004906    program     extern C:\Users\pete\OneDrive\Documents\GitHub\FiringSystem\PIC_Development\FiringUnitWork\FieldModuleLargeNetworkPortControl_V2\main2.c
              StartTimer0   0x004e2e    program     extern C:\Users\pete\OneDrive\Documents\GitHub\FiringSystem\PIC_Development\FiringUnitWork\FieldModuleLargeNetworkPortControl_V2\main2.c
              StartTimer1   0x004e74    program     extern C:\Users\pete\OneDrive\Documents\GitHub\FiringSystem\PIC_Development\FiringUnitWork\FieldModuleLargeNetworkPortControl_V2\main2.c
               TSIGN1616A   0x0071fc    program     static E:\3.46\pic18-lt\cxx-framework\src\traditional\math\fxm1616s.asm
                    Trace   0x004c80    program     extern C:\Users\pete\OneDrive\Documents\GitHub\FiringSystem\PIC_Development\FiringUnitWork\FieldModuleLargeNetworkPortControl_V2\main2.c
              WriteTimer0   0x00062e    program     extern C:\Users\pete\OneDrive\Documents\GitHub\FiringSystem\PIC_Development\FiringUnitWork\FieldModuleLargeNetworkPortControl_V2\cranwellP18F2525.h
              WriteTimer1   0x0076e4    program     extern E:\3.46\pic18-lt\cxx-framework\src\pmc_common\Timers\t1write.c
                WriteUART   0x0076ac    program     extern C:\Users\pete\OneDrive\Documents\GitHub\FiringSystem\PIC_Development\FiringUnitWork\FieldModuleLargeNetworkPortControl_V2\writuart.asm
               WriteUSART   0x000d04    program     extern C:\Users\pete\OneDrive\Documents\GitHub\FiringSystem\PIC_Development\FiringUnitWork\FieldModuleLargeNetworkPortControl_V2\cranwellP18F2525.h
              Write_b_eep   0x007570    program     extern C:\Users\pete\OneDrive\Documents\GitHub\FiringSystem\PIC_Development\FiringUnitWork\FieldModuleLargeNetworkPortControl_V2\write_B.c
                  _14jEnd   0x006f0c    program     static E:\3.46\pic18-lt\cxx-framework\src\traditional\stdclib\atol.asm
              _2jContinue   0x006f64    program     static E:\3.46\pic18-lt\cxx-framework\src\traditional\stdclib\memset.asm
                   _2jEnd   0x00714e    program     static E:\3.46\pic18-lt\cxx-framework\src\traditional\stdclib\slenpgm.asm
                   _3jEnd   0x006f6e    program     static E:\3.46\pic18-lt\cxx-framework\src\traditional\stdclib\memset.asm
              _4jContinue   0x007098    program     static E:\3.46\pic18-lt\cxx-framework\src\traditional\stdclib\strncat.asm
                   _5jEnd   0x0070a2    program     static E:\3.46\pic18-lt\cxx-framework\src\traditional\stdclib\strncat.asm
       _D10KTCYXCODE_0010   0x007798    program     static E:\3.46\pic18-lt\cxx-framework\src\traditional\delays\d10ktcyx.asm
       _D10KTCYXCODE_001C   0x0077a4    program     static E:\3.46\pic18-lt\cxx-framework\src\traditional\delays\d10ktcyx.asm
        _D10TCYXCODE_000A   0x007868    program     static E:\3.46\pic18-lt\cxx-framework\src\traditional\delays\d10tcyx.asm
        _D10TCYXCODE_000C   0x00786a    program     static E:\3.46\pic18-lt\cxx-framework\src\traditional\delays\d10tcyx.asm
        _D10TCYXCODE_000E   0x00786c    program     static E:\3.46\pic18-lt\cxx-framework\src\traditional\delays\d10tcyx.asm
      ___case_10_lbl00327   0x003bc2    program     static                          
      ___case_11_lbl00328   0x003bc8    program     static                          
      ___case_13_lbl00334   0x003cb2    program     static                          
      ___case_16_lbl00335   0x003d5e    program     static                          
      ___case_17_lbl00319   0x003b2a    program     static                          
      ___case_19_lbl00326   0x003bbc    program     static                          
       ___case_1_lbl00316   0x003ab8    program     static                          
      ___case_20_lbl00337   0x003e2e    program     static                          
      ___case_21_lbl00338   0x003e38    program     static                          
      ___case_24_lbl00324   0x003b86    program     static                          
      ___case_25_lbl00339   0x003e40    program     static                          
       ___case_2_lbl00317   0x003ad4    program     static                          
       ___case_4_lbl00321   0x003b54    program     static                          
       ___case_5_lbl00323   0x003b7c    program     static                          
       ___case_6_lbl00325   0x003bb4    program     static                          
       ___case_7_lbl00329   0x003bce    program     static                          
       ___case_8_lbl00333   0x003cac    program     static                          
      ___case_99_lbl00318   0x003b08    program     static                          
      ___default_lbl00340   0x003e4a    program     static                          
         ___else_lbl00253   0x001f54    program     static                          
         ___else_lbl00255   0x001f92    program     static                          
         ___else_lbl00260   0x00207c    program     static                          
         ___else_lbl00262   0x00209e    program     static                          
         ___else_lbl00264   0x0020bc    program     static                          
         ___else_lbl00295   0x00334c    program     static                          
         ___else_lbl00297   0x002efa    program     static                          
         ___else_lbl00303   0x003404    program     static                          
          ___for_lbl00087   0x000e20    program     static                          
          ___for_lbl00088   0x000e34    program     static                          
          ___for_lbl00089   0x000de2    program     static                          
          ___for_lbl00242   0x001c0a    program     static                          
          ___for_lbl00243   0x001c14    program     static                          
          ___for_lbl00245   0x001b92    program     static                          
          ___for_lbl00275   0x002732    program     static                          
          ___for_lbl00276   0x00273c    program     static                          
          ___for_lbl00277   0x00268c    program     static                          
          ___for_lbl00279   0x002a86    program     static                          
          ___for_lbl00280   0x002a90    program     static                          
          ___for_lbl00281   0x0029e0    program     static                          
          ___for_lbl00284   0x002cc6    program     static                          
          ___for_lbl00285   0x002cd0    program     static                          
          ___for_lbl00287   0x002bcc    program     static                          
          ___for_lbl00290   0x00336c    program     static                          
          ___for_lbl00291   0x003376    program     static                          
          ___for_lbl00298   0x002e4e    program     static                          
          ___for_lbl00330   0x003ca0    program     static                          
          ___for_lbl00331   0x003caa    program     static                          
          ___for_lbl00332   0x003c28    program     static                          
          ___for_lbl00469   0x005f58    program     static                          
          ___for_lbl00470   0x005f64    program     static                          
          ___for_lbl00471   0x005edc    program     static                          
          ___for_lbl00473   0x00604a    program     static                          
          ___for_lbl00474   0x006056    program     static                          
          ___for_lbl00475   0x005fbe    program     static                          
           ___if_lbl00229   0x0016f8    program     static                          
           ___if_lbl00230   0x00176a    program     static                          
           ___if_lbl00231   0x00186e    program     static                          
           ___if_lbl00232   0x00186e    program     static                          
           ___if_lbl00235   0x0018ea    program     static                          
           ___if_lbl00236   0x0019ca    program     static                          
           ___if_lbl00237   0x0019cc    program     static                          
           ___if_lbl00238   0x001a96    program     static                          
           ___if_lbl00239   0x001a96    program     static                          
           ___if_lbl00241   0x001af0    program     static                          
           ___if_lbl00244   0x001c0a    program     static                          
           ___if_lbl00246   0x001c3a    program     static                          
           ___if_lbl00247   0x001d5a    program     static                          
           ___if_lbl00248   0x001d5a    program     static                          
           ___if_lbl00251   0x001e68    program     static                          
           ___if_lbl00252   0x001f90    program     static                          
           ___if_lbl00254   0x001f94    program     static                          
           ___if_lbl00256   0x001f96    program     static                          
           ___if_lbl00257   0x001f96    program     static                          
           ___if_lbl00258   0x001fd8    program     static                          
           ___if_lbl00259   0x002098    program     static                          
           ___if_lbl00261   0x0020ba    program     static                          
           ___if_lbl00263   0x0020c0    program     static                          
           ___if_lbl00265   0x00211c    program     static                          
           ___if_lbl00266   0x002188    program     static                          
           ___if_lbl00267   0x002188    program     static                          
           ___if_lbl00268   0x00218c    program     static                          
           ___if_lbl00269   0x0021c2    program     static                          
           ___if_lbl00270   0x0021c6    program     static                          
           ___if_lbl00271   0x0021fa    program     static                          
           ___if_lbl00272   0x0022a0    program     static                          
           ___if_lbl00273   0x0022ec    program     static                          
           ___if_lbl00274   0x0024ba    program     static                          
           ___if_lbl00278   0x002800    program     static                          
           ___if_lbl00282   0x002ab8    program     static                          
           ___if_lbl00283   0x002b26    program     static                          
           ___if_lbl00286   0x002cc6    program     static                          
           ___if_lbl00288   0x002cd4    program     static                          
           ___if_lbl00289   0x002d6a    program     static                          
           ___if_lbl00292   0x0032bc    program     static                          
           ___if_lbl00293   0x003348    program     static                          
           ___if_lbl00294   0x00336c    program     static                          
           ___if_lbl00296   0x00336c    program     static                          
           ___if_lbl00299   0x003398    program     static                          
           ___if_lbl00300   0x0033d0    program     static                          
           ___if_lbl00301   0x003402    program     static                          
           ___if_lbl00302   0x003404    program     static                          
           ___if_lbl00320   0x003b64    program     static                          
           ___if_lbl00322   0x003b7a    program     static                          
           ___if_lbl00336   0x003e2c    program     static                          
       ___return_lbl00000   0x0077e0    program     static                          
       ___return_lbl00000   0x007660    program     static                          
       ___return_lbl00000   0x007500    program     static                          
       ___return_lbl00000   0x00000c    program     static                          
       ___return_lbl00000   0x000004    program     static                          
       ___return_lbl00001   0x007840    program     static                          
       ___return_lbl00001   0x00001c    program     static                          
       ___return_lbl00002   0x00738e    program     static                          
       ___return_lbl00079   0x000d3e    program     static                          
       ___return_lbl00080   0x000d5a    program     static                          
       ___return_lbl00086   0x000e34    program     static                          
       ___return_lbl00226   0x003424    program     static                          
       ___return_lbl00314   0x003e66    program     static                          
       ___return_lbl00468   0x005f64    program     static                          
       ___return_lbl00472   0x006056    program     static                          
   ___switchexit_lbl00315   0x003e66    program     static                          
        ___while_lbl00227   0x00168a    program     static                          
        ___while_lbl00228   0x003424    program     static                          
        ___while_lbl00249   0x001d68    program     static                          
        ___while_lbl00250   0x001f96    program     static                          
               __config_0   0x300001    program     static C:\Users\pete\OneDrive\Documents\GitHub\FiringSystem\PIC_Development\FiringUnitWork\FieldModuleLargeNetworkPortControl_V2\main2.c
               __config_1   0x300002    program     static C:\Users\pete\OneDrive\Documents\GitHub\FiringSystem\PIC_Development\FiringUnitWork\FieldModuleLargeNetworkPortControl_V2\main2.c
               __config_2   0x300003    program     static C:\Users\pete\OneDrive\Documents\GitHub\FiringSystem\PIC_Development\FiringUnitWork\FieldModuleLargeNetworkPortControl_V2\main2.c
               __config_3   0x300005    program     static C:\Users\pete\OneDrive\Documents\GitHub\FiringSystem\PIC_Development\FiringUnitWork\FieldModuleLargeNetworkPortControl_V2\main2.c
               __config_4   0x300006    program     static C:\Users\pete\OneDrive\Documents\GitHub\FiringSystem\PIC_Development\FiringUnitWork\FieldModuleLargeNetworkPortControl_V2\main2.c
                   __init   0x0078a2    program     extern E:\3.46\pic18-lt\cxx-framework\src\traditional\stdclib\__init.c
                   __pa_0   0x006a22    program     static E:\3.46\pic18-lt\cxx-framework\src\traditional\stdclib\vfprintf.c
                   __pa_1   0x006a2a    program     static E:\3.46\pic18-lt\cxx-framework\src\traditional\stdclib\vfprintf.c
                  __pa_10   0x006ade    program     static E:\3.46\pic18-lt\cxx-framework\src\traditional\stdclib\vfprintf.c
                  __pa_11   0x006aec    program     static E:\3.46\pic18-lt\cxx-framework\src\traditional\stdclib\vfprintf.c
                  __pa_12   0x006b02    program     static E:\3.46\pic18-lt\cxx-framework\src\traditional\stdclib\vfprintf.c
                  __pa_13   0x006b1c    program     static E:\3.46\pic18-lt\cxx-framework\src\traditional\stdclib\vfprintf.c
                  __pa_14   0x006b34    program     static E:\3.46\pic18-lt\cxx-framework\src\traditional\stdclib\vfprintf.c
                  __pa_15   0x006b44    program     static E:\3.46\pic18-lt\cxx-framework\src\traditional\stdclib\vfprintf.c
                  __pa_16   0x006b5a    program     static E:\3.46\pic18-lt\cxx-framework\src\traditional\stdclib\vfprintf.c
                  __pa_17   0x006b6c    program     static E:\3.46\pic18-lt\cxx-framework\src\traditional\stdclib\vfprintf.c
                  __pa_18   0x006b7e    program     static E:\3.46\pic18-lt\cxx-framework\src\traditional\stdclib\vfprintf.c
                  __pa_19   0x006b88    program     static E:\3.46\pic18-lt\cxx-framework\src\traditional\stdclib\vfprintf.c
                   __pa_2   0x006a34    program     static E:\3.46\pic18-lt\cxx-framework\src\traditional\stdclib\vfprintf.c
                  __pa_20   0x006b98    program     static E:\3.46\pic18-lt\cxx-framework\src\traditional\stdclib\vfprintf.c
                  __pa_21   0x006ba8    program     static E:\3.46\pic18-lt\cxx-framework\src\traditional\stdclib\vfprintf.c
                  __pa_22   0x006bb8    program     static E:\3.46\pic18-lt\cxx-framework\src\traditional\stdclib\vfprintf.c
                  __pa_23   0x006bc4    program     static E:\3.46\pic18-lt\cxx-framework\src\traditional\stdclib\vfprintf.c
                  __pa_24   0x006bd2    program     static E:\3.46\pic18-lt\cxx-framework\src\traditional\stdclib\vfprintf.c
                  __pa_25   0x006bda    program     static E:\3.46\pic18-lt\cxx-framework\src\traditional\stdclib\vfprintf.c
                  __pa_26   0x006be4    program     static E:\3.46\pic18-lt\cxx-framework\src\traditional\stdclib\vfprintf.c
                  __pa_27   0x006bee    program     static E:\3.46\pic18-lt\cxx-framework\src\traditional\stdclib\vfprintf.c
                  __pa_28   0x006bf6    program     static E:\3.46\pic18-lt\cxx-framework\src\traditional\stdclib\vfprintf.c
                  __pa_29   0x006c04    program     static E:\3.46\pic18-lt\cxx-framework\src\traditional\stdclib\vfprintf.c
                   __pa_3   0x006a3e    program     static E:\3.46\pic18-lt\cxx-framework\src\traditional\stdclib\vfprintf.c
                  __pa_30   0x006c20    program     static E:\3.46\pic18-lt\cxx-framework\src\traditional\stdclib\vfprintf.c
                  __pa_31   0x006c3a    program     static E:\3.46\pic18-lt\cxx-framework\src\traditional\stdclib\vfprintf.c
                  __pa_32   0x006c54    program     static E:\3.46\pic18-lt\cxx-framework\src\traditional\stdclib\vfprintf.c
                  __pa_33   0x006c6c    program     static E:\3.46\pic18-lt\cxx-framework\src\traditional\stdclib\vfprintf.c
                  __pa_34   0x006c76    program     static E:\3.46\pic18-lt\cxx-framework\src\traditional\stdclib\vfprintf.c
                  __pa_35   0x006c84    program     static E:\3.46\pic18-lt\cxx-framework\src\traditional\stdclib\vfprintf.c
                  __pa_36   0x006c8c    program     static E:\3.46\pic18-lt\cxx-framework\src\traditional\stdclib\vfprintf.c
                  __pa_37   0x006c96    program     static E:\3.46\pic18-lt\cxx-framework\src\traditional\stdclib\vfprintf.c
                  __pa_38   0x006ca6    program     static E:\3.46\pic18-lt\cxx-framework\src\traditional\stdclib\vfprintf.c
                  __pa_39   0x006cb4    program     static E:\3.46\pic18-lt\cxx-framework\src\traditional\stdclib\vfprintf.c
                   __pa_4   0x006a56    program     static E:\3.46\pic18-lt\cxx-framework\src\traditional\stdclib\vfprintf.c
                  __pa_40   0x006cc0    program     static E:\3.46\pic18-lt\cxx-framework\src\traditional\stdclib\vfprintf.c
                  __pa_41   0x006ccc    program     static E:\3.46\pic18-lt\cxx-framework\src\traditional\stdclib\vfprintf.c
                  __pa_42   0x006cd4    program     static E:\3.46\pic18-lt\cxx-framework\src\traditional\stdclib\vfprintf.c
                  __pa_43   0x006cde    program     static E:\3.46\pic18-lt\cxx-framework\src\traditional\stdclib\vfprintf.c
                  __pa_44   0x006ce4    program     static E:\3.46\pic18-lt\cxx-framework\src\traditional\stdclib\vfprintf.c
                  __pa_45   0x006cee    program     static E:\3.46\pic18-lt\cxx-framework\src\traditional\stdclib\vfprintf.c
                  __pa_46   0x006cfa    program     static E:\3.46\pic18-lt\cxx-framework\src\traditional\stdclib\vfprintf.c
                   __pa_5   0x006a6a    program     static E:\3.46\pic18-lt\cxx-framework\src\traditional\stdclib\vfprintf.c
                   __pa_6   0x006a86    program     static E:\3.46\pic18-lt\cxx-framework\src\traditional\stdclib\vfprintf.c
                   __pa_7   0x006a90    program     static E:\3.46\pic18-lt\cxx-framework\src\traditional\stdclib\vfprintf.c
                   __pa_8   0x006a9c    program     static E:\3.46\pic18-lt\cxx-framework\src\traditional\stdclib\vfprintf.c
                   __pa_9   0x006abe    program     static E:\3.46\pic18-lt\cxx-framework\src\traditional\stdclib\vfprintf.c
              __string_70   0x007478    program     static C:\Users\pete\OneDrive\Documents\GitHub\FiringSystem\PIC_Development\FiringUnitWork\FieldModuleLargeNetworkPortControl_V2\main2.c
              __string_71   0x00745e    program     static C:\Users\pete\OneDrive\Documents\GitHub\FiringSystem\PIC_Development\FiringUnitWork\FieldModuleLargeNetworkPortControl_V2\main2.c
              __string_72   0x007459    program     static C:\Users\pete\OneDrive\Documents\GitHub\FiringSystem\PIC_Development\FiringUnitWork\FieldModuleLargeNetworkPortControl_V2\main2.c
              __string_75   0x00743f    program     static C:\Users\pete\OneDrive\Documents\GitHub\FiringSystem\PIC_Development\FiringUnitWork\FieldModuleLargeNetworkPortControl_V2\main2.c
              __string_76   0x007430    program     static C:\Users\pete\OneDrive\Documents\GitHub\FiringSystem\PIC_Development\FiringUnitWork\FieldModuleLargeNetworkPortControl_V2\main2.c
              __string_78   0x007414    program     static C:\Users\pete\OneDrive\Documents\GitHub\FiringSystem\PIC_Development\FiringUnitWork\FieldModuleLargeNetworkPortControl_V2\main2.c
             __tmplbl_145   0x001b9e    program     static                          
             __tmplbl_146   0x001df0    program     static                          
             __tmplbl_147   0x00244c    program     static                          
             __tmplbl_148   0x00269c    program     static                          
             __tmplbl_149   0x00278e    program     static                          
             __tmplbl_150   0x0029f0    program     static                          
             __tmplbl_151   0x002ab8    program     static                          
             __tmplbl_152   0x002bdc    program     static                          
             __tmplbl_153   0x002e74    program     static                          
             __tmplbl_154   0x002f06    program     static                          
             __tmplbl_155   0x0033be    program     static                          
             __tmplbl_156   0x0033f6    program     static                          
             __tmplbl_157   0x003c38    program     static                          
             __tmplbl_175   0x005f02    program     static                          
             __tmplbl_176   0x005fe4    program     static                          
               __tmplbl_4   0x000e12    program     static                          
              __tmplbl_42   0x006bb8    program     static                          
              __tmplbl_43   0x006a00    program     static                          
              __tmplbl_44   0x0069e6    program     static                          
              __tmplbl_68   0x00188c    program     static                          
              __tmplbl_69   0x00187e    program     static                          
              __tmplbl_70   0x0018ac    program     static                          
              __tmplbl_71   0x00189a    program     static                          
              __tmplbl_72   0x0019b0    program     static                          
              __tmplbl_73   0x001ab2    program     static                          
              __tmplbl_74   0x001aa8    program     static                          
              __tmplbl_75   0x001dd8    program     static                          
              __tmplbl_76   0x0039ce    program     static                          
              __tmplbl_77   0x0039dc    program     static                          
              __tmplbl_78   0x0039ea    program     static                          
              __tmplbl_79   0x0039f8    program     static                          
              __tmplbl_80   0x003a06    program     static                          
              __tmplbl_81   0x003a14    program     static                          
              __tmplbl_82   0x003a22    program     static                          
              __tmplbl_83   0x003a30    program     static                          
              __tmplbl_84   0x003a3e    program     static                          
              __tmplbl_85   0x003a4c    program     static                          
              __tmplbl_85   0x006138    program     static                          
              __tmplbl_86   0x003a5a    program     static                          
              __tmplbl_87   0x003a68    program     static                          
              __tmplbl_88   0x003a76    program     static                          
              __tmplbl_89   0x003a84    program     static                          
              __tmplbl_90   0x003a90    program     static                          
              __tmplbl_91   0x003a9c    program     static                          
              __tmplbl_92   0x003aa8    program     static                          
              __tmplbl_93   0x003ab4    program     static                          
            __zero_memory   0x007806    program     extern E:\3.46\pic18-lt\cxx-framework\src\traditional\proc\p18f2525.asm
                _do_cinit   0x0072f2    program     extern E:\3.46\pic18-lt\cxx-framework\src\traditional\startup\c018i.c
                   _entry   0x000000    program     extern E:\3.46\pic18-lt\cxx-framework\src\traditional\startup\c018i.c
                   _false   0x00765c    program     static                          
                 _startup   0x007826    program     extern E:\3.46\pic18-lt\cxx-framework\src\traditional\startup\c018i.c
              _usart_putc   0x007842    program     extern E:\3.46\pic18-lt\cxx-framework\src\pmc_common\USART\_usartpc.asm
               _user_putc   0x000006    program     extern E:\3.46\pic18-lt\cxx-framework\src\traditional\stdclib\_user_putc.c
                      abs   0x001598    program     extern C:\Users\pete\OneDrive\Documents\GitHub\FiringSystem\PIC_Development\FiringUnitWork\FieldModuleLargeNetworkPortControl_V2\cranwellP18F2525.h
                     atoi   0x006d04    program     extern E:\3.46\pic18-lt\cxx-framework\src\traditional\stdclib\atoi.asm
                     atol   0x006dee    program     extern E:\3.46\pic18-lt\cxx-framework\src\traditional\stdclib\atol.asm
                baudUSART   0x000a9e    program     extern C:\Users\pete\OneDrive\Documents\GitHub\FiringSystem\PIC_Development\FiringUnitWork\FieldModuleLargeNetworkPortControl_V2\cranwellP18F2525.h
                compare_l   0x00781c    program     static E:\3.46\pic18-lt\cxx-framework\src\traditional\proc\p18f2525.asm
                copy_loop   0x007364    program     static                          
            copy_one_byte   0x00736a    program     static                          
                     done   0x00738e    program     static                          
             done_copying   0x007378    program     static                          
                  endloop   0x0077dc    program     static                          
                  isdigit   0x0077e2    program     extern E:\3.46\pic18-lt\cxx-framework\src\traditional\stdclib\isdigit.asm
                     jEnd   0x006dc2    program     static E:\3.46\pic18-lt\cxx-framework\src\traditional\stdclib\atoi.asm
                     jEnd   0x006f76    program     static E:\3.46\pic18-lt\cxx-framework\src\traditional\stdclib\memset.asm
                     jEnd   0x006f0c    program     static E:\3.46\pic18-lt\cxx-framework\src\traditional\stdclib\atol.asm
                     jEnd   0x0070ae    program     static E:\3.46\pic18-lt\cxx-framework\src\traditional\stdclib\strncat.asm
                     jEnd   0x00705c    program     static E:\3.46\pic18-lt\cxx-framework\src\traditional\stdclib\strlen.asm
                     jEnd   0x006fea    program     static E:\3.46\pic18-lt\cxx-framework\src\traditional\stdclib\strcmp.asm
                     jEnd   0x007150    program     static E:\3.46\pic18-lt\cxx-framework\src\traditional\stdclib\slenpgm.asm
                 jEndLoop   0x006daa    program     static E:\3.46\pic18-lt\cxx-framework\src\traditional\stdclib\atoi.asm
                 jEndLoop   0x006edc    program     static E:\3.46\pic18-lt\cxx-framework\src\traditional\stdclib\atol.asm
               jInnerLoop   0x0070ec    program     static E:\3.46\pic18-lt\cxx-framework\src\traditional\stdclib\strstr.asm
                    jLoop   0x006d5c    program     static E:\3.46\pic18-lt\cxx-framework\src\traditional\stdclib\atoi.asm
                    jLoop   0x006e4e    program     static E:\3.46\pic18-lt\cxx-framework\src\traditional\stdclib\atol.asm
                    jLoop   0x007138    program     static E:\3.46\pic18-lt\cxx-framework\src\traditional\stdclib\slenpgm.asm
                    jLoop   0x006fa6    program     static E:\3.46\pic18-lt\cxx-framework\src\traditional\stdclib\strcat.asm
                    jLoop   0x006f58    program     static E:\3.46\pic18-lt\cxx-framework\src\traditional\stdclib\memset.asm
                    jLoop   0x006fe0    program     static E:\3.46\pic18-lt\cxx-framework\src\traditional\stdclib\strcmp.asm
                    jLoop   0x00708c    program     static E:\3.46\pic18-lt\cxx-framework\src\traditional\stdclib\strncat.asm
                    jLoop   0x007052    program     static E:\3.46\pic18-lt\cxx-framework\src\traditional\stdclib\strlen.asm
                    jLoop   0x007028    program     static E:\3.46\pic18-lt\cxx-framework\src\traditional\stdclib\strcpy.asm
                   jMatch   0x007802    program     static E:\3.46\pic18-lt\cxx-framework\src\traditional\stdclib\isdigit.asm
                   jMatch   0x007108    program     static E:\3.46\pic18-lt\cxx-framework\src\traditional\stdclib\strstr.asm
                 jNoMatch   0x0070f8    program     static E:\3.46\pic18-lt\cxx-framework\src\traditional\stdclib\strstr.asm
                 jNoMatch   0x007804    program     static E:\3.46\pic18-lt\cxx-framework\src\traditional\stdclib\isdigit.asm
                    jNull   0x007104    program     static E:\3.46\pic18-lt\cxx-framework\src\traditional\stdclib\strstr.asm
                jNullLoop   0x006fa0    program     static E:\3.46\pic18-lt\cxx-framework\src\traditional\stdclib\strcat.asm
                jNullLoop   0x007086    program     static E:\3.46\pic18-lt\cxx-framework\src\traditional\stdclib\strncat.asm
               jOuterLoop   0x0070d4    program     static E:\3.46\pic18-lt\cxx-framework\src\traditional\stdclib\strstr.asm
                  jReturn   0x007108    program     static E:\3.46\pic18-lt\cxx-framework\src\traditional\stdclib\strstr.asm
                  jSkipWS   0x006d32    program     static E:\3.46\pic18-lt\cxx-framework\src\traditional\stdclib\atoi.asm
                  jSkipWS   0x006e24    program     static E:\3.46\pic18-lt\cxx-framework\src\traditional\stdclib\atol.asm
                 jSkipWS1   0x006d44    program     static E:\3.46\pic18-lt\cxx-framework\src\traditional\stdclib\atoi.asm
                 jSkipWS1   0x006e36    program     static E:\3.46\pic18-lt\cxx-framework\src\traditional\stdclib\atol.asm
                    jTerm   0x0070ac    program     static E:\3.46\pic18-lt\cxx-framework\src\traditional\stdclib\strncat.asm
                 jTstSign   0x006d48    program     static E:\3.46\pic18-lt\cxx-framework\src\traditional\stdclib\atoi.asm
                 jTstSign   0x006e3a    program     static E:\3.46\pic18-lt\cxx-framework\src\traditional\stdclib\atol.asm
                jTstSign1   0x006d54    program     static E:\3.46\pic18-lt\cxx-framework\src\traditional\stdclib\atoi.asm
                jTstSign1   0x006e46    program     static E:\3.46\pic18-lt\cxx-framework\src\traditional\stdclib\atol.asm
                jTstSign2   0x006d5a    program     static E:\3.46\pic18-lt\cxx-framework\src\traditional\stdclib\atoi.asm
                jTstSign2   0x006e4c    program     static E:\3.46\pic18-lt\cxx-framework\src\traditional\stdclib\atol.asm
                jTstSign3   0x006d5c    program     static E:\3.46\pic18-lt\cxx-framework\src\traditional\stdclib\atoi.asm
                jTstSign3   0x006e4e    program     static E:\3.46\pic18-lt\cxx-framework\src\traditional\stdclib\atol.asm
                     loop   0x007852    program     static E:\3.46\pic18-lt\cxx-framework\src\pmc_common\USART\_usartpc.asm
                     loop   0x007836    program     static                          
                     loop   0x0077c0    program     static                          
                     loop   0x007628    program     static                          
                   loop_h   0x007814    program     static E:\3.46\pic18-lt\cxx-framework\src\traditional\proc\p18f2525.asm
                   loop_l   0x00781e    program     static E:\3.46\pic18-lt\cxx-framework\src\traditional\proc\p18f2525.asm
                     main   0x0015e8    program     extern C:\Users\pete\OneDrive\Documents\GitHub\FiringSystem\PIC_Development\FiringUnitWork\FieldModuleLargeNetworkPortControl_V2\main2.c
                   memcpy   0x0007e6    program     extern C:\Users\pete\OneDrive\Documents\GitHub\FiringSystem\PIC_Development\FiringUnitWork\FieldModuleLargeNetworkPortControl_V2\cranwellP18F2525.h
                   memset   0x006f44    program     extern E:\3.46\pic18-lt\cxx-framework\src\traditional\stdclib\memset.asm
                     putc   0x007390    program     extern E:\3.46\pic18-lt\cxx-framework\src\traditional\stdclib\putc.c
               putrsUSART   0x000c6a    program     extern C:\Users\pete\OneDrive\Documents\GitHub\FiringSystem\PIC_Development\FiringUnitWork\FieldModuleLargeNetworkPortControl_V2\cranwellP18F2525.h
                 putsUART   0x000906    program     extern C:\Users\pete\OneDrive\Documents\GitHub\FiringSystem\PIC_Development\FiringUnitWork\FieldModuleLargeNetworkPortControl_V2\cranwellP18F2525.h
                putsUSART   0x000ac2    program     extern C:\Users\pete\OneDrive\Documents\GitHub\FiringSystem\PIC_Development\FiringUnitWork\FieldModuleLargeNetworkPortControl_V2\cranwellP18F2525.h
                 s_digits   0x007874    program     static E:\3.46\pic18-lt\cxx-framework\src\traditional\stdclib\vfprintf.c
            s_put_n_chars   0x0060e2    program     static E:\3.46\pic18-lt\cxx-framework\src\traditional\stdclib\vfprintf.c
                  sprintf   0x007246    program     extern E:\3.46\pic18-lt\cxx-framework\src\traditional\stdclib\sprintf.c
                   strcat   0x006f78    program     extern E:\3.46\pic18-lt\cxx-framework\src\traditional\stdclib\strcat.asm
                   strcmp   0x006fc0    program     extern E:\3.46\pic18-lt\cxx-framework\src\traditional\stdclib\strcmp.asm
                   strcpy   0x007000    program     extern E:\3.46\pic18-lt\cxx-framework\src\traditional\stdclib\strcpy.asm
                   strlen   0x007042    program     extern E:\3.46\pic18-lt\cxx-framework\src\traditional\stdclib\strlen.asm
                strlenpgm   0x00711a    program     extern E:\3.46\pic18-lt\cxx-framework\src\traditional\stdclib\slenpgm.asm
                  strncat   0x00705e    program     extern E:\3.46\pic18-lt\cxx-framework\src\traditional\stdclib\strncat.asm
                  strncmp   0x000738    program     extern C:\Users\pete\OneDrive\Documents\GitHub\FiringSystem\PIC_Development\FiringUnitWork\FieldModuleLargeNetworkPortControl_V2\cranwellP18F2525.h
                  strncpy   0x000662    program     extern C:\Users\pete\OneDrive\Documents\GitHub\FiringSystem\PIC_Development\FiringUnitWork\FieldModuleLargeNetworkPortControl_V2\cranwellP18F2525.h
                   strstr   0x0070c0    program     extern E:\3.46\pic18-lt\cxx-framework\src\traditional\stdclib\strstr.asm
                     test   0x00730c    program     static                          
                 vfprintf   0x00610e    program     extern E:\3.46\pic18-lt\cxx-framework\src\traditional\stdclib\vfprintf.c
               vgetsUSART   0x000244    program     extern C:\Users\pete\OneDrive\Documents\GitHub\FiringSystem\PIC_Development\FiringUnitWork\FieldModuleLargeNetworkPortControl_V2\cranwellP18F2525.h
                vputsUART   0x0009b0    program     extern C:\Users\pete\OneDrive\Documents\GitHub\FiringSystem\PIC_Development\FiringUnitWork\FieldModuleLargeNetworkPortControl_V2\cranwellP18F2525.h
               vputsUSART   0x000b04    program     extern C:\Users\pete\OneDrive\Documents\GitHub\FiringSystem\PIC_Development\FiringUnitWork\FieldModuleLargeNetworkPortControl_V2\cranwellP18F2525.h
               zero_block   0x007814    program     static E:\3.46\pic18-lt\cxx-framework\src\traditional\proc\p18f2525.asm
                  ACKSENT   0x00057e       data     static C:\Users\pete\OneDrive\Documents\GitHub\FiringSystem\PIC_Development\FiringUnitWork\FieldModuleLargeNetworkPortControl_V2\main2.c
                  ACKdata   0x000308       data     static C:\Users\pete\OneDrive\Documents\GitHub\FiringSystem\PIC_Development\FiringUnitWork\FieldModuleLargeNetworkPortControl_V2\main2.c
                   ACKmsg   0x000b09       data     static C:\Users\pete\OneDrive\Documents\GitHub\FiringSystem\PIC_Development\FiringUnitWork\FieldModuleLargeNetworkPortControl_V2\main2.c
                   ADCON0   0x000fc2       data     extern E:\3.46\pic18-lt\cxx-framework\src\traditional\proc\p18f2525.asm
               ADCON0bits   0x000fc2       data     extern E:\3.46\pic18-lt\cxx-framework\src\traditional\proc\p18f2525.asm
                   ADCON1   0x000fc1       data     extern E:\3.46\pic18-lt\cxx-framework\src\traditional\proc\p18f2525.asm
               ADCON1bits   0x000fc1       data     extern E:\3.46\pic18-lt\cxx-framework\src\traditional\proc\p18f2525.asm
                   ADCON2   0x000fc0       data     extern E:\3.46\pic18-lt\cxx-framework\src\traditional\proc\p18f2525.asm
               ADCON2bits   0x000fc0       data     extern E:\3.46\pic18-lt\cxx-framework\src\traditional\proc\p18f2525.asm
                    ADRES   0x000fc3       data     extern E:\3.46\pic18-lt\cxx-framework\src\traditional\proc\p18f2525.asm
                   ADRESH   0x000fc4       data     extern E:\3.46\pic18-lt\cxx-framework\src\traditional\proc\p18f2525.asm
                   ADRESL   0x000fc3       data     extern E:\3.46\pic18-lt\cxx-framework\src\traditional\proc\p18f2525.asm
                 AnyPinOn   0x000c32       data     static C:\Users\pete\OneDrive\Documents\GitHub\FiringSystem\PIC_Development\FiringUnitWork\FieldModuleLargeNetworkPortControl_V2\main2.c
               ArmPending   0x000c34       data     static C:\Users\pete\OneDrive\Documents\GitHub\FiringSystem\PIC_Development\FiringUnitWork\FieldModuleLargeNetworkPortControl_V2\main2.c
                    Armed   0x000597       data     static C:\Users\pete\OneDrive\Documents\GitHub\FiringSystem\PIC_Development\FiringUnitWork\FieldModuleLargeNetworkPortControl_V2\main2.c
                  BAUDCON   0x000fb8       data     extern E:\3.46\pic18-lt\cxx-framework\src\traditional\proc\p18f2525.asm
[...]
                TRISAbits   0x000f92       data     extern E:\3.46\pic18-lt\cxx-framework\src\traditional\proc\p18f2525.asm
                     DDRA   0x000f92       data     extern E:\3.46\pic18-lt\cxx-framework\src\traditional\proc\p18f2525.asm
                 DDRAbits   0x000f92       data     extern E:\3.46\pic18-lt\cxx-framework\src\traditional\proc\p18f2525.asm
                     DDRB   0x000f93       data     extern E:\3.46\pic18-lt\cxx-framework\src\traditional\proc\p18f2525.asm
                    TRISB   0x000f93       data     extern E:\3.46\pic18-lt\cxx-framework\src\traditional\proc\p18f2525.asm
                 DDRBbits   0x000f93       data     extern E:\3.46\pic18-lt\cxx-framework\src\traditional\proc\p18f2525.asm
                TRISBbits   0x000f93       data     extern E:\3.46\pic18-lt\cxx-framework\src\traditional\proc\p18f2525.asm
                     DDRC   0x000f94       data     extern E:\3.46\pic18-lt\cxx-framework\src\traditional\proc\p18f2525.asm
                 DDRCbits   0x000f94       data     extern E:\3.46\pic18-lt\cxx-framework\src\traditional\proc\p18f2525.asm
                TRISCbits   0x000f94       data     extern E:\3.46\pic18-lt\cxx-framework\src\traditional\proc\p18f2525.asm
                    TRISC   0x000f94       data     extern E:\3.46\pic18-lt\cxx-framework\src\traditional\proc\p18f2525.asm
                  OSCTUNE   0x000f9b       data     extern E:\3.46\pic18-lt\cxx-framework\src\traditional\proc\p18f2525.asm
              OSCTUNEbits   0x000f9b       data     extern E:\3.46\pic18-lt\cxx-framework\src\traditional\proc\p18f2525.asm
                     PIE1   0x000f9d       data     extern E:\3.46\pic18-lt\cxx-framework\src\traditional\proc\p18f2525.asm
                 PIE1bits   0x000f9d       data     extern E:\3.46\pic18-lt\cxx-framework\src\traditional\proc\p18f2525.asm
                     PIR1   0x000f9e       data     extern E:\3.46\pic18-lt\cxx-framework\src\traditional\proc\p18f2525.asm
                 PIR1bits   0x000f9e       data     extern E:\3.46\pic18-lt\cxx-framework\src\traditional\proc\p18f2525.asm
                 IPR1bits   0x000f9f       data     extern E:\3.46\pic18-lt\cxx-framework\src\traditional\proc\p18f2525.asm
                     IPR1   0x000f9f       data     extern E:\3.46\pic18-lt\cxx-framework\src\traditional\proc\p18f2525.asm
                     PIE2   0x000fa0       data     extern E:\3.46\pic18-lt\cxx-framework\src\traditional\proc\p18f2525.asm
                 PIE2bits   0x000fa0       data     extern E:\3.46\pic18-lt\cxx-framework\src\traditional\proc\p18f2525.asm
                     PIR2   0x000fa1       data     extern E:\3.46\pic18-lt\cxx-framework\src\traditional\proc\p18f2525.asm
                 PIR2bits   0x000fa1       data     extern E:\3.46\pic18-lt\cxx-framework\src\traditional\proc\p18f2525.asm
                     IPR2   0x000fa2       data     extern E:\3.46\pic18-lt\cxx-framework\src\traditional\proc\p18f2525.asm
                 IPR2bits   0x000fa2       data     extern E:\3.46\pic18-lt\cxx-framework\src\traditional\proc\p18f2525.asm
               EECON1bits   0x000fa6       data     extern E:\3.46\pic18-lt\cxx-framework\src\traditional\proc\p18f2525.asm
                   EECON1   0x000fa6       data     extern E:\3.46\pic18-lt\cxx-framework\src\traditional\proc\p18f2525.asm
                   EECON2   0x000fa7       data     extern E:\3.46\pic18-lt\cxx-framework\src\traditional\proc\p18f2525.asm
                   EEDATA   0x000fa8       data     extern E:\3.46\pic18-lt\cxx-framework\src\traditional\proc\p18f2525.asm
                    EEADR   0x000fa9       data     extern E:\3.46\pic18-lt\cxx-framework\src\traditional\proc\p18f2525.asm
                   EEADRH   0x000faa       data     extern E:\3.46\pic18-lt\cxx-framework\src\traditional\proc\p18f2525.asm
                RCSTAbits   0x000fab       data     extern E:\3.46\pic18-lt\cxx-framework\src\traditional\proc\p18f2525.asm
                    RCSTA   0x000fab       data     extern E:\3.46\pic18-lt\cxx-framework\src\traditional\proc\p18f2525.asm
                    TXSTA   0x000fac       data     extern E:\3.46\pic18-lt\cxx-framework\src\traditional\proc\p18f2525.asm
                TXSTAbits   0x000fac       data     extern E:\3.46\pic18-lt\cxx-framework\src\traditional\proc\p18f2525.asm
                    TXREG   0x000fad       data     extern E:\3.46\pic18-lt\cxx-framework\src\traditional\proc\p18f2525.asm
                    RCREG   0x000fae       data     extern E:\3.46\pic18-lt\cxx-framework\src\traditional\proc\p18f2525.asm
                    SPBRG   0x000faf       data     extern E:\3.46\pic18-lt\cxx-framework\src\traditional\proc\p18f2525.asm
                   SPBRGH   0x000fb0       data     extern E:\3.46\pic18-lt\cxx-framework\src\traditional\proc\p18f2525.asm
                    T3CON   0x000fb1       data     extern E:\3.46\pic18-lt\cxx-framework\src\traditional\proc\p18f2525.asm
                T3CONbits   0x000fb1       data     extern E:\3.46\pic18-lt\cxx-framework\src\traditional\proc\p18f2525.asm
                    TMR3L   0x000fb2       data     extern E:\3.46\pic18-lt\cxx-framework\src\traditional\proc\p18f2525.asm
                    TMR3H   0x000fb3       data     extern E:\3.46\pic18-lt\cxx-framework\src\traditional\proc\p18f2525.asm
                CMCONbits   0x000fb4       data     extern E:\3.46\pic18-lt\cxx-framework\src\traditional\proc\p18f2525.asm
                    CMCON   0x000fb4       data     extern E:\3.46\pic18-lt\cxx-framework\src\traditional\proc\p18f2525.asm
               CVRCONbits   0x000fb5       data     extern E:\3.46\pic18-lt\cxx-framework\src\traditional\proc\p18f2525.asm
                   CVRCON   0x000fb5       data     extern E:\3.46\pic18-lt\cxx-framework\src\traditional\proc\p18f2525.asm
                  ECCP1AS   0x000fb6       data     extern E:\3.46\pic18-lt\cxx-framework\src\traditional\proc\p18f2525.asm
               ECCPASbits   0x000fb6       data     extern E:\3.46\pic18-lt\cxx-framework\src\traditional\proc\p18f2525.asm
                   ECCPAS   0x000fb6       data     extern E:\3.46\pic18-lt\cxx-framework\src\traditional\proc\p18f2525.asm
              ECCP1ASbits   0x000fb6       data     extern E:\3.46\pic18-lt\cxx-framework\src\traditional\proc\p18f2525.asm
                 ECCP1DEL   0x000fb7       data     extern E:\3.46\pic18-lt\cxx-framework\src\traditional\proc\p18f2525.asm
             ECCP1DELbits   0x000fb7       data     extern E:\3.46\pic18-lt\cxx-framework\src\traditional\proc\p18f2525.asm
              PWM1CONbits   0x000fb7       data     extern E:\3.46\pic18-lt\cxx-framework\src\traditional\proc\p18f2525.asm
                  PWM1CON   0x000fb7       data     extern E:\3.46\pic18-lt\cxx-framework\src\traditional\proc\p18f2525.asm
              BAUDCTLbits   0x000fb8       data     extern E:\3.46\pic18-lt\cxx-framework\src\traditional\proc\p18f2525.asm
                  BAUDCON   0x000fb8       data     extern E:\3.46\pic18-lt\cxx-framework\src\traditional\proc\p18f2525.asm
              BAUDCONbits   0x000fb8       data     extern E:\3.46\pic18-lt\cxx-framework\src\traditional\proc\p18f2525.asm
                  BAUDCTL   0x000fb8       data     extern E:\3.46\pic18-lt\cxx-framework\src\traditional\proc\p18f2525.asm
              CCP2CONbits   0x000fba       data     extern E:\3.46\pic18-lt\cxx-framework\src\traditional\proc\p18f2525.asm
                  CCP2CON   0x000fba       data     extern E:\3.46\pic18-lt\cxx-framework\src\traditional\proc\p18f2525.asm
                   CCPR2L   0x000fbb       data     extern E:\3.46\pic18-lt\cxx-framework\src\traditional\proc\p18f2525.asm
                    CCPR2   0x000fbb       data     extern E:\3.46\pic18-lt\cxx-framework\src\traditional\proc\p18f2525.asm
                   CCPR2H   0x000fbc       data     extern E:\3.46\pic18-lt\cxx-framework\src\traditional\proc\p18f2525.asm
                  CCP1CON   0x000fbd       data     extern E:\3.46\pic18-lt\cxx-framework\src\traditional\proc\p18f2525.asm
              CCP1CONbits   0x000fbd       data     extern E:\3.46\pic18-lt\cxx-framework\src\traditional\proc\p18f2525.asm
                    CCPR1   0x000fbe       data     extern E:\3.46\pic18-lt\cxx-framework\src\traditional\proc\p18f2525.asm
                   CCPR1L   0x000fbe       data     extern E:\3.46\pic18-lt\cxx-framework\src\traditional\proc\p18f2525.asm
                   CCPR1H   0x000fbf       data     extern E:\3.46\pic18-lt\cxx-framework\src\traditional\proc\p18f2525.asm
                   ADCON2   0x000fc0       data     extern E:\3.46\pic18-lt\cxx-framework\src\traditional\proc\p18f2525.asm
               ADCON2bits   0x000fc0       data     extern E:\3.46\pic18-lt\cxx-framework\src\traditional\proc\p18f2525.asm
               ADCON1bits   0x000fc1       data     extern E:\3.46\pic18-lt\cxx-framework\src\traditional\proc\p18f2525.asm
                   ADCON1   0x000fc1       data     extern E:\3.46\pic18-lt\cxx-framework\src\traditional\proc\p18f2525.asm
                   ADCON0   0x000fc2       data     extern E:\3.46\pic18-lt\cxx-framework\src\traditional\proc\p18f2525.asm
               ADCON0bits   0x000fc2       data     extern E:\3.46\pic18-lt\cxx-framework\src\traditional\proc\p18f2525.asm
                    ADRES   0x000fc3       data     extern E:\3.46\pic18-lt\cxx-framework\src\traditional\proc\p18f2525.asm
                   ADRESL   0x000fc3       data     extern E:\3.46\pic18-lt\cxx-framework\src\traditional\proc\p18f2525.asm
                   ADRESH   0x000fc4       data     extern E:\3.46\pic18-lt\cxx-framework\src\traditional\proc\p18f2525.asm
              SSPCON2bits   0x000fc5       data     extern E:\3.46\pic18-lt\cxx-framework\src\traditional\proc\p18f2525.asm
                  SSPCON2   0x000fc5       data     extern E:\3.46\pic18-lt\cxx-framework\src\traditional\proc\p18f2525.asm
              SSPCON1bits   0x000fc6       data     extern E:\3.46\pic18-lt\cxx-framework\src\traditional\proc\p18f2525.asm
                  SSPCON1   0x000fc6       data     extern E:\3.46\pic18-lt\cxx-framework\src\traditional\proc\p18f2525.asm
              SSPSTATbits   0x000fc7       data     extern E:\3.46\pic18-lt\cxx-framework\src\traditional\proc\p18f2525.asm
                  SSPSTAT   0x000fc7       data     extern E:\3.46\pic18-lt\cxx-framework\src\traditional\proc\p18f2525.asm
                   SSPADD   0x000fc8       data     extern E:\3.46\pic18-lt\cxx-framework\src\traditional\proc\p18f2525.asm
                   SSPBUF   0x000fc9       data     extern E:\3.46\pic18-lt\cxx-framework\src\traditional\proc\p18f2525.asm
                T2CONbits   0x000fca       data     extern E:\3.46\pic18-lt\cxx-framework\src\traditional\proc\p18f2525.asm
                    T2CON   0x000fca       data     extern E:\3.46\pic18-lt\cxx-framework\src\traditional\proc\p18f2525.asm
                      PR2   0x000fcb       data     extern E:\3.46\pic18-lt\cxx-framework\src\traditional\proc\p18f2525.asm
                     TMR2   0x000fcc       data     extern E:\3.46\pic18-lt\cxx-framework\src\traditional\proc\p18f2525.asm
                    T1CON   0x000fcd       data     extern E:\3.46\pic18-lt\cxx-framework\src\traditional\proc\p18f2525.asm
                T1CONbits   0x000fcd       data     extern E:\3.46\pic18-lt\cxx-framework\src\traditional\proc\p18f2525.asm
                    TMR1L   0x000fce       data     extern E:\3.46\pic18-lt\cxx-framework\src\traditional\proc\p18f2525.asm
                    TMR1H   0x000fcf       data     extern E:\3.46\pic18-lt\cxx-framework\src\traditional\proc\p18f2525.asm
                     RCON   0x000fd0       data     extern E:\3.46\pic18-lt\cxx-framework\src\traditional\proc\p18f2525.asm
                 RCONbits   0x000fd0       data     extern E:\3.46\pic18-lt\cxx-framework\src\traditional\proc\p18f2525.asm
                   WDTCON   0x000fd1       data     extern E:\3.46\pic18-lt\cxx-framework\src\traditional\proc\p18f2525.asm
               WDTCONbits   0x000fd1       data     extern E:\3.46\pic18-lt\cxx-framework\src\traditional\proc\p18f2525.asm
                  HLVDCON   0x000fd2       data     extern E:\3.46\pic18-lt\cxx-framework\src\traditional\proc\p18f2525.asm
              HLVDCONbits   0x000fd2       data     extern E:\3.46\pic18-lt\cxx-framework\src\traditional\proc\p18f2525.asm
                   LVDCON   0x000fd2       data     extern E:\3.46\pic18-lt\cxx-framework\src\traditional\proc\p18f2525.asm
               LVDCONbits   0x000fd2       data     extern E:\3.46\pic18-lt\cxx-framework\src\traditional\proc\p18f2525.asm
               OSCCONbits   0x000fd3       data     extern E:\3.46\pic18-lt\cxx-framework\src\traditional\proc\p18f2525.asm
                   OSCCON   0x000fd3       data     extern E:\3.46\pic18-lt\cxx-framework\src\traditional\proc\p18f2525.asm
                T0CONbits   0x000fd5       data     extern E:\3.46\pic18-lt\cxx-framework\src\traditional\proc\p18f2525.asm
                    T0CON   0x000fd5       data     extern E:\3.46\pic18-lt\cxx-framework\src\traditional\proc\p18f2525.asm
                    TMR0L   0x000fd6       data     extern E:\3.46\pic18-lt\cxx-framework\src\traditional\proc\p18f2525.asm
                    TMR0H   0x000fd7       data     extern E:\3.46\pic18-lt\cxx-framework\src\traditional\proc\p18f2525.asm
                   STATUS   0x000fd8       data     extern E:\3.46\pic18-lt\cxx-framework\src\traditional\proc\p18f2525.asm
               STATUSbits   0x000fd8       data     extern E:\3.46\pic18-lt\cxx-framework\src\traditional\proc\p18f2525.asm
                     FSR2   0x000fd9       data     extern E:\3.46\pic18-lt\cxx-framework\src\traditional\proc\p18f2525.asm
                    FSR2L   0x000fd9       data     extern E:\3.46\pic18-lt\cxx-framework\src\traditional\proc\p18f2525.asm
                    FSR2H   0x000fda       data     extern E:\3.46\pic18-lt\cxx-framework\src\traditional\proc\p18f2525.asm
                   PLUSW2   0x000fdb       data     extern E:\3.46\pic18-lt\cxx-framework\src\traditional\proc\p18f2525.asm
                  PREINC2   0x000fdc       data     extern E:\3.46\pic18-lt\cxx-framework\src\traditional\proc\p18f2525.asm
                 POSTDEC2   0x000fdd       data     extern E:\3.46\pic18-lt\cxx-framework\src\traditional\proc\p18f2525.asm
                 POSTINC2   0x000fde       data     extern E:\3.46\pic18-lt\cxx-framework\src\traditional\proc\p18f2525.asm
                    INDF2   0x000fdf       data     extern E:\3.46\pic18-lt\cxx-framework\src\traditional\proc\p18f2525.asm
                      BSR   0x000fe0       data     extern E:\3.46\pic18-lt\cxx-framework\src\traditional\proc\p18f2525.asm
                     FSR1   0x000fe1       data     extern E:\3.46\pic18-lt\cxx-framework\src\traditional\proc\p18f2525.asm
                    FSR1L   0x000fe1       data     extern E:\3.46\pic18-lt\cxx-framework\src\traditional\proc\p18f2525.asm
                    FSR1H   0x000fe2       data     extern E:\3.46\pic18-lt\cxx-framework\src\traditional\proc\p18f2525.asm
                   PLUSW1   0x000fe3       data     extern E:\3.46\pic18-lt\cxx-framework\src\traditional\proc\p18f2525.asm
                  PREINC1   0x000fe4       data     extern E:\3.46\pic18-lt\cxx-framework\src\traditional\proc\p18f2525.asm
                 POSTDEC1   0x000fe5       data     extern E:\3.46\pic18-lt\cxx-framework\src\traditional\proc\p18f2525.asm
                 POSTINC1   0x000fe6       data     extern E:\3.46\pic18-lt\cxx-framework\src\traditional\proc\p18f2525.asm
                    INDF1   0x000fe7       data     extern E:\3.46\pic18-lt\cxx-framework\src\traditional\proc\p18f2525.asm
                     WREG   0x000fe8       data     extern E:\3.46\pic18-lt\cxx-framework\src\traditional\proc\p18f2525.asm
                        W   0x000fe8       data     extern E:\3.46\pic18-lt\cxx-framework\src\traditional\proc\p18f2525.asm
                     FSR0   0x000fe9       data     extern E:\3.46\pic18-lt\cxx-framework\src\traditional\proc\p18f2525.asm
                    FSR0L   0x000fe9       data     extern E:\3.46\pic18-lt\cxx-framework\src\traditional\proc\p18f2525.asm
                    FSR0H   0x000fea       data     extern E:\3.46\pic18-lt\cxx-framework\src\traditional\proc\p18f2525.asm
                   PLUSW0   0x000feb       data     extern E:\3.46\pic18-lt\cxx-framework\src\traditional\proc\p18f2525.asm
                  PREINC0   0x000fec       data     extern E:\3.46\pic18-lt\cxx-framework\src\traditional\proc\p18f2525.asm
                 POSTDEC0   0x000fed       data     extern E:\3.46\pic18-lt\cxx-framework\src\traditional\proc\p18f2525.asm
                 POSTINC0   0x000fee       data     extern E:\3.46\pic18-lt\cxx-framework\src\traditional\proc\p18f2525.asm
                    INDF0   0x000fef       data     extern E:\3.46\pic18-lt\cxx-framework\src\traditional\proc\p18f2525.asm
                  INTCON3   0x000ff0       data     extern E:\3.46\pic18-lt\cxx-framework\src\traditional\proc\p18f2525.asm
              INTCON3bits   0x000ff0       data     extern E:\3.46\pic18-lt\cxx-framework\src\traditional\proc\p18f2525.asm
                  INTCON2   0x000ff1       data     extern E:\3.46\pic18-lt\cxx-framework\src\traditional\proc\p18f2525.asm
              INTCON2bits   0x000ff1       data     extern E:\3.46\pic18-lt\cxx-framework\src\traditional\proc\p18f2525.asm
               INTCONbits   0x000ff2       data     extern E:\3.46\pic18-lt\cxx-framework\src\traditional\proc\p18f2525.asm
                   INTCON   0x000ff2       data     extern E:\3.46\pic18-lt\cxx-framework\src\traditional\proc\p18f2525.asm
                    PRODL   0x000ff3       data     extern E:\3.46\pic18-lt\cxx-framework\src\traditional\proc\p18f2525.asm
                     PROD   0x000ff3       data     extern E:\3.46\pic18-lt\cxx-framework\src\traditional\proc\p18f2525.asm
                    PRODH   0x000ff4       data     extern E:\3.46\pic18-lt\cxx-framework\src\traditional\proc\p18f2525.asm
                   TABLAT   0x000ff5       data     extern E:\3.46\pic18-lt\cxx-framework\src\traditional\proc\p18f2525.asm
                  TBLPTRL   0x000ff6       data     extern E:\3.46\pic18-lt\cxx-framework\src\traditional\proc\p18f2525.asm
                   TBLPTR   0x000ff6       data     extern E:\3.46\pic18-lt\cxx-framework\src\traditional\proc\p18f2525.asm
                  TBLPTRH   0x000ff7       data     extern E:\3.46\pic18-lt\cxx-framework\src\traditional\proc\p18f2525.asm
                  TBLPTRU   0x000ff8       data     extern E:\3.46\pic18-lt\cxx-framework\src\traditional\proc\p18f2525.asm
                       PC   0x000ff9       data     extern E:\3.46\pic18-lt\cxx-framework\src\traditional\proc\p18f2525.asm
                      PCL   0x000ff9       data     extern E:\3.46\pic18-lt\cxx-framework\src\traditional\proc\p18f2525.asm
                   PCLATH   0x000ffa       data     extern E:\3.46\pic18-lt\cxx-framework\src\traditional\proc\p18f2525.asm
                   PCLATU   0x000ffb       data     extern E:\3.46\pic18-lt\cxx-framework\src\traditional\proc\p18f2525.asm
               STKPTRbits   0x000ffc       data     extern E:\3.46\pic18-lt\cxx-framework\src\traditional\proc\p18f2525.asm
                   STKPTR   0x000ffc       data     extern E:\3.46\pic18-lt\cxx-framework\src\traditional\proc\p18f2525.asm
                     TOSL   0x000ffd       data     extern E:\3.46\pic18-lt\cxx-framework\src\traditional\proc\p18f2525.asm
                      TOS   0x000ffd       data     extern E:\3.46\pic18-lt\cxx-framework\src\traditional\proc\p18f2525.asm
                     TOSH   0x000ffe       data     extern E:\3.46\pic18-lt\cxx-framework\src\traditional\proc\p18f2525.asm
                     TOSU   0x000fff       data     extern E:\3.46\pic18-lt\cxx-framework\src\traditional\proc\p18f2525.asm


